Archive member included to satisfy reference by file (symbol)

c:/program files (x86)/atmel/studio/7.0/toolchain/avr8/avr8-gnu-toolchain/bin/../lib/gcc/avr/5.4.0/../../../../avr/lib/avr5\libm.a(cmpsf2.o)
                              CPPFile1.o (__ltsf2)
c:/program files (x86)/atmel/studio/7.0/toolchain/avr8/avr8-gnu-toolchain/bin/../lib/gcc/avr/5.4.0/../../../../avr/lib/avr5\libm.a(fixunssfsi.o)
                              RoboClaw.o (__fixunssfsi)
c:/program files (x86)/atmel/studio/7.0/toolchain/avr8/avr8-gnu-toolchain/bin/../lib/gcc/avr/5.4.0/../../../../avr/lib/avr5\libm.a(floatsisf.o)
                              RoboClaw.o (__floatunsisf)
c:/program files (x86)/atmel/studio/7.0/toolchain/avr8/avr8-gnu-toolchain/bin/../lib/gcc/avr/5.4.0/../../../../avr/lib/avr5\libm.a(fp_cmp.o)
                              c:/program files (x86)/atmel/studio/7.0/toolchain/avr8/avr8-gnu-toolchain/bin/../lib/gcc/avr/5.4.0/../../../../avr/lib/avr5\libm.a(cmpsf2.o) (__fp_cmp)
c:/program files (x86)/atmel/studio/7.0/toolchain/avr8/avr8-gnu-toolchain/bin/../lib/gcc/avr/5.4.0/../../../../avr/lib/avr5\libm.a(fp_split3.o)
                              c:/program files (x86)/atmel/studio/7.0/toolchain/avr8/avr8-gnu-toolchain/bin/../lib/gcc/avr/5.4.0/../../../../avr/lib/avr5\libm.a(fixunssfsi.o) (__fp_splitA)
c:/program files (x86)/atmel/studio/7.0/toolchain/avr8/avr8-gnu-toolchain/bin/../lib/gcc/avr/5.4.0/../../../../avr/lib/avr5\libm.a(fp_zero.o)
                              c:/program files (x86)/atmel/studio/7.0/toolchain/avr8/avr8-gnu-toolchain/bin/../lib/gcc/avr/5.4.0/../../../../avr/lib/avr5\libm.a(fixunssfsi.o) (__fp_zero)
c:/program files (x86)/atmel/studio/7.0/toolchain/avr8/avr8-gnu-toolchain/bin/../lib/gcc/avr/5.4.0/../../../../avr/lib/avr5\libm.a(gesf2.o)
                              CPPFile1.o (__gesf2)
c:/program files (x86)/atmel/studio/7.0/toolchain/avr8/avr8-gnu-toolchain/bin/../lib/gcc/avr/5.4.0/../../../../avr/lib/avr5\libm.a(mulsf3.o)
                              RoboClaw.o (__mulsf3)
c:/program files (x86)/atmel/studio/7.0/toolchain/avr8/avr8-gnu-toolchain/bin/../lib/gcc/avr/5.4.0/../../../../avr/lib/avr5\libm.a(mulsf3x.o)
                              c:/program files (x86)/atmel/studio/7.0/toolchain/avr8/avr8-gnu-toolchain/bin/../lib/gcc/avr/5.4.0/../../../../avr/lib/avr5\libm.a(mulsf3.o) (__mulsf3x)
c:/program files (x86)/atmel/studio/7.0/toolchain/avr8/avr8-gnu-toolchain/bin/../lib/gcc/avr/5.4.0/../../../../avr/lib/avr5\libm.a(fp_inf.o)
                              c:/program files (x86)/atmel/studio/7.0/toolchain/avr8/avr8-gnu-toolchain/bin/../lib/gcc/avr/5.4.0/../../../../avr/lib/avr5\libm.a(mulsf3x.o) (__fp_inf)
c:/program files (x86)/atmel/studio/7.0/toolchain/avr8/avr8-gnu-toolchain/bin/../lib/gcc/avr/5.4.0/../../../../avr/lib/avr5\libm.a(fp_nan.o)
                              c:/program files (x86)/atmel/studio/7.0/toolchain/avr8/avr8-gnu-toolchain/bin/../lib/gcc/avr/5.4.0/../../../../avr/lib/avr5\libm.a(mulsf3x.o) (__fp_nan)
c:/program files (x86)/atmel/studio/7.0/toolchain/avr8/avr8-gnu-toolchain/bin/../lib/gcc/avr/5.4.0/../../../../avr/lib/avr5\libm.a(fp_pscA.o)
                              c:/program files (x86)/atmel/studio/7.0/toolchain/avr8/avr8-gnu-toolchain/bin/../lib/gcc/avr/5.4.0/../../../../avr/lib/avr5\libm.a(mulsf3x.o) (__fp_pscA)
c:/program files (x86)/atmel/studio/7.0/toolchain/avr8/avr8-gnu-toolchain/bin/../lib/gcc/avr/5.4.0/../../../../avr/lib/avr5\libm.a(fp_pscB.o)
                              c:/program files (x86)/atmel/studio/7.0/toolchain/avr8/avr8-gnu-toolchain/bin/../lib/gcc/avr/5.4.0/../../../../avr/lib/avr5\libm.a(mulsf3x.o) (__fp_pscB)
c:/program files (x86)/atmel/studio/7.0/toolchain/avr8/avr8-gnu-toolchain/bin/../lib/gcc/avr/5.4.0/../../../../avr/lib/avr5\libm.a(fp_round.o)
                              c:/program files (x86)/atmel/studio/7.0/toolchain/avr8/avr8-gnu-toolchain/bin/../lib/gcc/avr/5.4.0/../../../../avr/lib/avr5\libm.a(mulsf3.o) (__fp_round)
C:\Users\booth\Documents\Atmel Studio\7.0\ArduinoSketch4\ArduinoSketch4\ArduinoCore\Debug\libArduinoCore.a(HardwareSerial.o)
                              CPPFile1.o (_ZN14HardwareSerial5beginEmh)
C:\Users\booth\Documents\Atmel Studio\7.0\ArduinoSketch4\ArduinoSketch4\ArduinoCore\Debug\libArduinoCore.a(HardwareSerial0.o)
                              CPPFile1.o (Serial)
C:\Users\booth\Documents\Atmel Studio\7.0\ArduinoSketch4\ArduinoSketch4\ArduinoCore\Debug\libArduinoCore.a(main.o)
                              C:/Program Files (x86)/Atmel/Studio/7.0/Packs/atmel/ATmega_DFP/1.2.209/gcc/dev/atmega328p/avr5/crtatmega328p.o (main)
C:\Users\booth\Documents\Atmel Studio\7.0\ArduinoSketch4\ArduinoSketch4\ArduinoCore\Debug\libArduinoCore.a(Print.o)
                              RoboClaw.o (_ZN5Print5writeEPKhj)
C:\Users\booth\Documents\Atmel Studio\7.0\ArduinoSketch4\ArduinoSketch4\ArduinoCore\Debug\libArduinoCore.a(wiring.o)
                              RoboClaw.o (micros)
[...]
Memory Configuration

Name             Origin             Length             Attributes
text             0x00000000         0x00020000         xr
data             0x00800060         0x0000ffa0         rw !x
eeprom           0x00810000         0x00010000         rw !x
fuse             0x00820000         0x00000003         rw !x
lock             0x00830000         0x00000400         rw !x
signature        0x00840000         0x00000400         rw !x
user_signatures  0x00850000         0x00000400         rw !x
*default*        0x00000000         0xffffffff

Linker script and memory map

Address of section .data set to 0x800100
LOAD C:/Program Files (x86)/Atmel/Studio/7.0/Packs/atmel/ATmega_DFP/1.2.209/gcc/dev/atmega328p/avr5/crtatmega328p.o
LOAD CPPFile1.o
LOAD RoboClaw.o
LOAD Sketch.o
START GROUP
LOAD c:/program files (x86)/atmel/studio/7.0/toolchain/avr8/avr8-gnu-toolchain/bin/../lib/gcc/avr/5.4.0/../../../../avr/lib/avr5\libm.a
LOAD C:\Users\booth\Documents\Atmel Studio\7.0\ArduinoSketch4\ArduinoSketch4\ArduinoCore\Debug\libArduinoCore.a
END GROUP
LOAD c:/program files (x86)/atmel/studio/7.0/toolchain/avr8/avr8-gnu-toolchain/bin/../lib/gcc/avr/5.4.0/avr5\libgcc.a
LOAD c:/program files (x86)/atmel/studio/7.0/toolchain/avr8/avr8-gnu-toolchain/bin/../lib/gcc/avr/5.4.0/../../../../avr/lib/avr5\libm.a
START GROUP
LOAD c:/program files (x86)/atmel/studio/7.0/toolchain/avr8/avr8-gnu-toolchain/bin/../lib/gcc/avr/5.4.0/avr5\libgcc.a
LOAD c:/program files (x86)/atmel/studio/7.0/toolchain/avr8/avr8-gnu-toolchain/bin/../lib/gcc/avr/5.4.0/../../../../avr/lib/avr5\libm.a
LOAD c:/program files (x86)/atmel/studio/7.0/toolchain/avr8/avr8-gnu-toolchain/bin/../lib/gcc/avr/5.4.0/../../../../avr/lib/avr5\libc.a
LOAD C:/Program Files (x86)/Atmel/Studio/7.0/Packs/atmel/ATmega_DFP/1.2.209/gcc/dev/atmega328p/avr5\libatmega328p.a
END GROUP
                0x00020000                __TEXT_REGION_LENGTH__ = DEFINED (__TEXT_REGION_LENGTH__)?__TEXT_REGION_LENGTH__:0x20000
                0x0000ffa0                __DATA_REGION_LENGTH__ = DEFINED (__DATA_REGION_LENGTH__)?__DATA_REGION_LENGTH__:0xffa0
                0x00010000                __EEPROM_REGION_LENGTH__ = DEFINED (__EEPROM_REGION_LENGTH__)?__EEPROM_REGION_LENGTH__:0x10000
                [0x00000003]                __FUSE_REGION_LENGTH__ = DEFINED (__FUSE_REGION_LENGTH__)?__FUSE_REGION_LENGTH__:0x400
                0x00000400                __LOCK_REGION_LENGTH__ = DEFINED (__LOCK_REGION_LENGTH__)?__LOCK_REGION_LENGTH__:0x400
                0x00000400                __SIGNATURE_REGION_LENGTH__ = DEFINED (__SIGNATURE_REGION_LENGTH__)?__SIGNATURE_REGION_LENGTH__:0x400
                0x00000400                __USER_SIGNATURE_REGION_LENGTH__ = DEFINED (__USER_SIGNATURE_REGION_LENGTH__)?__USER_SIGNATURE_REGION_LENGTH__:0x400

.hash
 *(.hash)

.dynsym
 *(.dynsym)

.dynstr
 *(.dynstr)

.gnu.version
 *(.gnu.version)

.gnu.version_d
 *(.gnu.version_d)

.gnu.version_r
 *(.gnu.version_r)

.rel.init
 *(.rel.init)

.rela.init
 *(.rela.init)

.rel.text
 *(.rel.text)
 *(.rel.text.*)
 *(.rel.gnu.linkonce.t*)

.rela.text
 *(.rela.text)
 *(.rela.text.*)
 *(.rela.gnu.linkonce.t*)

.rel.fini
 *(.rel.fini)

.rela.fini
 *(.rela.fini)

.rel.rodata
 *(.rel.rodata)
 *(.rel.rodata.*)
 *(.rel.gnu.linkonce.r*)

.rela.rodata
 *(.rela.rodata)
 *(.rela.rodata.*)
 *(.rela.gnu.linkonce.r*)

.rel.data
 *(.rel.data)
 *(.rel.data.*)
 *(.rel.gnu.linkonce.d*)

.rela.data
 *(.rela.data)
 *(.rela.data.*)
 *(.rela.gnu.linkonce.d*)

.rel.ctors
 *(.rel.ctors)

.rela.ctors
 *(.rela.ctors)

.rel.dtors
 *(.rel.dtors)

.rela.dtors
 *(.rela.dtors)

.rel.got
 *(.rel.got)

.rela.got
 *(.rela.got)

.rel.bss
 *(.rel.bss)

.rela.bss
 *(.rela.bss)

.rel.plt
 *(.rel.plt)

.rela.plt
 *(.rela.plt)

.text           0x00000000     0x1af0
 *(.vectors)
 .vectors       0x00000000       0x68 C:/Program Files (x86)/Atmel/Studio/7.0/Packs/atmel/ATmega_DFP/1.2.209/gcc/dev/atmega328p/avr5/crtatmega328p.o
                0x00000000                __vector_default
                0x00000000                __vectors
 *(.vectors)
 *(.progmem.gcc*)
                0x00000068                . = ALIGN (0x2)
                0x00000068                __trampolines_start = .
 *(.trampolines)
 .trampolines   0x00000068        0x0 linker stubs
 *(.trampolines*)
                0x00000068                __trampolines_end = .
 *libprintf_flt.a:*(.progmem.data)
 *libc.a:*(.progmem.data)
 *(.progmem*)
 .progmem.data.digital_pin_to_timer_PGM
                0x00000068       0x14 C:\Users\booth\Documents\Atmel Studio\7.0\ArduinoSketch4\ArduinoSketch4\ArduinoCore\Debug\libArduinoCore.a(wiring_digital.o)
                0x00000068                digital_pin_to_timer_PGM
 .progmem.data.digital_pin_to_bit_mask_PGM
                0x0000007c       0x14 C:\Users\booth\Documents\Atmel Studio\7.0\ArduinoSketch4\ArduinoSketch4\ArduinoCore\Debug\libArduinoCore.a(wiring_digital.o)
                0x0000007c                digital_pin_to_bit_mask_PGM
 .progmem.data.digital_pin_to_port_PGM
                0x00000090       0x14 C:\Users\booth\Documents\Atmel Studio\7.0\ArduinoSketch4\ArduinoSketch4\ArduinoCore\Debug\libArduinoCore.a(wiring_digital.o)
                0x00000090                digital_pin_to_port_PGM
 .progmem.data.port_to_input_PGM
                0x000000a4        0xa C:\Users\booth\Documents\Atmel Studio\7.0\ArduinoSketch4\ArduinoSketch4\ArduinoCore\Debug\libArduinoCore.a(wiring_digital.o)
                0x000000a4                port_to_input_PGM
 .progmem.data.port_to_output_PGM
                0x000000ae        0xa C:\Users\booth\Documents\Atmel Studio\7.0\ArduinoSketch4\ArduinoSketch4\ArduinoCore\Debug\libArduinoCore.a(wiring_digital.o)
                0x000000ae                port_to_output_PGM
 .progmem.data.port_to_mode_PGM
                0x000000b8        0xa C:\Users\booth\Documents\Atmel Studio\7.0\ArduinoSketch4\ArduinoSketch4\ArduinoCore\Debug\libArduinoCore.a(wiring_digital.o)
                0x000000b8                port_to_mode_PGM
                0x000000c2                . = ALIGN (0x2)
 *(.jumptables)
 *(.jumptables*)
 *(.lowtext)
 *(.lowtext*)
                0x000000c2                __ctors_start = .
 *(.ctors)
 .ctors         0x000000c2        0x2 CPPFile1.o
 .ctors         0x000000c4        0x2 C:\Users\booth\Documents\Atmel Studio\7.0\ArduinoSketch4\ArduinoSketch4\ArduinoCore\Debug\libArduinoCore.a(HardwareSerial0.o)
                0x000000c6                __ctors_end = .
                0x000000c6                __dtors_start = .
 *(.dtors)
 .dtors         0x000000c6        0x2 CPPFile1.o
                0x000000c8                __dtors_end = .
 SORT(*)(.ctors)
 SORT(*)(.dtors)
 *(.init0)
 .init0         0x000000c8        0x0 C:/Program Files (x86)/Atmel/Studio/7.0/Packs/atmel/ATmega_DFP/1.2.209/gcc/dev/atmega328p/avr5/crtatmega328p.o
                0x000000c8                __init
 *(.init0)
 *(.init1)
 *(.init1)
 *(.init2)
 .init2         0x000000c8        0xc C:/Program Files (x86)/Atmel/Studio/7.0/Packs/atmel/ATmega_DFP/1.2.209/gcc/dev/atmega328p/avr5/crtatmega328p.o
 *(.init2)
 *(.init3)
 *(.init3)
 *(.init4)
 .init4         0x000000d4       0x16 c:/program files (x86)/atmel/studio/7.0/toolchain/avr8/avr8-gnu-toolchain/bin/../lib/gcc/avr/5.4.0/avr5\libgcc.a(_copy_data.o)
                0x000000d4                __do_copy_data
 .init4         0x000000ea       0x10 c:/program files (x86)/atmel/studio/7.0/toolchain/avr8/avr8-gnu-toolchain/bin/../lib/gcc/avr/5.4.0/avr5\libgcc.a(_clear_bss.o)
                0x000000ea                __do_clear_bss
 *(.init4)
 *(.init5)
 *(.init5)
 *(.init6)
 .init6         0x000000fa       0x16 c:/program files (x86)/atmel/studio/7.0/toolchain/avr8/avr8-gnu-toolchain/bin/../lib/gcc/avr/5.4.0/avr5\libgcc.a(_ctors.o)
                0x000000fa                __do_global_ctors
 *(.init6)
 *(.init7)
 *(.init7)
 *(.init8)
 *(.init8)
 *(.init9)
 .init9         0x00000110        0x8 C:/Program Files (x86)/Atmel/Studio/7.0/Packs/atmel/ATmega_DFP/1.2.209/gcc/dev/atmega328p/avr5/crtatmega328p.o
 *(.init9)
 *(.text)
 .text          0x00000118        0x4 C:/Program Files (x86)/Atmel/Studio/7.0/Packs/atmel/ATmega_DFP/1.2.209/gcc/dev/atmega328p/avr5/crtatmega328p.o
                0x00000118                __vector_22
                0x00000118                __vector_1
                0x00000118                __vector_24
                0x00000118                __vector_12
                0x00000118                __bad_interrupt
                0x00000118                __vector_6
                0x00000118                __vector_23
                0x00000118                __vector_25
                0x00000118                __vector_11
                0x00000118                __vector_13
                0x00000118                __vector_17
                0x00000118                __vector_7
                0x00000118                __vector_9
                0x00000118                __vector_2
                0x00000118                __vector_21
                0x00000118                __vector_15
                0x00000118                __vector_8
                0x00000118                __vector_14
                0x00000118                __vector_10
                0x00000118                __vector_20
                0x0000011c                . = ALIGN (0x2)
 *(.text.*)
 .text.setup    0x0000011c       0x4c CPPFile1.o
                0x0000011c                setup
 .text.loop     0x00000168      0x16c CPPFile1.o
                0x00000168                loop
 .text.startup._GLOBAL__sub_I_serial
                0x000002d4       0x22 CPPFile1.o
 .text.exit._GLOBAL__sub_D_serial
                0x000002f6       0x10 CPPFile1.o
 .text._ZN5Print17availableForWriteEv
                0x00000306        0x6 RoboClaw.o
                0x00000306                _ZN5Print17availableForWriteEv
 .text._ZN8RoboClaw5flushEv
                0x0000030c       0x1e RoboClaw.o
                0x0000030c                _ZN8RoboClaw5flushEv
 .text._ZN8RoboClaw9availableEv
                0x0000032a       0x2c RoboClaw.o
                0x0000032a                _ZN8RoboClaw9availableEv
 .text._ZN8RoboClaw4readEv
                0x00000356       0x2c RoboClaw.o
                0x00000356                _ZN8RoboClaw4readEv
 .text._ZN8RoboClaw5writeEh
                0x00000382       0x2c RoboClaw.o
                0x00000382                _ZN8RoboClaw5writeEh
 .text._ZN8RoboClaw4peekEv
                0x000003ae       0x2c RoboClaw.o
                0x000003ae                _ZN8RoboClaw4peekEv
 .text._ZN8RoboClawC2EP14SoftwareSerialm
                0x000003da       0x30 RoboClaw.o
                0x000003da                _ZN8RoboClawC1EP14SoftwareSerialm
                0x000003da                _ZN8RoboClawC2EP14SoftwareSerialm
 .text._ZN8RoboClawD2Ev
                0x0000040a        0x2 RoboClaw.o
                0x0000040a                _ZN8RoboClawD2Ev
                0x0000040a                _ZN8RoboClawD1Ev
 .text._ZN8RoboClaw5beginEl
                0x0000040c       0x18 RoboClaw.o
                0x0000040c                _ZN8RoboClaw5beginEl
 .text._ZN8RoboClaw4readEm
                0x00000424       0xf0 RoboClaw.o
                0x00000424                _ZN8RoboClaw4readEm
 .text._ZN8RoboClaw10crc_updateEh
                0x00000514       0x32 RoboClaw.o
                0x00000514                _ZN8RoboClaw10crc_updateEh
 .text._ZN8RoboClaw7write_nEhz
                0x00000546       0xbc RoboClaw.o
                0x00000546                _ZN8RoboClaw7write_nEhz
 .text._ZN8RoboClaw9ForwardM1Ehh
                0x00000602       0x2c RoboClaw.o
                0x00000602                _ZN8RoboClaw9ForwardM1Ehh
 .text._ZN8RoboClaw10BackwardM1Ehh
                0x0000062e       0x2e RoboClaw.o
                0x0000062e                _ZN8RoboClaw10BackwardM1Ehh
 .text.avr-libc.fplib
                0x0000065c        0xa c:/program files (x86)/atmel/studio/7.0/toolchain/avr8/avr8-gnu-toolchain/bin/../lib/gcc/avr/5.4.0/../../../../avr/lib/avr5\libm.a(cmpsf2.o)
                0x0000065c                __nesf2
                0x0000065c                __eqsf2
                0x0000065c                __cmpsf2
                0x0000065c                __ltsf2
                0x0000065c                __lesf2
 .text.avr-libc.fplib
                0x00000666       0x5e c:/program files (x86)/atmel/studio/7.0/toolchain/avr8/avr8-gnu-toolchain/bin/../lib/gcc/avr/5.4.0/../../../../avr/lib/avr5\libm.a(fixunssfsi.o)
                0x00000666                __fixunssfsi
 .text.avr-libc.fplib
                0x000006c4       0x7a c:/program files (x86)/atmel/studio/7.0/toolchain/avr8/avr8-gnu-toolchain/bin/../lib/gcc/avr/5.4.0/../../../../avr/lib/avr5\libm.a(floatsisf.o)
                0x000006c4                __floatunsisf
                0x000006c8                __floatsisf
 .text.avr-libc.fplib
                0x0000073e       0x48 c:/program files (x86)/atmel/studio/7.0/toolchain/avr8/avr8-gnu-toolchain/bin/../lib/gcc/avr/5.4.0/../../../../avr/lib/avr5\libm.a(fp_cmp.o)
                0x0000073e                __fp_cmp
 .text.avr-libc.fplib
                0x00000786       0x44 c:/program files (x86)/atmel/studio/7.0/toolchain/avr8/avr8-gnu-toolchain/bin/../lib/gcc/avr/5.4.0/../../../../avr/lib/avr5\libm.a(fp_split3.o)
                0x00000786                __fp_split3
                0x00000796                __fp_splitA
 .text.avr-libc.fplib
                0x000007ca        0xe c:/program files (x86)/atmel/studio/7.0/toolchain/avr8/avr8-gnu-toolchain/bin/../lib/gcc/avr/5.4.0/../../../../avr/lib/avr5\libm.a(fp_zero.o)
                0x000007ca                __fp_zero
                0x000007cc                __fp_szero
 .text.avr-libc.fplib
                0x000007d8        0xa c:/program files (x86)/atmel/studio/7.0/toolchain/avr8/avr8-gnu-toolchain/bin/../lib/gcc/avr/5.4.0/../../../../avr/lib/avr5\libm.a(gesf2.o)
                0x000007d8                __gesf2
                0x000007d8                __gtsf2
 .text.avr-libc.fplib
                0x000007e2        0x8 c:/program files (x86)/atmel/studio/7.0/toolchain/avr8/avr8-gnu-toolchain/bin/../lib/gcc/avr/5.4.0/../../../../avr/lib/avr5\libm.a(mulsf3.o)
                0x000007e2                __mulsf3
 .text.avr-libc.fplib
                0x000007ea       0xd2 c:/program files (x86)/atmel/studio/7.0/toolchain/avr8/avr8-gnu-toolchain/bin/../lib/gcc/avr/5.4.0/../../../../avr/lib/avr5\libm.a(mulsf3x.o)
                0x00000808                __mulsf3x
                0x0000080e                __mulsf3_pse
 .text.avr-libc.fplib
                0x000008bc        0xc c:/program files (x86)/atmel/studio/7.0/toolchain/avr8/avr8-gnu-toolchain/bin/../lib/gcc/avr/5.4.0/../../../../avr/lib/avr5\libm.a(fp_inf.o)
                0x000008bc                __fp_inf
 .text.avr-libc.fplib
                0x000008c8        0x6 c:/program files (x86)/atmel/studio/7.0/toolchain/avr8/avr8-gnu-toolchain/bin/../lib/gcc/avr/5.4.0/../../../../avr/lib/avr5\libm.a(fp_nan.o)
                0x000008c8                __fp_nan
 .text.avr-libc.fplib
                0x000008ce        0xe c:/program files (x86)/atmel/studio/7.0/toolchain/avr8/avr8-gnu-toolchain/bin/../lib/gcc/avr/5.4.0/../../../../avr/lib/avr5\libm.a(fp_pscA.o)
                0x000008ce                __fp_pscA
 .text.avr-libc.fplib
                0x000008dc        0xe c:/program files (x86)/atmel/studio/7.0/toolchain/avr8/avr8-gnu-toolchain/bin/../lib/gcc/avr/5.4.0/../../../../avr/lib/avr5\libm.a(fp_pscB.o)
                0x000008dc                __fp_pscB
 .text.avr-libc.fplib
                0x000008ea       0x22 c:/program files (x86)/atmel/studio/7.0/toolchain/avr8/avr8-gnu-toolchain/bin/../lib/gcc/avr/5.4.0/../../../../avr/lib/avr5\libm.a(fp_round.o)
                0x000008ea                __fp_round
 .text._ZN14HardwareSerial9availableEv
                0x0000090c       0x18 C:\Users\booth\Documents\Atmel Studio\7.0\ArduinoSketch4\ArduinoSketch4\ArduinoCore\Debug\libArduinoCore.a(HardwareSerial.o)
                0x0000090c                _ZN14HardwareSerial9availableEv
 .text._ZN14HardwareSerial4peekEv
                0x00000924       0x1c C:\Users\booth\Documents\Atmel Studio\7.0\ArduinoSketch4\ArduinoSketch4\ArduinoCore\Debug\libArduinoCore.a(HardwareSerial.o)
                0x00000924                _ZN14HardwareSerial4peekEv
 .text._ZN14HardwareSerial4readEv
                0x00000940       0x28 C:\Users\booth\Documents\Atmel Studio\7.0\ArduinoSketch4\ArduinoSketch4\ArduinoCore\Debug\libArduinoCore.a(HardwareSerial.o)
                0x00000940                _ZN14HardwareSerial4readEv
 .text._ZN14HardwareSerial17availableForWriteEv
                0x00000968       0x1e C:\Users\booth\Documents\Atmel Studio\7.0\ArduinoSketch4\ArduinoSketch4\ArduinoCore\Debug\libArduinoCore.a(HardwareSerial.o)
                0x00000968                _ZN14HardwareSerial17availableForWriteEv
 .text._Z14serialEventRunv
                0x00000986       0x1c C:\Users\booth\Documents\Atmel Studio\7.0\ArduinoSketch4\ArduinoSketch4\ArduinoCore\Debug\libArduinoCore.a(HardwareSerial.o)
                0x00000986                _Z14serialEventRunv
 .text._ZN14HardwareSerial17_tx_udr_empty_irqEv
                0x000009a2       0x44 C:\Users\booth\Documents\Atmel Studio\7.0\ArduinoSketch4\ArduinoSketch4\ArduinoCore\Debug\libArduinoCore.a(HardwareSerial.o)
                0x000009a2                _ZN14HardwareSerial17_tx_udr_empty_irqEv
 .text._ZN14HardwareSerial5writeEh
                0x000009e6       0x9a C:\Users\booth\Documents\Atmel Studio\7.0\ArduinoSketch4\ArduinoSketch4\ArduinoCore\Debug\libArduinoCore.a(HardwareSerial.o)
                0x000009e6                _ZN14HardwareSerial5writeEh
 .text._ZN14HardwareSerial5flushEv
                0x00000a80       0x44 C:\Users\booth\Documents\Atmel Studio\7.0\ArduinoSketch4\ArduinoSketch4\ArduinoCore\Debug\libArduinoCore.a(HardwareSerial.o)
                0x00000a80                _ZN14HardwareSerial5flushEv
 .text._ZN14HardwareSerial5beginEmh
                0x00000ac4       0xca C:\Users\booth\Documents\Atmel Studio\7.0\ArduinoSketch4\ArduinoSketch4\ArduinoCore\Debug\libArduinoCore.a(HardwareSerial.o)
                0x00000ac4                _ZN14HardwareSerial5beginEmh
 .text.__vector_18
                0x00000b8e       0x64 C:\Users\booth\Documents\Atmel Studio\7.0\ArduinoSketch4\ArduinoSketch4\ArduinoCore\Debug\libArduinoCore.a(HardwareSerial0.o)
                0x00000b8e                __vector_18
 .text.__vector_19
                0x00000bf2       0x4c C:\Users\booth\Documents\Atmel Studio\7.0\ArduinoSketch4\ArduinoSketch4\ArduinoCore\Debug\libArduinoCore.a(HardwareSerial0.o)
                0x00000bf2                __vector_19
 .text._Z17Serial0_availablev
                0x00000c3e       0x14 C:\Users\booth\Documents\Atmel Studio\7.0\ArduinoSketch4\ArduinoSketch4\ArduinoCore\Debug\libArduinoCore.a(HardwareSerial0.o)
                0x00000c3e                _Z17Serial0_availablev
 .text.startup._GLOBAL__sub_I___vector_18
                0x00000c52       0x5a C:\Users\booth\Documents\Atmel Studio\7.0\ArduinoSketch4\ArduinoSketch4\ArduinoCore\Debug\libArduinoCore.a(HardwareSerial0.o)
 .text.initVariant
                0x00000cac        0x2 C:\Users\booth\Documents\Atmel Studio\7.0\ArduinoSketch4\ArduinoSketch4\ArduinoCore\Debug\libArduinoCore.a(main.o)
                0x00000cac                initVariant
 .text.startup.main
                0x00000cae       0x1e C:\Users\booth\Documents\Atmel Studio\7.0\ArduinoSketch4\ArduinoSketch4\ArduinoCore\Debug\libArduinoCore.a(main.o)
                0x00000cae                main
 .text._ZN5Print5writeEPKhj
                0x00000ccc       0x54 C:\Users\booth\Documents\Atmel Studio\7.0\ArduinoSketch4\ArduinoSketch4\ArduinoCore\Debug\libArduinoCore.a(Print.o)
                0x00000ccc                _ZN5Print5writeEPKhj
 .text._ZN5Print5writeEPKc
                0x00000d20       0x2a C:\Users\booth\Documents\Atmel Studio\7.0\ArduinoSketch4\ArduinoSketch4\ArduinoCore\Debug\libArduinoCore.a(Print.o)
                0x00000d20                _ZN5Print5writeEPKc
 .text._ZN5Print5printEc
                0x00000d4a        0xe C:\Users\booth\Documents\Atmel Studio\7.0\ArduinoSketch4\ArduinoSketch4\ArduinoCore\Debug\libArduinoCore.a(Print.o)
                0x00000d4a                _ZN5Print5printEc
 .text._ZN5Print11printNumberEmh
                0x00000d58       0x92 C:\Users\booth\Documents\Atmel Studio\7.0\ArduinoSketch4\ArduinoSketch4\ArduinoCore\Debug\libArduinoCore.a(Print.o)
                0x00000d58                _ZN5Print11printNumberEmh
 .text._ZN5Print5printEmi
                0x00000dea       0x1a C:\Users\booth\Documents\Atmel Studio\7.0\ArduinoSketch4\ArduinoSketch4\ArduinoCore\Debug\libArduinoCore.a(Print.o)
                0x00000dea                _ZN5Print5printEmi
 .text._ZN5Print5printEji
                0x00000e04        0xc C:\Users\booth\Documents\Atmel Studio\7.0\ArduinoSketch4\ArduinoSketch4\ArduinoCore\Debug\libArduinoCore.a(Print.o)
                0x00000e04                _ZN5Print5printEji
 .text._ZN5Print10printFloatEdh
                0x00000e10      0x1b6 C:\Users\booth\Documents\Atmel Studio\7.0\ArduinoSketch4\ArduinoSketch4\ArduinoCore\Debug\libArduinoCore.a(Print.o)
                0x00000e10                _ZN5Print10printFloatEdh
 .text._ZN5Print5printEdi
                0x00000fc6        0x4 C:\Users\booth\Documents\Atmel Studio\7.0\ArduinoSketch4\ArduinoSketch4\ArduinoCore\Debug\libArduinoCore.a(Print.o)
                0x00000fc6                _ZN5Print5printEdi
 .text.__vector_16
                0x00000fca       0x94 C:\Users\booth\Documents\Atmel Studio\7.0\ArduinoSketch4\ArduinoSketch4\ArduinoCore\Debug\libArduinoCore.a(wiring.o)
                0x00000fca                __vector_16
 .text.micros   0x0000105e       0x4a C:\Users\booth\Documents\Atmel Studio\7.0\ArduinoSketch4\ArduinoSketch4\ArduinoCore\Debug\libArduinoCore.a(wiring.o)
                0x0000105e                micros
 .text.init     0x000010a8       0x76 C:\Users\booth\Documents\Atmel Studio\7.0\ArduinoSketch4\ArduinoSketch4\ArduinoCore\Debug\libArduinoCore.a(wiring.o)
                0x000010a8                init
 .text.analogRead
                0x0000111e       0x3a C:\Users\booth\Documents\Atmel Studio\7.0\ArduinoSketch4\ArduinoSketch4\ArduinoCore\Debug\libArduinoCore.a(wiring_analog.o)
                0x0000111e                analogRead
 .text.turnOffPWM
                0x00001158       0x52 C:\Users\booth\Documents\Atmel Studio\7.0\ArduinoSketch4\ArduinoSketch4\ArduinoCore\Debug\libArduinoCore.a(wiring_digital.o)
 .text.pinMode  0x000011aa       0x78 C:\Users\booth\Documents\Atmel Studio\7.0\ArduinoSketch4\ArduinoSketch4\ArduinoCore\Debug\libArduinoCore.a(wiring_digital.o)
                0x000011aa                pinMode
 .text.digitalWrite
                0x00001222       0x5e C:\Users\booth\Documents\Atmel Studio\7.0\ArduinoSketch4\ArduinoSketch4\ArduinoCore\Debug\libArduinoCore.a(wiring_digital.o)
                0x00001222                digitalWrite
 .text._Z3maplllll
                0x00001280       0x82 C:\Users\booth\Documents\Atmel Studio\7.0\ArduinoSketch4\ArduinoSketch4\ArduinoCore\Debug\libArduinoCore.a(WMath.o)
                0x00001280                _Z3maplllll
 .text._ZN14SoftwareSerial4readEv
                0x00001302       0x42 C:\Users\booth\Documents\Atmel Studio\7.0\ArduinoSketch4\ArduinoSketch4\ArduinoCore\Debug\libArduinoCore.a(SoftwareSerial.o)
                0x00001302                _ZN14SoftwareSerial4readEv
 .text._ZN14SoftwareSerial5writeEh
                0x00001344       0xa0 C:\Users\booth\Documents\Atmel Studio\7.0\ArduinoSketch4\ArduinoSketch4\ArduinoCore\Debug\libArduinoCore.a(SoftwareSerial.o)
                0x00001344                _ZN14SoftwareSerial5writeEh
 .text._ZN14SoftwareSerial5flushEv
                0x000013e4        0x2 C:\Users\booth\Documents\Atmel Studio\7.0\ArduinoSketch4\ArduinoSketch4\ArduinoCore\Debug\libArduinoCore.a(SoftwareSerial.o)
                0x000013e4                _ZN14SoftwareSerial5flushEv
 .text._ZN14SoftwareSerial4peekEv
                0x000013e6       0x30 C:\Users\booth\Documents\Atmel Studio\7.0\ArduinoSketch4\ArduinoSketch4\ArduinoCore\Debug\libArduinoCore.a(SoftwareSerial.o)
                0x000013e6                _ZN14SoftwareSerial4peekEv
 .text._ZN14SoftwareSerial9availableEv
                0x00001416       0x30 C:\Users\booth\Documents\Atmel Studio\7.0\ArduinoSketch4\ArduinoSketch4\ArduinoCore\Debug\libArduinoCore.a(SoftwareSerial.o)
                0x00001416                _ZN14SoftwareSerial9availableEv
 .text._ZN14SoftwareSerial13stopListeningEv
                0x00001446       0x2c C:\Users\booth\Documents\Atmel Studio\7.0\ArduinoSketch4\ArduinoSketch4\ArduinoCore\Debug\libArduinoCore.a(SoftwareSerial.o)
                0x00001446                _ZN14SoftwareSerial13stopListeningEv
 .text._ZN14SoftwareSerial6listenEv
                0x00001472       0x52 C:\Users\booth\Documents\Atmel Studio\7.0\ArduinoSketch4\ArduinoSketch4\ArduinoCore\Debug\libArduinoCore.a(SoftwareSerial.o)
                0x00001472                _ZN14SoftwareSerial6listenEv
 .text.__vector_3
                0x000014c4       0xf4 C:\Users\booth\Documents\Atmel Studio\7.0\ArduinoSketch4\ArduinoSketch4\ArduinoCore\Debug\libArduinoCore.a(SoftwareSerial.o)
                0x000014c4                __vector_5
                0x000014c4                __vector_4
                0x000014c4                __vector_3
 .text._ZN14SoftwareSerialD2Ev
                0x000015b8        0xe C:\Users\booth\Documents\Atmel Studio\7.0\ArduinoSketch4\ArduinoSketch4\ArduinoCore\Debug\libArduinoCore.a(SoftwareSerial.o)
                0x000015b8                _ZN14SoftwareSerialD1Ev
                0x000015b8                _ZN14SoftwareSerialD2Ev
 .text._ZN14SoftwareSerial5setTXEh
                0x000015c6       0x52 C:\Users\booth\Documents\Atmel Studio\7.0\ArduinoSketch4\ArduinoSketch4\ArduinoCore\Debug\libArduinoCore.a(SoftwareSerial.o)
                0x000015c6                _ZN14SoftwareSerial5setTXEh
 .text._ZN14SoftwareSerial5setRXEh
                0x00001618       0x52 C:\Users\booth\Documents\Atmel Studio\7.0\ArduinoSketch4\ArduinoSketch4\ArduinoCore\Debug\libArduinoCore.a(SoftwareSerial.o)
                0x00001618                _ZN14SoftwareSerial5setRXEh
 .text._ZN14SoftwareSerialC2Ehhb
                0x0000166a       0x56 C:\Users\booth\Documents\Atmel Studio\7.0\ArduinoSketch4\ArduinoSketch4\ArduinoCore\Debug\libArduinoCore.a(SoftwareSerial.o)
                0x0000166a                _ZN14SoftwareSerialC1Ehhb
                0x0000166a                _ZN14SoftwareSerialC2Ehhb
 .text._ZN14SoftwareSerial5beginEl
                0x000016c0      0x11c C:\Users\booth\Documents\Atmel Studio\7.0\ArduinoSketch4\ArduinoSketch4\ArduinoCore\Debug\libArduinoCore.a(SoftwareSerial.o)
                0x000016c0                _ZN14SoftwareSerial5beginEl
 .text.avr-libc.fplib
                0x000017dc        0xe c:/program files (x86)/atmel/studio/7.0/toolchain/avr8/avr8-gnu-toolchain/bin/../lib/gcc/avr/5.4.0/../../../../avr/lib/avr5\libm.a(addsf3.o)
                0x000017dc                __subsf3
                0x000017de                __addsf3
 .text.avr-libc.fplib
                0x000017ea       0xcc c:/program files (x86)/atmel/studio/7.0/toolchain/avr8/avr8-gnu-toolchain/bin/../lib/gcc/avr/5.4.0/../../../../avr/lib/avr5\libm.a(addsf3x.o)
                0x0000180c                __addsf3x
 .text.avr-libc.fplib
                0x000018b6        0x8 c:/program files (x86)/atmel/studio/7.0/toolchain/avr8/avr8-gnu-toolchain/bin/../lib/gcc/avr/5.4.0/../../../../avr/lib/avr5\libm.a(divsf3.o)
                0x000018b6                __divsf3
 .text.avr-libc.fplib
                0x000018be       0xdc c:/program files (x86)/atmel/studio/7.0/toolchain/avr8/avr8-gnu-toolchain/bin/../lib/gcc/avr/5.4.0/../../../../avr/lib/avr5\libm.a(divsf3x.o)
                0x000018de                __divsf3x
                0x000018e4                __divsf3_pse
 .text.avr-libc.fplib
                0x0000199a        0xa c:/program files (x86)/atmel/studio/7.0/toolchain/avr8/avr8-gnu-toolchain/bin/../lib/gcc/avr/5.4.0/../../../../avr/lib/avr5\libm.a(unordsf2.o)
                0x0000199a                __unordsf2
 .text.libgcc.mul
                0x000019a4       0x20 c:/program files (x86)/atmel/studio/7.0/toolchain/avr8/avr8-gnu-toolchain/bin/../lib/gcc/avr/5.4.0/avr5\libgcc.a(_mulsi3.o)
                0x000019a4                __mulsi3
 .text.libgcc.div
                0x000019c4       0x28 c:/program files (x86)/atmel/studio/7.0/toolchain/avr8/avr8-gnu-toolchain/bin/../lib/gcc/avr/5.4.0/avr5\libgcc.a(_divmodhi4.o)
                0x000019c4                _div
                0x000019c4                __divmodhi4
 .text.libgcc.div
                0x000019ec       0x44 c:/program files (x86)/atmel/studio/7.0/toolchain/avr8/avr8-gnu-toolchain/bin/../lib/gcc/avr/5.4.0/avr5\libgcc.a(_udivmodsi4.o)
                0x000019ec                __udivmodsi4
 .text.libgcc.div
                0x00001a30       0x2e c:/program files (x86)/atmel/studio/7.0/toolchain/avr8/avr8-gnu-toolchain/bin/../lib/gcc/avr/5.4.0/avr5\libgcc.a(_divmodsi4.o)
                0x00001a30                __divmodsi4
 .text.libgcc.div
                0x00001a5e       0x10 c:/program files (x86)/atmel/studio/7.0/toolchain/avr8/avr8-gnu-toolchain/bin/../lib/gcc/avr/5.4.0/avr5\libgcc.a(_negsi2.o)
                0x00001a5e                __negsi2
 .text.libgcc.mul
                0x00001a6e       0x16 c:/program files (x86)/atmel/studio/7.0/toolchain/avr8/avr8-gnu-toolchain/bin/../lib/gcc/avr/5.4.0/avr5\libgcc.a(_muluhisi3.o)
                0x00001a6e                __muluhisi3
 .text.libgcc.div
                0x00001a84       0x28 c:/program files (x86)/atmel/studio/7.0/toolchain/avr8/avr8-gnu-toolchain/bin/../lib/gcc/avr/5.4.0/avr5\libgcc.a(_udivmodhi4.o)
                0x00001a84                __udivmodhi4
 .text.libgcc   0x00001aac        0xc c:/program files (x86)/atmel/studio/7.0/toolchain/avr8/avr8-gnu-toolchain/bin/../lib/gcc/avr/5.4.0/avr5\libgcc.a(_tablejump2.o)
                0x00001aac                __tablejump2__
 .text.libgcc.mul
                0x00001ab8       0x1e c:/program files (x86)/atmel/studio/7.0/toolchain/avr8/avr8-gnu-toolchain/bin/../lib/gcc/avr/5.4.0/avr5\libgcc.a(_umulhisi3.o)
                0x00001ab8                __umulhisi3
                0x00001ad6                . = ALIGN (0x2)
 *(.fini9)
 .fini9         0x00001ad6        0x0 c:/program files (x86)/atmel/studio/7.0/toolchain/avr8/avr8-gnu-toolchain/bin/../lib/gcc/avr/5.4.0/avr5\libgcc.a(_exit.o)
                0x00001ad6                _exit
                0x00001ad6                exit
 *(.fini9)
 *(.fini8)
 *(.fini8)
 *(.fini7)
 *(.fini7)
 *(.fini6)
 .fini6         0x00001ad6       0x16 c:/program files (x86)/atmel/studio/7.0/toolchain/avr8/avr8-gnu-toolchain/bin/../lib/gcc/avr/5.4.0/avr5\libgcc.a(_dtors.o)
                0x00001ad6                __do_global_dtors
 *(.fini6)
 *(.fini5)
 *(.fini5)
 *(.fini4)
 *(.fini4)
 *(.fini3)
 *(.fini3)
 *(.fini2)
 *(.fini2)
 *(.fini1)
 *(.fini1)
 *(.fini0)
 .fini0         0x00001aec        0x4 c:/program files (x86)/atmel/studio/7.0/toolchain/avr8/avr8-gnu-toolchain/bin/../lib/gcc/avr/5.4.0/avr5\libgcc.a(_exit.o)
 *(.fini0)
                0x00001af0                _etext = .

.data           0x00800100       0x4c load address 0x00001af0
                0x00800100                PROVIDE (__data_start, .)
 *(.data)
 *(.data*)
 .data.threshold
                0x00800100        0x2 CPPFile1.o
                0x00800100                threshold
 .data.potPin   0x00800102        0x2 CPPFile1.o
                0x00800102                potPin
 .data.ledPin   0x00800104        0x2 CPPFile1.o
                0x00800104                ledPin
 .data.analog_reference
                0x00800106        0x1 C:\Users\booth\Documents\Atmel Studio\7.0\ArduinoSketch4\ArduinoSketch4\ArduinoCore\Debug\libArduinoCore.a(wiring_analog.o)
                0x00800106                analog_reference
 *(.gnu.linkonce.d*)
 *(.rodata)
 *(.rodata*)
 .rodata._ZTV8RoboClaw
                0x00800107       0x12 RoboClaw.o
                0x00800107                _ZTV8RoboClaw
 .rodata._ZTV14HardwareSerial
                0x00800119       0x12 C:\Users\booth\Documents\Atmel Studio\7.0\ArduinoSketch4\ArduinoSketch4\ArduinoCore\Debug\libArduinoCore.a(HardwareSerial.o)
                0x00800119                _ZTV14HardwareSerial
 .rodata.str1.1
                0x0080012b        0xf C:\Users\booth\Documents\Atmel Studio\7.0\ArduinoSketch4\ArduinoSketch4\ArduinoCore\Debug\libArduinoCore.a(Print.o)
 .rodata._ZTV14SoftwareSerial
                0x0080013a       0x12 C:\Users\booth\Documents\Atmel Studio\7.0\ArduinoSketch4\ArduinoSketch4\ArduinoCore\Debug\libArduinoCore.a(SoftwareSerial.o)
                0x0080013a                _ZTV14SoftwareSerial
 *(.gnu.linkonce.r*)
                0x0080014c                . = ALIGN (0x2)
                0x0080014c                _edata = .
                0x0080014c                PROVIDE (__data_end, .)

.bss            0x0080014c      0x127
                0x0080014c                PROVIDE (__bss_start, .)
 *(.bss)
 *(.bss*)
 .bss.setPoint  0x0080014c        0x2 CPPFile1.o
                0x0080014c                setPoint
 .bss.pos       0x0080014e        0x4 CPPFile1.o
                0x0080014e                pos
 .bss.val       0x00800152        0x2 CPPFile1.o
                0x00800152                val
 .bss.roboclaw  0x00800154       0x16 CPPFile1.o
                0x00800154                roboclaw
 .bss.serial    0x0080016a       0x1f CPPFile1.o
                0x0080016a                serial
 .bss.Serial    0x00800189       0x9d C:\Users\booth\Documents\Atmel Studio\7.0\ArduinoSketch4\ArduinoSketch4\ArduinoCore\Debug\libArduinoCore.a(HardwareSerial0.o)
                0x00800189                Serial
 .bss.timer0_fract
                0x00800226        0x1 C:\Users\booth\Documents\Atmel Studio\7.0\ArduinoSketch4\ArduinoSketch4\ArduinoCore\Debug\libArduinoCore.a(wiring.o)
 .bss.timer0_millis
                0x00800227        0x4 C:\Users\booth\Documents\Atmel Studio\7.0\ArduinoSketch4\ArduinoSketch4\ArduinoCore\Debug\libArduinoCore.a(wiring.o)
                0x00800227                timer0_millis
 .bss.timer0_overflow_count
                0x0080022b        0x4 C:\Users\booth\Documents\Atmel Studio\7.0\ArduinoSketch4\ArduinoSketch4\ArduinoCore\Debug\libArduinoCore.a(wiring.o)
                0x0080022b                timer0_overflow_count
 .bss._ZN14SoftwareSerial20_receive_buffer_headE
                0x0080022f        0x1 C:\Users\booth\Documents\Atmel Studio\7.0\ArduinoSketch4\ArduinoSketch4\ArduinoCore\Debug\libArduinoCore.a(SoftwareSerial.o)
                0x0080022f                _ZN14SoftwareSerial20_receive_buffer_headE
 .bss._ZN14SoftwareSerial20_receive_buffer_tailE
                0x00800230        0x1 C:\Users\booth\Documents\Atmel Studio\7.0\ArduinoSketch4\ArduinoSketch4\ArduinoCore\Debug\libArduinoCore.a(SoftwareSerial.o)
                0x00800230                _ZN14SoftwareSerial20_receive_buffer_tailE
 .bss._ZN14SoftwareSerial15_receive_bufferE
                0x00800231       0x40 C:\Users\booth\Documents\Atmel Studio\7.0\ArduinoSketch4\ArduinoSketch4\ArduinoCore\Debug\libArduinoCore.a(SoftwareSerial.o)
                0x00800231                _ZN14SoftwareSerial15_receive_bufferE
 .bss._ZN14SoftwareSerial13active_objectE
                0x00800271        0x2 C:\Users\booth\Documents\Atmel Studio\7.0\ArduinoSketch4\ArduinoSketch4\ArduinoCore\Debug\libArduinoCore.a(SoftwareSerial.o)
                0x00800271                _ZN14SoftwareSerial13active_objectE
 *(COMMON)
                0x00800273                PROVIDE (__bss_end, .)
                0x00001af0                __data_load_start = LOADADDR (.data)
                0x00001b3c                __data_load_end = (__data_load_start + SIZEOF (.data))

.noinit         0x00800273        0x0
                [!provide]                PROVIDE (__noinit_start, .)
 *(.noinit*)
                [!provide]                PROVIDE (__noinit_end, .)
                0x00800273                _end = .
                [!provide]                PROVIDE (__heap_start, .)

.eeprom         0x00810000        0x0
 *(.eeprom*)
                0x00810000                __eeprom_end = .

.fuse
 *(.fuse)
 *(.lfuse)
 *(.hfuse)
 *(.efuse)

.lock
 *(.lock*)

.signature
 *(.signature*)

.user_signatures
 *(.user_signatures*)

.stab
 *(.stab)

.stabstr
 *(.stabstr)

.stab.excl
 *(.stab.excl)

.stab.exclstr
 *(.stab.exclstr)

.stab.index
 *(.stab.index)

.stab.indexstr
 *(.stab.indexstr)

.comment        0x00000000       0x30
 *(.comment)
 .comment       0x00000000       0x30 CPPFile1.o
                                 0x31 (size before relaxing)
 .comment       0x00000030       0x31 RoboClaw.o
 .comment       0x00000030       0x31 C:\Users\booth\Documents\Atmel Studio\7.0\ArduinoSketch4\ArduinoSketch4\ArduinoCore\Debug\libArduinoCore.a(HardwareSerial.o)
 .comment       0x00000030       0x31 C:\Users\booth\Documents\Atmel Studio\7.0\ArduinoSketch4\ArduinoSketch4\ArduinoCore\Debug\libArduinoCore.a(HardwareSerial0.o)
 .comment       0x00000030       0x31 C:\Users\booth\Documents\Atmel Studio\7.0\ArduinoSketch4\ArduinoSketch4\ArduinoCore\Debug\libArduinoCore.a(main.o)
 .comment       0x00000030       0x31 C:\Users\booth\Documents\Atmel Studio\7.0\ArduinoSketch4\ArduinoSketch4\ArduinoCore\Debug\libArduinoCore.a(Print.o)
 .comment       0x00000030       0x31 C:\Users\booth\Documents\Atmel Studio\7.0\ArduinoSketch4\ArduinoSketch4\ArduinoCore\Debug\libArduinoCore.a(wiring.o)
 .comment       0x00000030       0x31 C:\Users\booth\Documents\Atmel Studio\7.0\ArduinoSketch4\ArduinoSketch4\ArduinoCore\Debug\libArduinoCore.a(wiring_analog.o)
 .comment       0x00000030       0x31 C:\Users\booth\Documents\Atmel Studio\7.0\ArduinoSketch4\ArduinoSketch4\ArduinoCore\Debug\libArduinoCore.a(wiring_digital.o)
 .comment       0x00000030       0x31 C:\Users\booth\Documents\Atmel Studio\7.0\ArduinoSketch4\ArduinoSketch4\ArduinoCore\Debug\libArduinoCore.a(WMath.o)
 .comment       0x00000030       0x31 C:\Users\booth\Documents\Atmel Studio\7.0\ArduinoSketch4\ArduinoSketch4\ArduinoCore\Debug\libArduinoCore.a(SoftwareSerial.o)

.note.gnu.avr.deviceinfo
                0x00000000       0x40
 .note.gnu.avr.deviceinfo
                0x00000000       0x40 C:/Program Files (x86)/Atmel/Studio/7.0/Packs/atmel/ATmega_DFP/1.2.209/gcc/dev/atmega328p/avr5/crtatmega328p.o

.note.gnu.build-id
 *(.note.gnu.build-id)

.debug
 *(.debug)

.line
 *(.line)

.debug_srcinfo
 *(.debug_srcinfo)

.debug_sfnames
 *(.debug_sfnames)

.debug_aranges  0x00000000      0x770
 *(.debug_aranges)
 .debug_aranges
                0x00000000       0x38 CPPFile1.o
 .debug_aranges
                0x00000038      0x3b8 RoboClaw.o
 .debug_aranges
                0x000003f0       0x68 C:\Users\booth\Documents\Atmel Studio\7.0\ArduinoSketch4\ArduinoSketch4\ArduinoCore\Debug\libArduinoCore.a(HardwareSerial.o)
 .debug_aranges
                0x00000458       0x48 C:\Users\booth\Documents\Atmel Studio\7.0\ArduinoSketch4\ArduinoSketch4\ArduinoCore\Debug\libArduinoCore.a(HardwareSerial0.o)
 .debug_aranges
                0x000004a0       0x30 C:\Users\booth\Documents\Atmel Studio\7.0\ArduinoSketch4\ArduinoSketch4\ArduinoCore\Debug\libArduinoCore.a(main.o)
 .debug_aranges
                0x000004d0      0x100 C:\Users\booth\Documents\Atmel Studio\7.0\ArduinoSketch4\ArduinoSketch4\ArduinoCore\Debug\libArduinoCore.a(Print.o)
 .debug_aranges
                0x000005d0       0x48 C:\Users\booth\Documents\Atmel Studio\7.0\ArduinoSketch4\ArduinoSketch4\ArduinoCore\Debug\libArduinoCore.a(wiring.o)
 .debug_aranges
                0x00000618       0x30 C:\Users\booth\Documents\Atmel Studio\7.0\ArduinoSketch4\ArduinoSketch4\ArduinoCore\Debug\libArduinoCore.a(wiring_analog.o)
 .debug_aranges
                0x00000648       0x38 C:\Users\booth\Documents\Atmel Studio\7.0\ArduinoSketch4\ArduinoSketch4\ArduinoCore\Debug\libArduinoCore.a(wiring_digital.o)
 .debug_aranges
                0x00000680       0x48 C:\Users\booth\Documents\Atmel Studio\7.0\ArduinoSketch4\ArduinoSketch4\ArduinoCore\Debug\libArduinoCore.a(WMath.o)
 .debug_aranges
                0x000006c8       0xa8 C:\Users\booth\Documents\Atmel Studio\7.0\ArduinoSketch4\ArduinoSketch4\ArduinoCore\Debug\libArduinoCore.a(SoftwareSerial.o)

.debug_pubnames
 *(.debug_pubnames)

.debug_info     0x00000000    0x11ad6
 *(.debug_info .gnu.linkonce.wi.*)
 .debug_info    0x00000000      0x5f4 C:/Program Files (x86)/Atmel/Studio/7.0/Packs/atmel/ATmega_DFP/1.2.209/gcc/dev/atmega328p/avr5/crtatmega328p.o
 .debug_info    0x000005f4      0x610 CPPFile1.o
 .debug_info    0x00000c04     0x72ca RoboClaw.o
 .debug_info    0x00007ece     0x1f64 C:\Users\booth\Documents\Atmel Studio\7.0\ArduinoSketch4\ArduinoSketch4\ArduinoCore\Debug\libArduinoCore.a(HardwareSerial.o)
 .debug_info    0x00009e32     0x1b16 C:\Users\booth\Documents\Atmel Studio\7.0\ArduinoSketch4\ArduinoSketch4\ArduinoCore\Debug\libArduinoCore.a(HardwareSerial0.o)
 .debug_info    0x0000b948      0x237 C:\Users\booth\Documents\Atmel Studio\7.0\ArduinoSketch4\ArduinoSketch4\ArduinoCore\Debug\libArduinoCore.a(main.o)
 .debug_info    0x0000bb7f     0x28ff C:\Users\booth\Documents\Atmel Studio\7.0\ArduinoSketch4\ArduinoSketch4\ArduinoCore\Debug\libArduinoCore.a(Print.o)
 .debug_info    0x0000e47e      0x2cb C:\Users\booth\Documents\Atmel Studio\7.0\ArduinoSketch4\ArduinoSketch4\ArduinoCore\Debug\libArduinoCore.a(wiring.o)
 .debug_info    0x0000e749      0x26d C:\Users\booth\Documents\Atmel Studio\7.0\ArduinoSketch4\ArduinoSketch4\ArduinoCore\Debug\libArduinoCore.a(wiring_analog.o)
 .debug_info    0x0000e9b6      0x5fe C:\Users\booth\Documents\Atmel Studio\7.0\ArduinoSketch4\ArduinoSketch4\ArduinoCore\Debug\libArduinoCore.a(wiring_digital.o)
 .debug_info    0x0000efb4      0x230 C:\Users\booth\Documents\Atmel Studio\7.0\ArduinoSketch4\ArduinoSketch4\ArduinoCore\Debug\libArduinoCore.a(WMath.o)
 .debug_info    0x0000f1e4     0x28f2 C:\Users\booth\Documents\Atmel Studio\7.0\ArduinoSketch4\ArduinoSketch4\ArduinoCore\Debug\libArduinoCore.a(SoftwareSerial.o)

.debug_abbrev   0x00000000     0x275f
 *(.debug_abbrev)
 .debug_abbrev  0x00000000      0x5a2 C:/Program Files (x86)/Atmel/Studio/7.0/Packs/atmel/ATmega_DFP/1.2.209/gcc/dev/atmega328p/avr5/crtatmega328p.o
 .debug_abbrev  0x000005a2      0x273 CPPFile1.o
 .debug_abbrev  0x00000815      0x5dc RoboClaw.o
 .debug_abbrev  0x00000df1      0x4b7 C:\Users\booth\Documents\Atmel Studio\7.0\ArduinoSketch4\ArduinoSketch4\ArduinoCore\Debug\libArduinoCore.a(HardwareSerial.o)
 .debug_abbrev  0x000012a8      0x3ce C:\Users\booth\Documents\Atmel Studio\7.0\ArduinoSketch4\ArduinoSketch4\ArduinoCore\Debug\libArduinoCore.a(HardwareSerial0.o)
 .debug_abbrev  0x00001676      0x12d C:\Users\booth\Documents\Atmel Studio\7.0\ArduinoSketch4\ArduinoSketch4\ArduinoCore\Debug\libArduinoCore.a(main.o)
 .debug_abbrev  0x000017a3      0x47a C:\Users\booth\Documents\Atmel Studio\7.0\ArduinoSketch4\ArduinoSketch4\ArduinoCore\Debug\libArduinoCore.a(Print.o)
 .debug_abbrev  0x00001c1d      0x146 C:\Users\booth\Documents\Atmel Studio\7.0\ArduinoSketch4\ArduinoSketch4\ArduinoCore\Debug\libArduinoCore.a(wiring.o)
 .debug_abbrev  0x00001d63      0x16b C:\Users\booth\Documents\Atmel Studio\7.0\ArduinoSketch4\ArduinoSketch4\ArduinoCore\Debug\libArduinoCore.a(wiring_analog.o)
 .debug_abbrev  0x00001ece      0x15b C:\Users\booth\Documents\Atmel Studio\7.0\ArduinoSketch4\ArduinoSketch4\ArduinoCore\Debug\libArduinoCore.a(wiring_digital.o)
 .debug_abbrev  0x00002029      0x12b C:\Users\booth\Documents\Atmel Studio\7.0\ArduinoSketch4\ArduinoSketch4\ArduinoCore\Debug\libArduinoCore.a(WMath.o)
 .debug_abbrev  0x00002154      0x60b C:\Users\booth\Documents\Atmel Studio\7.0\ArduinoSketch4\ArduinoSketch4\ArduinoCore\Debug\libArduinoCore.a(SoftwareSerial.o)

.debug_line     0x00000000     0x3b0e
 *(.debug_line .debug_line.* .debug_line_end)
 .debug_line    0x00000000      0x133 C:/Program Files (x86)/Atmel/Studio/7.0/Packs/atmel/ATmega_DFP/1.2.209/gcc/dev/atmega328p/avr5/crtatmega328p.o
 .debug_line    0x00000133      0x2c8 CPPFile1.o
 .debug_line    0x000003fb     0x17cb RoboClaw.o
 .debug_line    0x00001bc6      0x4c4 C:\Users\booth\Documents\Atmel Studio\7.0\ArduinoSketch4\ArduinoSketch4\ArduinoCore\Debug\libArduinoCore.a(HardwareSerial.o)
 .debug_line    0x0000208a      0x28c C:\Users\booth\Documents\Atmel Studio\7.0\ArduinoSketch4\ArduinoSketch4\ArduinoCore\Debug\libArduinoCore.a(HardwareSerial0.o)
 .debug_line    0x00002316      0x165 C:\Users\booth\Documents\Atmel Studio\7.0\ArduinoSketch4\ArduinoSketch4\ArduinoCore\Debug\libArduinoCore.a(main.o)
 .debug_line    0x0000247b      0x685 C:\Users\booth\Documents\Atmel Studio\7.0\ArduinoSketch4\ArduinoSketch4\ArduinoCore\Debug\libArduinoCore.a(Print.o)
 .debug_line    0x00002b00      0x299 C:\Users\booth\Documents\Atmel Studio\7.0\ArduinoSketch4\ArduinoSketch4\ArduinoCore\Debug\libArduinoCore.a(wiring.o)
 .debug_line    0x00002d99      0x20f C:\Users\booth\Documents\Atmel Studio\7.0\ArduinoSketch4\ArduinoSketch4\ArduinoCore\Debug\libArduinoCore.a(wiring_analog.o)
 .debug_line    0x00002fa8      0x252 C:\Users\booth\Documents\Atmel Studio\7.0\ArduinoSketch4\ArduinoSketch4\ArduinoCore\Debug\libArduinoCore.a(wiring_digital.o)
 .debug_line    0x000031fa      0x143 C:\Users\booth\Documents\Atmel Studio\7.0\ArduinoSketch4\ArduinoSketch4\ArduinoCore\Debug\libArduinoCore.a(WMath.o)
 .debug_line    0x0000333d      0x7d1 C:\Users\booth\Documents\Atmel Studio\7.0\ArduinoSketch4\ArduinoSketch4\ArduinoCore\Debug\libArduinoCore.a(SoftwareSerial.o)

.debug_frame    0x00000000     0x2660
 *(.debug_frame)
 .debug_frame   0x00000000       0xa0 CPPFile1.o
 .debug_frame   0x000000a0     0x1b74 RoboClaw.o
 .debug_frame   0x00001c14      0x110 C:\Users\booth\Documents\Atmel Studio\7.0\ArduinoSketch4\ArduinoSketch4\ArduinoCore\Debug\libArduinoCore.a(HardwareSerial.o)
 .debug_frame   0x00001d24       0xe0 C:\Users\booth\Documents\Atmel Studio\7.0\ArduinoSketch4\ArduinoSketch4\ArduinoCore\Debug\libArduinoCore.a(HardwareSerial0.o)
 .debug_frame   0x00001e04       0x54 C:\Users\booth\Documents\Atmel Studio\7.0\ArduinoSketch4\ArduinoSketch4\ArduinoCore\Debug\libArduinoCore.a(main.o)
 .debug_frame   0x00001e58      0x3ac C:\Users\booth\Documents\Atmel Studio\7.0\ArduinoSketch4\ArduinoSketch4\ArduinoCore\Debug\libArduinoCore.a(Print.o)
 .debug_frame   0x00002204       0xc4 C:\Users\booth\Documents\Atmel Studio\7.0\ArduinoSketch4\ArduinoSketch4\ArduinoCore\Debug\libArduinoCore.a(wiring.o)
 .debug_frame   0x000022c8       0x54 C:\Users\booth\Documents\Atmel Studio\7.0\ArduinoSketch4\ArduinoSketch4\ArduinoCore\Debug\libArduinoCore.a(wiring_analog.o)
 .debug_frame   0x0000231c       0x7c C:\Users\booth\Documents\Atmel Studio\7.0\ArduinoSketch4\ArduinoSketch4\ArduinoCore\Debug\libArduinoCore.a(wiring_digital.o)
 .debug_frame   0x00002398       0xf4 C:\Users\booth\Documents\Atmel Studio\7.0\ArduinoSketch4\ArduinoSketch4\ArduinoCore\Debug\libArduinoCore.a(WMath.o)
 .debug_frame   0x0000248c      0x1d4 C:\Users\booth\Documents\Atmel Studio\7.0\ArduinoSketch4\ArduinoSketch4\ArduinoCore\Debug\libArduinoCore.a(SoftwareSerial.o)

.debug_str      0x00000000     0x411b
 *(.debug_str)
 .debug_str     0x00000000      0x208 C:/Program Files (x86)/Atmel/Studio/7.0/Packs/atmel/ATmega_DFP/1.2.209/gcc/dev/atmega328p/avr5/crtatmega328p.o
 .debug_str     0x00000208      0x3e8 CPPFile1.o
                                0x464 (size before relaxing)
 .debug_str     0x000005f0     0x2a8a RoboClaw.o
                               0x2ed9 (size before relaxing)
 .debug_str     0x0000307a      0x406 C:\Users\booth\Documents\Atmel Studio\7.0\ArduinoSketch4\ArduinoSketch4\ArduinoCore\Debug\libArduinoCore.a(HardwareSerial.o)
                               0x161a (size before relaxing)
 .debug_str     0x00003480       0x47 C:\Users\booth\Documents\Atmel Studio\7.0\ArduinoSketch4\ArduinoSketch4\ArduinoCore\Debug\libArduinoCore.a(HardwareSerial0.o)
                               0x140d (size before relaxing)
 .debug_str     0x000034c7       0x37 C:\Users\booth\Documents\Atmel Studio\7.0\ArduinoSketch4\ArduinoSketch4\ArduinoCore\Debug\libArduinoCore.a(main.o)
                                0x2b9 (size before relaxing)
 .debug_str     0x000034fe      0x3d8 C:\Users\booth\Documents\Atmel Studio\7.0\ArduinoSketch4\ArduinoSketch4\ArduinoCore\Debug\libArduinoCore.a(Print.o)
                               0x1247 (size before relaxing)
 .debug_str     0x000038d6      0x146 C:\Users\booth\Documents\Atmel Studio\7.0\ArduinoSketch4\ArduinoSketch4\ArduinoCore\Debug\libArduinoCore.a(wiring.o)
                                0x24f (size before relaxing)
 .debug_str     0x00003a1c       0x74 C:\Users\booth\Documents\Atmel Studio\7.0\ArduinoSketch4\ArduinoSketch4\ArduinoCore\Debug\libArduinoCore.a(wiring_analog.o)
                                0x253 (size before relaxing)
 .debug_str     0x00003a90       0xa9 C:\Users\booth\Documents\Atmel Studio\7.0\ArduinoSketch4\ArduinoSketch4\ArduinoCore\Debug\libArduinoCore.a(wiring_digital.o)
                                0x2b4 (size before relaxing)
 .debug_str     0x00003b39       0xac C:\Users\booth\Documents\Atmel Studio\7.0\ArduinoSketch4\ArduinoSketch4\ArduinoCore\Debug\libArduinoCore.a(WMath.o)
                                0x252 (size before relaxing)
 .debug_str     0x00003be5      0x536 C:\Users\booth\Documents\Atmel Studio\7.0\ArduinoSketch4\ArduinoSketch4\ArduinoCore\Debug\libArduinoCore.a(SoftwareSerial.o)
                               0x1930 (size before relaxing)

.debug_loc      0x00000000     0xd655
 *(.debug_loc)
 .debug_loc     0x00000000      0x109 CPPFile1.o
 .debug_loc     0x00000109     0x9846 RoboClaw.o
 .debug_loc     0x0000994f      0x4dc C:\Users\booth\Documents\Atmel Studio\7.0\ArduinoSketch4\ArduinoSketch4\ArduinoCore\Debug\libArduinoCore.a(HardwareSerial.o)
 .debug_loc     0x00009e2b      0x1b0 C:\Users\booth\Documents\Atmel Studio\7.0\ArduinoSketch4\ArduinoSketch4\ArduinoCore\Debug\libArduinoCore.a(HardwareSerial0.o)
 .debug_loc     0x00009fdb     0x1c87 C:\Users\booth\Documents\Atmel Studio\7.0\ArduinoSketch4\ArduinoSketch4\ArduinoCore\Debug\libArduinoCore.a(Print.o)
 .debug_loc     0x0000bc62      0x28d C:\Users\booth\Documents\Atmel Studio\7.0\ArduinoSketch4\ArduinoSketch4\ArduinoCore\Debug\libArduinoCore.a(wiring.o)
 .debug_loc     0x0000beef       0xfe C:\Users\booth\Documents\Atmel Studio\7.0\ArduinoSketch4\ArduinoSketch4\ArduinoCore\Debug\libArduinoCore.a(wiring_analog.o)
 .debug_loc     0x0000bfed      0x5fc C:\Users\booth\Documents\Atmel Studio\7.0\ArduinoSketch4\ArduinoSketch4\ArduinoCore\Debug\libArduinoCore.a(wiring_digital.o)
 .debug_loc     0x0000c5e9      0x3d6 C:\Users\booth\Documents\Atmel Studio\7.0\ArduinoSketch4\ArduinoSketch4\ArduinoCore\Debug\libArduinoCore.a(WMath.o)
 .debug_loc     0x0000c9bf      0xc96 C:\Users\booth\Documents\Atmel Studio\7.0\ArduinoSketch4\ArduinoSketch4\ArduinoCore\Debug\libArduinoCore.a(SoftwareSerial.o)

.debug_macinfo
 *(.debug_macinfo)

.debug_weaknames
 *(.debug_weaknames)

.debug_funcnames
 *(.debug_funcnames)

.debug_typenames
 *(.debug_typenames)

.debug_varnames
 *(.debug_varnames)

.debug_pubtypes
 *(.debug_pubtypes)

.debug_ranges   0x00000000      0x7b0
 *(.debug_ranges)
 .debug_ranges  0x00000000       0x28 CPPFile1.o
 .debug_ranges  0x00000028      0x420 RoboClaw.o
 .debug_ranges  0x00000448       0x58 C:\Users\booth\Documents\Atmel Studio\7.0\ArduinoSketch4\ArduinoSketch4\ArduinoCore\Debug\libArduinoCore.a(HardwareSerial.o)
 .debug_ranges  0x000004a0       0x38 C:\Users\booth\Documents\Atmel Studio\7.0\ArduinoSketch4\ArduinoSketch4\ArduinoCore\Debug\libArduinoCore.a(HardwareSerial0.o)
 .debug_ranges  0x000004d8       0x20 C:\Users\booth\Documents\Atmel Studio\7.0\ArduinoSketch4\ArduinoSketch4\ArduinoCore\Debug\libArduinoCore.a(main.o)
 .debug_ranges  0x000004f8      0x120 C:\Users\booth\Documents\Atmel Studio\7.0\ArduinoSketch4\ArduinoSketch4\ArduinoCore\Debug\libArduinoCore.a(Print.o)
 .debug_ranges  0x00000618       0x38 C:\Users\booth\Documents\Atmel Studio\7.0\ArduinoSketch4\ArduinoSketch4\ArduinoCore\Debug\libArduinoCore.a(wiring.o)
 .debug_ranges  0x00000650       0x20 C:\Users\booth\Documents\Atmel Studio\7.0\ArduinoSketch4\ArduinoSketch4\ArduinoCore\Debug\libArduinoCore.a(wiring_analog.o)
 .debug_ranges  0x00000670       0x28 C:\Users\booth\Documents\Atmel Studio\7.0\ArduinoSketch4\ArduinoSketch4\ArduinoCore\Debug\libArduinoCore.a(wiring_digital.o)
 .debug_ranges  0x00000698       0x38 C:\Users\booth\Documents\Atmel Studio\7.0\ArduinoSketch4\ArduinoSketch4\ArduinoCore\Debug\libArduinoCore.a(WMath.o)
 .debug_ranges  0x000006d0       0xe0 C:\Users\booth\Documents\Atmel Studio\7.0\ArduinoSketch4\ArduinoSketch4\ArduinoCore\Debug\libArduinoCore.a(SoftwareSerial.o)

.debug_macro
 *(.debug_macro)
OUTPUT(AR_20_Codes.elf elf32-avr)
LOAD linker stubs
