Archive member included to satisfy reference by file (symbol)

c:/program files (x86)/atmel/studio/7.0/toolchain/avr8/avr8-gnu-toolchain/bin/../lib/gcc/avr/5.4.0/../../../../avr/lib/avr5\libm.a(addsf3.o)
                              Test_Bed.o (__subsf3)
c:/program files (x86)/atmel/studio/7.0/toolchain/avr8/avr8-gnu-toolchain/bin/../lib/gcc/avr/5.4.0/../../../../avr/lib/avr5\libm.a(addsf3x.o)
                              c:/program files (x86)/atmel/studio/7.0/toolchain/avr8/avr8-gnu-toolchain/bin/../lib/gcc/avr/5.4.0/../../../../avr/lib/avr5\libm.a(addsf3.o) (__addsf3x)
c:/program files (x86)/atmel/studio/7.0/toolchain/avr8/avr8-gnu-toolchain/bin/../lib/gcc/avr/5.4.0/../../../../avr/lib/avr5\libm.a(cmpsf2.o)
                              Test_Bed.o (__ltsf2)
c:/program files (x86)/atmel/studio/7.0/toolchain/avr8/avr8-gnu-toolchain/bin/../lib/gcc/avr/5.4.0/../../../../avr/lib/avr5\libm.a(fixunssfsi.o)
                              RoboClaw.o (__fixunssfsi)
c:/program files (x86)/atmel/studio/7.0/toolchain/avr8/avr8-gnu-toolchain/bin/../lib/gcc/avr/5.4.0/../../../../avr/lib/avr5\libm.a(floatsisf.o)
                              RoboClaw.o (__floatunsisf)
c:/program files (x86)/atmel/studio/7.0/toolchain/avr8/avr8-gnu-toolchain/bin/../lib/gcc/avr/5.4.0/../../../../avr/lib/avr5\libm.a(fp_cmp.o)
                              c:/program files (x86)/atmel/studio/7.0/toolchain/avr8/avr8-gnu-toolchain/bin/../lib/gcc/avr/5.4.0/../../../../avr/lib/avr5\libm.a(cmpsf2.o) (__fp_cmp)
c:/program files (x86)/atmel/studio/7.0/toolchain/avr8/avr8-gnu-toolchain/bin/../lib/gcc/avr/5.4.0/../../../../avr/lib/avr5\libm.a(fp_inf.o)
                              c:/program files (x86)/atmel/studio/7.0/toolchain/avr8/avr8-gnu-toolchain/bin/../lib/gcc/avr/5.4.0/../../../../avr/lib/avr5\libm.a(addsf3x.o) (__fp_inf)
c:/program files (x86)/atmel/studio/7.0/toolchain/avr8/avr8-gnu-toolchain/bin/../lib/gcc/avr/5.4.0/../../../../avr/lib/avr5\libm.a(fp_nan.o)
                              c:/program files (x86)/atmel/studio/7.0/toolchain/avr8/avr8-gnu-toolchain/bin/../lib/gcc/avr/5.4.0/../../../../avr/lib/avr5\libm.a(addsf3x.o) (__fp_nan)
c:/program files (x86)/atmel/studio/7.0/toolchain/avr8/avr8-gnu-toolchain/bin/../lib/gcc/avr/5.4.0/../../../../avr/lib/avr5\libm.a(fp_pscA.o)
                              c:/program files (x86)/atmel/studio/7.0/toolchain/avr8/avr8-gnu-toolchain/bin/../lib/gcc/avr/5.4.0/../../../../avr/lib/avr5\libm.a(addsf3x.o) (__fp_pscA)
c:/program files (x86)/atmel/studio/7.0/toolchain/avr8/avr8-gnu-toolchain/bin/../lib/gcc/avr/5.4.0/../../../../avr/lib/avr5\libm.a(fp_pscB.o)
                              c:/program files (x86)/atmel/studio/7.0/toolchain/avr8/avr8-gnu-toolchain/bin/../lib/gcc/avr/5.4.0/../../../../avr/lib/avr5\libm.a(addsf3x.o) (__fp_pscB)
c:/program files (x86)/atmel/studio/7.0/toolchain/avr8/avr8-gnu-toolchain/bin/../lib/gcc/avr/5.4.0/../../../../avr/lib/avr5\libm.a(fp_round.o)
                              c:/program files (x86)/atmel/studio/7.0/toolchain/avr8/avr8-gnu-toolchain/bin/../lib/gcc/avr/5.4.0/../../../../avr/lib/avr5\libm.a(addsf3.o) (__fp_round)
c:/program files (x86)/atmel/studio/7.0/toolchain/avr8/avr8-gnu-toolchain/bin/../lib/gcc/avr/5.4.0/../../../../avr/lib/avr5\libm.a(fp_split3.o)
                              c:/program files (x86)/atmel/studio/7.0/toolchain/avr8/avr8-gnu-toolchain/bin/../lib/gcc/avr/5.4.0/../../../../avr/lib/avr5\libm.a(addsf3x.o) (__fp_split3)
c:/program files (x86)/atmel/studio/7.0/toolchain/avr8/avr8-gnu-toolchain/bin/../lib/gcc/avr/5.4.0/../../../../avr/lib/avr5\libm.a(fp_zero.o)
                              c:/program files (x86)/atmel/studio/7.0/toolchain/avr8/avr8-gnu-toolchain/bin/../lib/gcc/avr/5.4.0/../../../../avr/lib/avr5\libm.a(addsf3x.o) (__fp_zero)
c:/program files (x86)/atmel/studio/7.0/toolchain/avr8/avr8-gnu-toolchain/bin/../lib/gcc/avr/5.4.0/../../../../avr/lib/avr5\libm.a(mulsf3.o)
                              RoboClaw.o (__mulsf3)
c:/program files (x86)/atmel/studio/7.0/toolchain/avr8/avr8-gnu-toolchain/bin/../lib/gcc/avr/5.4.0/../../../../avr/lib/avr5\libm.a(mulsf3x.o)
                              c:/program files (x86)/atmel/studio/7.0/toolchain/avr8/avr8-gnu-toolchain/bin/../lib/gcc/avr/5.4.0/../../../../avr/lib/avr5\libm.a(mulsf3.o) (__mulsf3x)
C:\Users\John Wiggins\repos\ME490_Codes\ArduinoSketch4\ArduinoCore\Debug\libArduinoCore.a(HardwareSerial.o)
                              RoboClaw.o (_ZN14HardwareSerial5beginEmh)
C:\Users\John Wiggins\repos\ME490_Codes\ArduinoSketch4\ArduinoCore\Debug\libArduinoCore.a(HardwareSerial0.o)
                              mcp_can.o (Serial)
C:\Users\John Wiggins\repos\ME490_Codes\ArduinoSketch4\ArduinoCore\Debug\libArduinoCore.a(main.o)
                              C:/Program Files (x86)/Atmel/Studio/7.0/Packs/atmel/ATmega_DFP/1.2.209/gcc/dev/atmega328p/avr5/crtatmega328p.o (main)
C:\Users\John Wiggins\repos\ME490_Codes\ArduinoSketch4\ArduinoCore\Debug\libArduinoCore.a(Print.o)
[...]
Memory Configuration

Name             Origin             Length             Attributes
text             0x00000000         0x00020000         xr
data             0x00800060         0x0000ffa0         rw !x
eeprom           0x00810000         0x00010000         rw !x
fuse             0x00820000         0x00000003         rw !x
lock             0x00830000         0x00000400         rw !x
signature        0x00840000         0x00000400         rw !x
user_signatures  0x00850000         0x00000400         rw !x
*default*        0x00000000         0xffffffff

Linker script and memory map

Address of section .data set to 0x800100
LOAD C:/Program Files (x86)/Atmel/Studio/7.0/Packs/atmel/ATmega_DFP/1.2.209/gcc/dev/atmega328p/avr5/crtatmega328p.o
LOAD mcp_can.o
LOAD Servo.o
LOAD SPI.o
LOAD Test_Bed.o
LOAD RoboClaw.o
LOAD Sketch.o
START GROUP
LOAD c:/program files (x86)/atmel/studio/7.0/toolchain/avr8/avr8-gnu-toolchain/bin/../lib/gcc/avr/5.4.0/../../../../avr/lib/avr5\libm.a
LOAD C:\Users\John Wiggins\repos\ME490_Codes\ArduinoSketch4\ArduinoCore\Debug\libArduinoCore.a
END GROUP
LOAD c:/program files (x86)/atmel/studio/7.0/toolchain/avr8/avr8-gnu-toolchain/bin/../lib/gcc/avr/5.4.0/avr5\libgcc.a
LOAD c:/program files (x86)/atmel/studio/7.0/toolchain/avr8/avr8-gnu-toolchain/bin/../lib/gcc/avr/5.4.0/../../../../avr/lib/avr5\libm.a
START GROUP
LOAD c:/program files (x86)/atmel/studio/7.0/toolchain/avr8/avr8-gnu-toolchain/bin/../lib/gcc/avr/5.4.0/avr5\libgcc.a
LOAD c:/program files (x86)/atmel/studio/7.0/toolchain/avr8/avr8-gnu-toolchain/bin/../lib/gcc/avr/5.4.0/../../../../avr/lib/avr5\libm.a
LOAD c:/program files (x86)/atmel/studio/7.0/toolchain/avr8/avr8-gnu-toolchain/bin/../lib/gcc/avr/5.4.0/../../../../avr/lib/avr5\libc.a
LOAD C:/Program Files (x86)/Atmel/Studio/7.0/Packs/atmel/ATmega_DFP/1.2.209/gcc/dev/atmega328p/avr5\libatmega328p.a
END GROUP
                0x00020000                __TEXT_REGION_LENGTH__ = DEFINED (__TEXT_REGION_LENGTH__)?__TEXT_REGION_LENGTH__:0x20000
                0x0000ffa0                __DATA_REGION_LENGTH__ = DEFINED (__DATA_REGION_LENGTH__)?__DATA_REGION_LENGTH__:0xffa0
                0x00010000                __EEPROM_REGION_LENGTH__ = DEFINED (__EEPROM_REGION_LENGTH__)?__EEPROM_REGION_LENGTH__:0x10000
                [0x00000003]                __FUSE_REGION_LENGTH__ = DEFINED (__FUSE_REGION_LENGTH__)?__FUSE_REGION_LENGTH__:0x400
                0x00000400                __LOCK_REGION_LENGTH__ = DEFINED (__LOCK_REGION_LENGTH__)?__LOCK_REGION_LENGTH__:0x400
                0x00000400                __SIGNATURE_REGION_LENGTH__ = DEFINED (__SIGNATURE_REGION_LENGTH__)?__SIGNATURE_REGION_LENGTH__:0x400
                0x00000400                __USER_SIGNATURE_REGION_LENGTH__ = DEFINED (__USER_SIGNATURE_REGION_LENGTH__)?__USER_SIGNATURE_REGION_LENGTH__:0x400

.hash
 *(.hash)

.dynsym
 *(.dynsym)

.dynstr
 *(.dynstr)

.gnu.version
 *(.gnu.version)

.gnu.version_d
 *(.gnu.version_d)

.gnu.version_r
 *(.gnu.version_r)

.rel.init
 *(.rel.init)

.rela.init
 *(.rela.init)

.rel.text
 *(.rel.text)
 *(.rel.text.*)
 *(.rel.gnu.linkonce.t*)

.rela.text
 *(.rela.text)
 *(.rela.text.*)
 *(.rela.gnu.linkonce.t*)

.rel.fini
 *(.rel.fini)

.rela.fini
 *(.rela.fini)

.rel.rodata
 *(.rel.rodata)
 *(.rel.rodata.*)
 *(.rel.gnu.linkonce.r*)

.rela.rodata
 *(.rela.rodata)
 *(.rela.rodata.*)
 *(.rela.gnu.linkonce.r*)

.rel.data
 *(.rel.data)
 *(.rel.data.*)
 *(.rel.gnu.linkonce.d*)

.rela.data
 *(.rela.data)
 *(.rela.data.*)
 *(.rela.gnu.linkonce.d*)

.rel.ctors
 *(.rel.ctors)

.rela.ctors
 *(.rela.ctors)

.rel.dtors
 *(.rel.dtors)

.rela.dtors
 *(.rela.dtors)

.rel.got
 *(.rel.got)

.rela.got
 *(.rela.got)

.rel.bss
 *(.rel.bss)

.rela.bss
 *(.rela.bss)

.rel.plt
 *(.rel.plt)

.rela.plt
 *(.rela.plt)

.text           0x00000000     0x2464
 *(.vectors)
 .vectors       0x00000000       0x68 C:/Program Files (x86)/Atmel/Studio/7.0/Packs/atmel/ATmega_DFP/1.2.209/gcc/dev/atmega328p/avr5/crtatmega328p.o
                0x00000000                __vector_default
                0x00000000                __vectors
 *(.vectors)
 *(.progmem.gcc*)
 .progmem.gcc_sw_table._ZN7MCP_CAN18mcp2515_configRateEhh
                0x00000068       0x48 mcp_can.o
                0x000000b0                . = ALIGN (0x2)
                0x000000b0                __trampolines_start = .
 *(.trampolines)
 .trampolines   0x000000b0        0x0 linker stubs
 *(.trampolines*)
                0x000000b0                __trampolines_end = .
 *libprintf_flt.a:*(.progmem.data)
 *libc.a:*(.progmem.data)
 *(.progmem*)
 .progmem.data.digital_pin_to_timer_PGM
                0x000000b0       0x14 C:\Users\John Wiggins\repos\ME490_Codes\ArduinoSketch4\ArduinoCore\Debug\libArduinoCore.a(wiring_digital.o)
                0x000000b0                digital_pin_to_timer_PGM
 .progmem.data.digital_pin_to_bit_mask_PGM
                0x000000c4       0x14 C:\Users\John Wiggins\repos\ME490_Codes\ArduinoSketch4\ArduinoCore\Debug\libArduinoCore.a(wiring_digital.o)
                0x000000c4                digital_pin_to_bit_mask_PGM
 .progmem.data.digital_pin_to_port_PGM
                0x000000d8       0x14 C:\Users\John Wiggins\repos\ME490_Codes\ArduinoSketch4\ArduinoCore\Debug\libArduinoCore.a(wiring_digital.o)
                0x000000d8                digital_pin_to_port_PGM
 .progmem.data.port_to_input_PGM
                0x000000ec        0xa C:\Users\John Wiggins\repos\ME490_Codes\ArduinoSketch4\ArduinoCore\Debug\libArduinoCore.a(wiring_digital.o)
                0x000000ec                port_to_input_PGM
 .progmem.data.port_to_output_PGM
                0x000000f6        0xa C:\Users\John Wiggins\repos\ME490_Codes\ArduinoSketch4\ArduinoCore\Debug\libArduinoCore.a(wiring_digital.o)
                0x000000f6                port_to_output_PGM
 .progmem.data.port_to_mode_PGM
                0x00000100        0xa C:\Users\John Wiggins\repos\ME490_Codes\ArduinoSketch4\ArduinoCore\Debug\libArduinoCore.a(wiring_digital.o)
                0x00000100                port_to_mode_PGM
                0x0000010a                . = ALIGN (0x2)
 *(.jumptables)
 *(.jumptables*)
 *(.lowtext)
 *(.lowtext*)
                0x0000010a                __ctors_start = .
 *(.ctors)
 .ctors         0x0000010a        0x2 Test_Bed.o
 .ctors         0x0000010c        0x2 C:\Users\John Wiggins\repos\ME490_Codes\ArduinoSketch4\ArduinoCore\Debug\libArduinoCore.a(HardwareSerial0.o)
                0x0000010e                __ctors_end = .
                0x0000010e                __dtors_start = .
 *(.dtors)
 .dtors         0x0000010e        0x2 Test_Bed.o
                0x00000110                __dtors_end = .
 SORT(*)(.ctors)
 SORT(*)(.dtors)
 *(.init0)
 .init0         0x00000110        0x0 C:/Program Files (x86)/Atmel/Studio/7.0/Packs/atmel/ATmega_DFP/1.2.209/gcc/dev/atmega328p/avr5/crtatmega328p.o
                0x00000110                __init
 *(.init0)
 *(.init1)
 *(.init1)
 *(.init2)
 .init2         0x00000110        0xc C:/Program Files (x86)/Atmel/Studio/7.0/Packs/atmel/ATmega_DFP/1.2.209/gcc/dev/atmega328p/avr5/crtatmega328p.o
 *(.init2)
 *(.init3)
 *(.init3)
 *(.init4)
 .init4         0x0000011c       0x16 c:/program files (x86)/atmel/studio/7.0/toolchain/avr8/avr8-gnu-toolchain/bin/../lib/gcc/avr/5.4.0/avr5\libgcc.a(_copy_data.o)
                0x0000011c                __do_copy_data
 .init4         0x00000132       0x10 c:/program files (x86)/atmel/studio/7.0/toolchain/avr8/avr8-gnu-toolchain/bin/../lib/gcc/avr/5.4.0/avr5\libgcc.a(_clear_bss.o)
                0x00000132                __do_clear_bss
 *(.init4)
 *(.init5)
 *(.init5)
 *(.init6)
 .init6         0x00000142       0x16 c:/program files (x86)/atmel/studio/7.0/toolchain/avr8/avr8-gnu-toolchain/bin/../lib/gcc/avr/5.4.0/avr5\libgcc.a(_ctors.o)
                0x00000142                __do_global_ctors
 *(.init6)
 *(.init7)
 *(.init7)
 *(.init8)
 *(.init8)
 *(.init9)
 .init9         0x00000158        0x8 C:/Program Files (x86)/Atmel/Studio/7.0/Packs/atmel/ATmega_DFP/1.2.209/gcc/dev/atmega328p/avr5/crtatmega328p.o
 *(.init9)
 *(.text)
 .text          0x00000160        0x4 C:/Program Files (x86)/Atmel/Studio/7.0/Packs/atmel/ATmega_DFP/1.2.209/gcc/dev/atmega328p/avr5/crtatmega328p.o
                0x00000160                __vector_22
                0x00000160                __vector_1
                0x00000160                __vector_24
                0x00000160                __vector_12
                0x00000160                __bad_interrupt
                0x00000160                __vector_6
                0x00000160                __vector_23
                0x00000160                __vector_25
                0x00000160                __vector_13
                0x00000160                __vector_17
                0x00000160                __vector_7
                0x00000160                __vector_9
                0x00000160                __vector_2
                0x00000160                __vector_21
                0x00000160                __vector_15
                0x00000160                __vector_8
                0x00000160                __vector_14
                0x00000160                __vector_10
                0x00000160                __vector_20
                0x00000164                . = ALIGN (0x2)
 *(.text.*)
 .text._ZN8SPIClass16beginTransactionE11SPISettings
                0x00000164       0x2e mcp_can.o
                0x00000164                _ZN8SPIClass16beginTransactionE11SPISettings
 .text._ZN8SPIClass8transferEh
                0x00000192        0xe mcp_can.o
                0x00000192                _ZN8SPIClass8transferEh
 .text._ZN8SPIClass14endTransactionEv
                0x000001a0       0x18 mcp_can.o
                0x000001a0                _ZN8SPIClass14endTransactionEv
 .text._ZN7MCP_CAN13mcp2515_resetEv
                0x000001b8       0x38 mcp_can.o
                0x000001b8                _ZN7MCP_CAN13mcp2515_resetEv
 .text._ZN7MCP_CAN20mcp2515_readRegisterEh
                0x000001f0       0x44 mcp_can.o
                0x000001f0                _ZN7MCP_CAN20mcp2515_readRegisterEh
 .text._ZN7MCP_CAN19mcp2515_setRegisterEhh
                0x00000234       0x44 mcp_can.o
                0x00000234                _ZN7MCP_CAN19mcp2515_setRegisterEhh
 .text._ZN7MCP_CAN22mcp2515_modifyRegisterEhhh
                0x00000278       0x50 mcp_can.o
                0x00000278                _ZN7MCP_CAN22mcp2515_modifyRegisterEhhh
 .text._ZN7MCP_CAN18mcp2515_readStatusEv
                0x000002c8       0x3c mcp_can.o
                0x000002c8                _ZN7MCP_CAN18mcp2515_readStatusEv
 .text._ZN7MCP_CAN7getModeEv
                0x00000304        0xa mcp_can.o
                0x00000304                _ZN7MCP_CAN7getModeEv
 .text._ZN7MCP_CAN22mcp2515_requestNewModeEh
                0x0000030e       0x74 mcp_can.o
                0x0000030e                _ZN7MCP_CAN22mcp2515_requestNewModeEh
 .text._ZN7MCP_CAN23mcp2515_setCANCTRL_ModeEh
                0x00000382       0x84 mcp_can.o
                0x00000382                _ZN7MCP_CAN23mcp2515_setCANCTRL_ModeEh
 .text._ZN7MCP_CAN7setModeEh
                0x00000406        0xc mcp_can.o
                0x00000406                _ZN7MCP_CAN7setModeEh
 .text._ZN7MCP_CAN18mcp2515_configRateEhh
                0x00000412      0x138 mcp_can.o
                0x00000412                _ZN7MCP_CAN18mcp2515_configRateEhh
 .text._ZN7MCP_CAN22mcp2515_initCANBuffersEv
                0x0000054a       0x4c mcp_can.o
                0x0000054a                _ZN7MCP_CAN22mcp2515_initCANBuffersEv
 .text._ZN7MCP_CAN12mcp2515_initEhh
                0x00000596       0xaa mcp_can.o
                0x00000596                _ZN7MCP_CAN12mcp2515_initEhh
 .text._ZN7MCP_CAN19mcp2515_read_canMsgEhPVmPVhS3_S3_S3_
                0x00000640      0x188 mcp_can.o
                0x00000640                _ZN7MCP_CAN19mcp2515_read_canMsgEhPVmPVhS3_S3_S3_
 .text._ZN7MCP_CAN7init_CSEh
                0x000007c8       0x26 mcp_can.o
                0x000007c8                _ZN7MCP_CAN7init_CSEh
 .text._ZN7MCP_CANC2Eh
                0x000007ee       0x10 mcp_can.o
                0x000007ee                _ZN7MCP_CANC2Eh
                0x000007ee                _ZN7MCP_CANC1Eh
 .text._ZN7MCP_CAN5beginEhh
                0x000007fe       0x30 mcp_can.o
                0x000007fe                _ZN7MCP_CAN5beginEhh
 .text._ZN7MCP_CAN12readMsgBufIDEhPVmPVhS3_S3_S3_
                0x0000082e       0x7e mcp_can.o
                0x0000082e                _ZN7MCP_CAN12readMsgBufIDEhPVmPVhS3_S3_S3_
 .text._ZN7MCP_CAN14readRxTxStatusEv
                0x000008ac       0x32 mcp_can.o
                0x000008ac                _ZN7MCP_CAN14readRxTxStatusEv
 .text._ZN7MCP_CAN10readMsgBufEPhS0_
                0x000008de       0x42 mcp_can.o
                0x000008de                _ZN7MCP_CAN10readMsgBufEPhS0_
 .text._ZN7MCP_CAN12checkReceiveEv
                0x00000920       0x10 mcp_can.o
                0x00000920                _ZN7MCP_CAN12checkReceiveEv
 .text._ZN7MCP_CAN8getCanIdEv
                0x00000930        0xc mcp_can.o
                0x00000930                _ZN7MCP_CAN8getCanIdEv
 .text.__vector_11
                0x0000093c      0x182 Servo.o
                0x0000093c                __vector_11
 .text._ZN5ServoC2Ev
                0x00000abe       0x38 Servo.o
                0x00000abe                _ZN5ServoC1Ev
                0x00000abe                _ZN5ServoC2Ev
 .text._ZN5Servo6attachEiii
                0x00000af6      0x100 Servo.o
                0x00000af6                _ZN5Servo6attachEiii
 .text._ZN5Servo6attachEi
                0x00000bf6        0xc Servo.o
                0x00000bf6                _ZN5Servo6attachEi
 .text._ZN5Servo17writeMicrosecondsEi
                0x00000c02       0x6c Servo.o
                0x00000c02                _ZN5Servo17writeMicrosecondsEi
 .text._ZN8SPIClass5beginEv
                0x00000c6e       0x2c SPI.o
                0x00000c6e                _ZN8SPIClass5beginEv
 .text.setup    0x00000c9a       0x9e Test_Bed.o
                0x00000c9a                setup
 .text.loop     0x00000d38      0x258 Test_Bed.o
                0x00000d38                loop
 .text.startup._GLOBAL__sub_I_serial
                0x00000f90       0x22 Test_Bed.o
 .text.exit._GLOBAL__sub_D_serial
                0x00000fb2        0x8 Test_Bed.o
 .text._ZN5Print17availableForWriteEv
                0x00000fba        0x6 RoboClaw.o
                0x00000fba                _ZN5Print17availableForWriteEv
 .text.avr-libc.fplib
                0x00000fc0        0xe c:/program files (x86)/atmel/studio/7.0/toolchain/avr8/avr8-gnu-toolchain/bin/../lib/gcc/avr/5.4.0/../../../../avr/lib/avr5\libm.a(addsf3.o)
                0x00000fc0                __subsf3
                0x00000fc2                __addsf3
 .text.avr-libc.fplib
                0x00000fce       0xcc c:/program files (x86)/atmel/studio/7.0/toolchain/avr8/avr8-gnu-toolchain/bin/../lib/gcc/avr/5.4.0/../../../../avr/lib/avr5\libm.a(addsf3x.o)
                0x00000ff0                __addsf3x
 .text.avr-libc.fplib
                0x0000109a        0xa c:/program files (x86)/atmel/studio/7.0/toolchain/avr8/avr8-gnu-toolchain/bin/../lib/gcc/avr/5.4.0/../../../../avr/lib/avr5\libm.a(cmpsf2.o)
                0x0000109a                __nesf2
                0x0000109a                __eqsf2
                0x0000109a                __cmpsf2
                0x0000109a                __ltsf2
                0x0000109a                __lesf2
 .text.avr-libc.fplib
                0x000010a4       0x5e c:/program files (x86)/atmel/studio/7.0/toolchain/avr8/avr8-gnu-toolchain/bin/../lib/gcc/avr/5.4.0/../../../../avr/lib/avr5\libm.a(fixunssfsi.o)
                0x000010a4                __fixunssfsi
 .text.avr-libc.fplib
                0x00001102       0x7a c:/program files (x86)/atmel/studio/7.0/toolchain/avr8/avr8-gnu-toolchain/bin/../lib/gcc/avr/5.4.0/../../../../avr/lib/avr5\libm.a(floatsisf.o)
                0x00001102                __floatunsisf
                0x00001106                __floatsisf
 .text.avr-libc.fplib
                0x0000117c       0x48 c:/program files (x86)/atmel/studio/7.0/toolchain/avr8/avr8-gnu-toolchain/bin/../lib/gcc/avr/5.4.0/../../../../avr/lib/avr5\libm.a(fp_cmp.o)
                0x0000117c                __fp_cmp
 .text.avr-libc.fplib
                0x000011c4        0xc c:/program files (x86)/atmel/studio/7.0/toolchain/avr8/avr8-gnu-toolchain/bin/../lib/gcc/avr/5.4.0/../../../../avr/lib/avr5\libm.a(fp_inf.o)
                0x000011c4                __fp_inf
 .text.avr-libc.fplib
                0x000011d0        0x6 c:/program files (x86)/atmel/studio/7.0/toolchain/avr8/avr8-gnu-toolchain/bin/../lib/gcc/avr/5.4.0/../../../../avr/lib/avr5\libm.a(fp_nan.o)
                0x000011d0                __fp_nan
 .text.avr-libc.fplib
                0x000011d6        0xe c:/program files (x86)/atmel/studio/7.0/toolchain/avr8/avr8-gnu-toolchain/bin/../lib/gcc/avr/5.4.0/../../../../avr/lib/avr5\libm.a(fp_pscA.o)
                0x000011d6                __fp_pscA
 .text.avr-libc.fplib
                0x000011e4        0xe c:/program files (x86)/atmel/studio/7.0/toolchain/avr8/avr8-gnu-toolchain/bin/../lib/gcc/avr/5.4.0/../../../../avr/lib/avr5\libm.a(fp_pscB.o)
                0x000011e4                __fp_pscB
 .text.avr-libc.fplib
                0x000011f2       0x22 c:/program files (x86)/atmel/studio/7.0/toolchain/avr8/avr8-gnu-toolchain/bin/../lib/gcc/avr/5.4.0/../../../../avr/lib/avr5\libm.a(fp_round.o)
                0x000011f2                __fp_round
 .text.avr-libc.fplib
                0x00001214       0x44 c:/program files (x86)/atmel/studio/7.0/toolchain/avr8/avr8-gnu-toolchain/bin/../lib/gcc/avr/5.4.0/../../../../avr/lib/avr5\libm.a(fp_split3.o)
                0x00001214                __fp_split3
                0x00001224                __fp_splitA
 .text.avr-libc.fplib
                0x00001258        0xe c:/program files (x86)/atmel/studio/7.0/toolchain/avr8/avr8-gnu-toolchain/bin/../lib/gcc/avr/5.4.0/../../../../avr/lib/avr5\libm.a(fp_zero.o)
                0x00001258                __fp_zero
                0x0000125a                __fp_szero
 .text.avr-libc.fplib
                0x00001266        0x8 c:/program files (x86)/atmel/studio/7.0/toolchain/avr8/avr8-gnu-toolchain/bin/../lib/gcc/avr/5.4.0/../../../../avr/lib/avr5\libm.a(mulsf3.o)
                0x00001266                __mulsf3
 .text.avr-libc.fplib
                0x0000126e       0xd2 c:/program files (x86)/atmel/studio/7.0/toolchain/avr8/avr8-gnu-toolchain/bin/../lib/gcc/avr/5.4.0/../../../../avr/lib/avr5\libm.a(mulsf3x.o)
                0x0000128c                __mulsf3x
                0x00001292                __mulsf3_pse
 .text._ZN14HardwareSerial9availableEv
                0x00001340       0x18 C:\Users\John Wiggins\repos\ME490_Codes\ArduinoSketch4\ArduinoCore\Debug\libArduinoCore.a(HardwareSerial.o)
                0x00001340                _ZN14HardwareSerial9availableEv
 .text._ZN14HardwareSerial4peekEv
                0x00001358       0x1c C:\Users\John Wiggins\repos\ME490_Codes\ArduinoSketch4\ArduinoCore\Debug\libArduinoCore.a(HardwareSerial.o)
                0x00001358                _ZN14HardwareSerial4peekEv
 .text._ZN14HardwareSerial4readEv
                0x00001374       0x28 C:\Users\John Wiggins\repos\ME490_Codes\ArduinoSketch4\ArduinoCore\Debug\libArduinoCore.a(HardwareSerial.o)
                0x00001374                _ZN14HardwareSerial4readEv
 .text._ZN14HardwareSerial17availableForWriteEv
                0x0000139c       0x1e C:\Users\John Wiggins\repos\ME490_Codes\ArduinoSketch4\ArduinoCore\Debug\libArduinoCore.a(HardwareSerial.o)
                0x0000139c                _ZN14HardwareSerial17availableForWriteEv
 .text._Z14serialEventRunv
                0x000013ba       0x1c C:\Users\John Wiggins\repos\ME490_Codes\ArduinoSketch4\ArduinoCore\Debug\libArduinoCore.a(HardwareSerial.o)
                0x000013ba                _Z14serialEventRunv
 .text._ZN14HardwareSerial17_tx_udr_empty_irqEv
                0x000013d6       0x44 C:\Users\John Wiggins\repos\ME490_Codes\ArduinoSketch4\ArduinoCore\Debug\libArduinoCore.a(HardwareSerial.o)
                0x000013d6                _ZN14HardwareSerial17_tx_udr_empty_irqEv
 .text._ZN14HardwareSerial5writeEh
                0x0000141a       0x9a C:\Users\John Wiggins\repos\ME490_Codes\ArduinoSketch4\ArduinoCore\Debug\libArduinoCore.a(HardwareSerial.o)
                0x0000141a                _ZN14HardwareSerial5writeEh
 .text._ZN14HardwareSerial5flushEv
                0x000014b4       0x44 C:\Users\John Wiggins\repos\ME490_Codes\ArduinoSketch4\ArduinoCore\Debug\libArduinoCore.a(HardwareSerial.o)
                0x000014b4                _ZN14HardwareSerial5flushEv
 .text.__vector_18
                0x000014f8       0x64 C:\Users\John Wiggins\repos\ME490_Codes\ArduinoSketch4\ArduinoCore\Debug\libArduinoCore.a(HardwareSerial0.o)
                0x000014f8                __vector_18
 .text.__vector_19
                0x0000155c       0x4c C:\Users\John Wiggins\repos\ME490_Codes\ArduinoSketch4\ArduinoCore\Debug\libArduinoCore.a(HardwareSerial0.o)
                0x0000155c                __vector_19
 .text._Z17Serial0_availablev
                0x000015a8       0x14 C:\Users\John Wiggins\repos\ME490_Codes\ArduinoSketch4\ArduinoCore\Debug\libArduinoCore.a(HardwareSerial0.o)
                0x000015a8                _Z17Serial0_availablev
 .text.startup._GLOBAL__sub_I___vector_18
                0x000015bc       0x5a C:\Users\John Wiggins\repos\ME490_Codes\ArduinoSketch4\ArduinoCore\Debug\libArduinoCore.a(HardwareSerial0.o)
 .text.initVariant
                0x00001616        0x2 C:\Users\John Wiggins\repos\ME490_Codes\ArduinoSketch4\ArduinoCore\Debug\libArduinoCore.a(main.o)
                0x00001616                initVariant
 .text.startup.main
                0x00001618       0x1e C:\Users\John Wiggins\repos\ME490_Codes\ArduinoSketch4\ArduinoCore\Debug\libArduinoCore.a(main.o)
                0x00001618                main
 .text._ZN5Print5writeEPKhj
                0x00001636       0x54 C:\Users\John Wiggins\repos\ME490_Codes\ArduinoSketch4\ArduinoCore\Debug\libArduinoCore.a(Print.o)
                0x00001636                _ZN5Print5writeEPKhj
 .text._ZN5Print5writeEPKc
                0x0000168a       0x2a C:\Users\John Wiggins\repos\ME490_Codes\ArduinoSketch4\ArduinoCore\Debug\libArduinoCore.a(Print.o)
                0x0000168a                _ZN5Print5writeEPKc
 .text._ZN5Print5printEPKc
                0x000016b4        0x4 C:\Users\John Wiggins\repos\ME490_Codes\ArduinoSketch4\ArduinoCore\Debug\libArduinoCore.a(Print.o)
                0x000016b4                _ZN5Print5printEPKc
 .text._ZN5Print5printEc
                0x000016b8        0xe C:\Users\John Wiggins\repos\ME490_Codes\ArduinoSketch4\ArduinoCore\Debug\libArduinoCore.a(Print.o)
                0x000016b8                _ZN5Print5printEc
 .text._ZN5Print7printlnEv
                0x000016c6        0x8 C:\Users\John Wiggins\repos\ME490_Codes\ArduinoSketch4\ArduinoCore\Debug\libArduinoCore.a(Print.o)
                0x000016c6                _ZN5Print7printlnEv
 .text._ZN5Print7printlnEPKc
                0x000016ce       0x24 C:\Users\John Wiggins\repos\ME490_Codes\ArduinoSketch4\ArduinoCore\Debug\libArduinoCore.a(Print.o)
                0x000016ce                _ZN5Print7printlnEPKc
 .text._ZN5Print11printNumberEmh
                0x000016f2       0x92 C:\Users\John Wiggins\repos\ME490_Codes\ArduinoSketch4\ArduinoCore\Debug\libArduinoCore.a(Print.o)
                0x000016f2                _ZN5Print11printNumberEmh
 .text._ZN5Print5printEmi
                0x00001784       0x1a C:\Users\John Wiggins\repos\ME490_Codes\ArduinoSketch4\ArduinoCore\Debug\libArduinoCore.a(Print.o)
                0x00001784                _ZN5Print5printEmi
 .text._ZN5Print5printEji
                0x0000179e        0xc C:\Users\John Wiggins\repos\ME490_Codes\ArduinoSketch4\ArduinoCore\Debug\libArduinoCore.a(Print.o)
                0x0000179e                _ZN5Print5printEji
 .text._ZN5Print10printFloatEdh
                0x000017aa      0x1b6 C:\Users\John Wiggins\repos\ME490_Codes\ArduinoSketch4\ArduinoCore\Debug\libArduinoCore.a(Print.o)
                0x000017aa                _ZN5Print10printFloatEdh
 .text._ZN5Print5printEdi
                0x00001960        0x4 C:\Users\John Wiggins\repos\ME490_Codes\ArduinoSketch4\ArduinoCore\Debug\libArduinoCore.a(Print.o)
                0x00001960                _ZN5Print5printEdi
 .text.__vector_16
                0x00001964       0x94 C:\Users\John Wiggins\repos\ME490_Codes\ArduinoSketch4\ArduinoCore\Debug\libArduinoCore.a(wiring.o)
                0x00001964                __vector_16
 .text.millis   0x000019f8       0x18 C:\Users\John Wiggins\repos\ME490_Codes\ArduinoSketch4\ArduinoCore\Debug\libArduinoCore.a(wiring.o)
                0x000019f8                millis
 .text.micros   0x00001a10       0x4a C:\Users\John Wiggins\repos\ME490_Codes\ArduinoSketch4\ArduinoCore\Debug\libArduinoCore.a(wiring.o)
                0x00001a10                micros
 .text.delay    0x00001a5a       0x78 C:\Users\John Wiggins\repos\ME490_Codes\ArduinoSketch4\ArduinoCore\Debug\libArduinoCore.a(wiring.o)
                0x00001a5a                delay
 .text.init     0x00001ad2       0x76 C:\Users\John Wiggins\repos\ME490_Codes\ArduinoSketch4\ArduinoCore\Debug\libArduinoCore.a(wiring.o)
                0x00001ad2                init
 .text.analogRead
                0x00001b48       0x3a C:\Users\John Wiggins\repos\ME490_Codes\ArduinoSketch4\ArduinoCore\Debug\libArduinoCore.a(wiring_analog.o)
                0x00001b48                analogRead
 .text.turnOffPWM
                0x00001b82       0x52 C:\Users\John Wiggins\repos\ME490_Codes\ArduinoSketch4\ArduinoCore\Debug\libArduinoCore.a(wiring_digital.o)
 .text.pinMode  0x00001bd4       0x78 C:\Users\John Wiggins\repos\ME490_Codes\ArduinoSketch4\ArduinoCore\Debug\libArduinoCore.a(wiring_digital.o)
                0x00001bd4                pinMode
 .text.digitalWrite
                0x00001c4c       0x5e C:\Users\John Wiggins\repos\ME490_Codes\ArduinoSketch4\ArduinoCore\Debug\libArduinoCore.a(wiring_digital.o)
                0x00001c4c                digitalWrite
 .text._Z3maplllll
                0x00001caa       0x82 C:\Users\John Wiggins\repos\ME490_Codes\ArduinoSketch4\ArduinoCore\Debug\libArduinoCore.a(WMath.o)
                0x00001caa                _Z3maplllll
 .text._ZN14SoftwareSerial4readEv
                0x00001d2c       0x42 C:\Users\John Wiggins\repos\ME490_Codes\ArduinoSketch4\ArduinoCore\Debug\libArduinoCore.a(SoftwareSerial.o)
                0x00001d2c                _ZN14SoftwareSerial4readEv
 .text._ZN14SoftwareSerial5writeEh
                0x00001d6e       0xa0 C:\Users\John Wiggins\repos\ME490_Codes\ArduinoSketch4\ArduinoCore\Debug\libArduinoCore.a(SoftwareSerial.o)
                0x00001d6e                _ZN14SoftwareSerial5writeEh
 .text._ZN14SoftwareSerial5flushEv
                0x00001e0e        0x2 C:\Users\John Wiggins\repos\ME490_Codes\ArduinoSketch4\ArduinoCore\Debug\libArduinoCore.a(SoftwareSerial.o)
                0x00001e0e                _ZN14SoftwareSerial5flushEv
 .text._ZN14SoftwareSerial4peekEv
                0x00001e10       0x30 C:\Users\John Wiggins\repos\ME490_Codes\ArduinoSketch4\ArduinoCore\Debug\libArduinoCore.a(SoftwareSerial.o)
                0x00001e10                _ZN14SoftwareSerial4peekEv
 .text._ZN14SoftwareSerial9availableEv
                0x00001e40       0x30 C:\Users\John Wiggins\repos\ME490_Codes\ArduinoSketch4\ArduinoCore\Debug\libArduinoCore.a(SoftwareSerial.o)
                0x00001e40                _ZN14SoftwareSerial9availableEv
 .text._ZN14SoftwareSerial13stopListeningEv
                0x00001e70       0x2c C:\Users\John Wiggins\repos\ME490_Codes\ArduinoSketch4\ArduinoCore\Debug\libArduinoCore.a(SoftwareSerial.o)
                0x00001e70                _ZN14SoftwareSerial13stopListeningEv
 .text._ZN14SoftwareSerial6listenEv
                0x00001e9c       0x52 C:\Users\John Wiggins\repos\ME490_Codes\ArduinoSketch4\ArduinoCore\Debug\libArduinoCore.a(SoftwareSerial.o)
                0x00001e9c                _ZN14SoftwareSerial6listenEv
 .text.__vector_3
                0x00001eee       0xf4 C:\Users\John Wiggins\repos\ME490_Codes\ArduinoSketch4\ArduinoCore\Debug\libArduinoCore.a(SoftwareSerial.o)
                0x00001eee                __vector_5
                0x00001eee                __vector_4
                0x00001eee                __vector_3
 .text._ZN14SoftwareSerialD2Ev
                0x00001fe2        0xe C:\Users\John Wiggins\repos\ME490_Codes\ArduinoSketch4\ArduinoCore\Debug\libArduinoCore.a(SoftwareSerial.o)
                0x00001fe2                _ZN14SoftwareSerialD1Ev
                0x00001fe2                _ZN14SoftwareSerialD2Ev
 .text._ZN14SoftwareSerial5setTXEh
                0x00001ff0       0x52 C:\Users\John Wiggins\repos\ME490_Codes\ArduinoSketch4\ArduinoCore\Debug\libArduinoCore.a(SoftwareSerial.o)
                0x00001ff0                _ZN14SoftwareSerial5setTXEh
 .text._ZN14SoftwareSerial5setRXEh
                0x00002042       0x52 C:\Users\John Wiggins\repos\ME490_Codes\ArduinoSketch4\ArduinoCore\Debug\libArduinoCore.a(SoftwareSerial.o)
                0x00002042                _ZN14SoftwareSerial5setRXEh
 .text._ZN14SoftwareSerialC2Ehhb
                0x00002094       0x56 C:\Users\John Wiggins\repos\ME490_Codes\ArduinoSketch4\ArduinoCore\Debug\libArduinoCore.a(SoftwareSerial.o)
                0x00002094                _ZN14SoftwareSerialC1Ehhb
                0x00002094                _ZN14SoftwareSerialC2Ehhb
 .text._ZN14SoftwareSerial5beginEl
                0x000020ea      0x11c C:\Users\John Wiggins\repos\ME490_Codes\ArduinoSketch4\ArduinoCore\Debug\libArduinoCore.a(SoftwareSerial.o)
                0x000020ea                _ZN14SoftwareSerial5beginEl
 .text.__empty  0x00002206        0x2 C:\Users\John Wiggins\repos\ME490_Codes\ArduinoSketch4\ArduinoCore\Debug\libArduinoCore.a(hooks.o)
                0x00002206                yield
 .text.avr-libc.fplib
                0x00002208        0x8 c:/program files (x86)/atmel/studio/7.0/toolchain/avr8/avr8-gnu-toolchain/bin/../lib/gcc/avr/5.4.0/../../../../avr/lib/avr5\libm.a(divsf3.o)
                0x00002208                __divsf3
 .text.avr-libc.fplib
                0x00002210       0xdc c:/program files (x86)/atmel/studio/7.0/toolchain/avr8/avr8-gnu-toolchain/bin/../lib/gcc/avr/5.4.0/../../../../avr/lib/avr5\libm.a(divsf3x.o)
                0x00002230                __divsf3x
                0x00002236                __divsf3_pse
 .text.avr-libc.fplib
                0x000022ec        0xa c:/program files (x86)/atmel/studio/7.0/toolchain/avr8/avr8-gnu-toolchain/bin/../lib/gcc/avr/5.4.0/../../../../avr/lib/avr5\libm.a(gesf2.o)
                0x000022ec                __gesf2
                0x000022ec                __gtsf2
 .text.avr-libc.fplib
                0x000022f6        0xa c:/program files (x86)/atmel/studio/7.0/toolchain/avr8/avr8-gnu-toolchain/bin/../lib/gcc/avr/5.4.0/../../../../avr/lib/avr5\libm.a(unordsf2.o)
                0x000022f6                __unordsf2
 .text.libgcc.mul
                0x00002300       0x20 c:/program files (x86)/atmel/studio/7.0/toolchain/avr8/avr8-gnu-toolchain/bin/../lib/gcc/avr/5.4.0/avr5\libgcc.a(_mulsi3.o)
                0x00002300                __mulsi3
 .text.libgcc.div
                0x00002320       0x18 c:/program files (x86)/atmel/studio/7.0/toolchain/avr8/avr8-gnu-toolchain/bin/../lib/gcc/avr/5.4.0/avr5\libgcc.a(_udivmodqi4.o)
                0x00002320                __udivmodqi4
 .text.libgcc.div
                0x00002338       0x28 c:/program files (x86)/atmel/studio/7.0/toolchain/avr8/avr8-gnu-toolchain/bin/../lib/gcc/avr/5.4.0/avr5\libgcc.a(_divmodhi4.o)
                0x00002338                _div
                0x00002338                __divmodhi4
 .text.libgcc.div
                0x00002360       0x44 c:/program files (x86)/atmel/studio/7.0/toolchain/avr8/avr8-gnu-toolchain/bin/../lib/gcc/avr/5.4.0/avr5\libgcc.a(_udivmodsi4.o)
                0x00002360                __udivmodsi4
 .text.libgcc.div
                0x000023a4       0x2e c:/program files (x86)/atmel/studio/7.0/toolchain/avr8/avr8-gnu-toolchain/bin/../lib/gcc/avr/5.4.0/avr5\libgcc.a(_divmodsi4.o)
                0x000023a4                __divmodsi4
 .text.libgcc.div
                0x000023d2       0x10 c:/program files (x86)/atmel/studio/7.0/toolchain/avr8/avr8-gnu-toolchain/bin/../lib/gcc/avr/5.4.0/avr5\libgcc.a(_negsi2.o)
                0x000023d2                __negsi2
 .text.libgcc   0x000023e2        0xc c:/program files (x86)/atmel/studio/7.0/toolchain/avr8/avr8-gnu-toolchain/bin/../lib/gcc/avr/5.4.0/avr5\libgcc.a(_tablejump2.o)
                0x000023e2                __tablejump2__
 .text.libgcc.mul
                0x000023ee       0x16 c:/program files (x86)/atmel/studio/7.0/toolchain/avr8/avr8-gnu-toolchain/bin/../lib/gcc/avr/5.4.0/avr5\libgcc.a(_muluhisi3.o)
                0x000023ee                __muluhisi3
 .text.libgcc.div
                0x00002404       0x28 c:/program files (x86)/atmel/studio/7.0/toolchain/avr8/avr8-gnu-toolchain/bin/../lib/gcc/avr/5.4.0/avr5\libgcc.a(_udivmodhi4.o)
                0x00002404                __udivmodhi4
 .text.libgcc.mul
                0x0000242c       0x1e c:/program files (x86)/atmel/studio/7.0/toolchain/avr8/avr8-gnu-toolchain/bin/../lib/gcc/avr/5.4.0/avr5\libgcc.a(_umulhisi3.o)
                0x0000242c                __umulhisi3
                0x0000244a                . = ALIGN (0x2)
 *(.fini9)
 .fini9         0x0000244a        0x0 c:/program files (x86)/atmel/studio/7.0/toolchain/avr8/avr8-gnu-toolchain/bin/../lib/gcc/avr/5.4.0/avr5\libgcc.a(_exit.o)
                0x0000244a                _exit
                0x0000244a                exit
 *(.fini9)
 *(.fini8)
 *(.fini8)
 *(.fini7)
 *(.fini7)
 *(.fini6)
 .fini6         0x0000244a       0x16 c:/program files (x86)/atmel/studio/7.0/toolchain/avr8/avr8-gnu-toolchain/bin/../lib/gcc/avr/5.4.0/avr5\libgcc.a(_dtors.o)
                0x0000244a                __do_global_dtors
 *(.fini6)
 *(.fini5)
 *(.fini5)
 *(.fini4)
 *(.fini4)
 *(.fini3)
 *(.fini3)
 *(.fini2)
 *(.fini2)
 *(.fini1)
 *(.fini1)
 *(.fini0)
 .fini0         0x00002460        0x4 c:/program files (x86)/atmel/studio/7.0/toolchain/avr8/avr8-gnu-toolchain/bin/../lib/gcc/avr/5.4.0/avr5\libgcc.a(_exit.o)
 *(.fini0)
                0x00002464                _etext = .

.data           0x00800100      0x278 load address 0x00002464
                0x00800100                PROVIDE (__data_start, .)
 *(.data)
 *(.data*)
 .data.motor    0x00800100        0x2 Test_Bed.o
                0x00800100                motor
 .data.spiCSPin
                0x00800102        0x2 Test_Bed.o
                0x00800102                spiCSPin
 .data.threshold
                0x00800104        0x4 Test_Bed.o
                0x00800104                threshold
 .data.potPin   0x00800108        0x2 Test_Bed.o
                0x00800108                potPin
 .data.ledPin   0x0080010a        0x2 Test_Bed.o
                0x0080010a                ledPin
 .data.analog_reference
                0x0080010c        0x1 C:\Users\John Wiggins\repos\ME490_Codes\ArduinoSketch4\ArduinoCore\Debug\libArduinoCore.a(wiring_analog.o)
                0x0080010c                analog_reference
 *(.gnu.linkonce.d*)
 *(.rodata)
 *(.rodata*)
 .rodata.str1.1
                0x0080010d      0x215 mcp_can.o
 .rodata.str1.1
                0x00800322       0x25 Test_Bed.o
 .rodata._ZTV14HardwareSerial
                0x00800347       0x12 C:\Users\John Wiggins\repos\ME490_Codes\ArduinoSketch4\ArduinoCore\Debug\libArduinoCore.a(HardwareSerial.o)
                0x00800347                _ZTV14HardwareSerial
 .rodata.str1.1
                0x00800359        0xc C:\Users\John Wiggins\repos\ME490_Codes\ArduinoSketch4\ArduinoCore\Debug\libArduinoCore.a(Print.o)
                                  0xf (size before relaxing)
 .rodata._ZTV14SoftwareSerial
                0x00800365       0x12 C:\Users\John Wiggins\repos\ME490_Codes\ArduinoSketch4\ArduinoCore\Debug\libArduinoCore.a(SoftwareSerial.o)
                0x00800365                _ZTV14SoftwareSerial
 *(.gnu.linkonce.r*)
                0x00800378                . = ALIGN (0x2)
 *fill*         0x00800377        0x1 
                0x00800378                _edata = .
                0x00800378                PROVIDE (__data_end, .)

.bss            0x00800378      0x14e
                0x00800378                PROVIDE (__bss_start, .)
 *(.bss)
 *(.bss*)
 .bss.ServoCount
                0x00800378        0x1 Servo.o
                0x00800378                ServoCount
 .bss._ZL7Channel
                0x00800379        0x1 Servo.o
 .bss._ZL6servos
                0x0080037a       0x24 Servo.o
 .bss._ZN8SPIClass13interruptSaveE
                0x0080039e        0x1 SPI.o
                0x0080039e                _ZN8SPIClass13interruptSaveE
 .bss._ZN8SPIClass13interruptMaskE
                0x0080039f        0x1 SPI.o
                0x0080039f                _ZN8SPIClass13interruptMaskE
 .bss._ZN8SPIClass13interruptModeE
                0x008003a0        0x1 SPI.o
                0x008003a0                _ZN8SPIClass13interruptModeE
 .bss.SPI       0x008003a1        0x1 SPI.o
                0x008003a1                SPI
 .bss.CAN       0x008003a2        0xb Test_Bed.o
                0x008003a2                CAN
 .bss.raw       0x008003ad        0x1 Test_Bed.o
                0x008003ad                raw
 .bss.setPoint  0x008003ae        0x4 Test_Bed.o
                0x008003ae                setPoint
 .bss.pos       0x008003b2        0x4 Test_Bed.o
                0x008003b2                pos
 .bss.val       0x008003b6        0x4 Test_Bed.o
                0x008003b6                val
 .bss.claw      0x008003ba        0x3 Test_Bed.o
                0x008003ba                claw
 .bss.serial    0x008003bd       0x1f Test_Bed.o
                0x008003bd                serial
 .bss.Serial    0x008003dc       0x9d C:\Users\John Wiggins\repos\ME490_Codes\ArduinoSketch4\ArduinoCore\Debug\libArduinoCore.a(HardwareSerial0.o)
                0x008003dc                Serial
 .bss.timer0_fract
                0x00800479        0x1 C:\Users\John Wiggins\repos\ME490_Codes\ArduinoSketch4\ArduinoCore\Debug\libArduinoCore.a(wiring.o)
 .bss.timer0_millis
                0x0080047a        0x4 C:\Users\John Wiggins\repos\ME490_Codes\ArduinoSketch4\ArduinoCore\Debug\libArduinoCore.a(wiring.o)
                0x0080047a                timer0_millis
 .bss.timer0_overflow_count
                0x0080047e        0x4 C:\Users\John Wiggins\repos\ME490_Codes\ArduinoSketch4\ArduinoCore\Debug\libArduinoCore.a(wiring.o)
                0x0080047e                timer0_overflow_count
 .bss._ZN14SoftwareSerial20_receive_buffer_headE
                0x00800482        0x1 C:\Users\John Wiggins\repos\ME490_Codes\ArduinoSketch4\ArduinoCore\Debug\libArduinoCore.a(SoftwareSerial.o)
                0x00800482                _ZN14SoftwareSerial20_receive_buffer_headE
 .bss._ZN14SoftwareSerial20_receive_buffer_tailE
                0x00800483        0x1 C:\Users\John Wiggins\repos\ME490_Codes\ArduinoSketch4\ArduinoCore\Debug\libArduinoCore.a(SoftwareSerial.o)
                0x00800483                _ZN14SoftwareSerial20_receive_buffer_tailE
 .bss._ZN14SoftwareSerial15_receive_bufferE
                0x00800484       0x40 C:\Users\John Wiggins\repos\ME490_Codes\ArduinoSketch4\ArduinoCore\Debug\libArduinoCore.a(SoftwareSerial.o)
                0x00800484                _ZN14SoftwareSerial15_receive_bufferE
 .bss._ZN14SoftwareSerial13active_objectE
                0x008004c4        0x2 C:\Users\John Wiggins\repos\ME490_Codes\ArduinoSketch4\ArduinoCore\Debug\libArduinoCore.a(SoftwareSerial.o)
                0x008004c4                _ZN14SoftwareSerial13active_objectE
 *(COMMON)
                0x008004c6                PROVIDE (__bss_end, .)
                0x00002464                __data_load_start = LOADADDR (.data)
                0x000026dc                __data_load_end = (__data_load_start + SIZEOF (.data))

.noinit         0x008004c6        0x0
                [!provide]                PROVIDE (__noinit_start, .)
 *(.noinit*)
                [!provide]                PROVIDE (__noinit_end, .)
                0x008004c6                _end = .
                [!provide]                PROVIDE (__heap_start, .)

.eeprom         0x00810000        0x0
 *(.eeprom*)
                0x00810000                __eeprom_end = .

.fuse
 *(.fuse)
 *(.lfuse)
 *(.hfuse)
 *(.efuse)

.lock
 *(.lock*)

.signature
 *(.signature*)

.user_signatures
 *(.user_signatures*)

.stab
 *(.stab)

.stabstr
 *(.stabstr)

.stab.excl
 *(.stab.excl)

.stab.exclstr
 *(.stab.exclstr)

.stab.index
 *(.stab.index)

.stab.indexstr
 *(.stab.indexstr)

.comment        0x00000000       0x30
 *(.comment)
 .comment       0x00000000       0x30 mcp_can.o
                                 0x31 (size before relaxing)
 .comment       0x00000030       0x31 Servo.o
 .comment       0x00000030       0x31 SPI.o
 .comment       0x00000030       0x31 Test_Bed.o
 .comment       0x00000030       0x31 RoboClaw.o
 .comment       0x00000030       0x31 C:\Users\John Wiggins\repos\ME490_Codes\ArduinoSketch4\ArduinoCore\Debug\libArduinoCore.a(HardwareSerial.o)
 .comment       0x00000030       0x31 C:\Users\John Wiggins\repos\ME490_Codes\ArduinoSketch4\ArduinoCore\Debug\libArduinoCore.a(HardwareSerial0.o)
 .comment       0x00000030       0x31 C:\Users\John Wiggins\repos\ME490_Codes\ArduinoSketch4\ArduinoCore\Debug\libArduinoCore.a(main.o)
 .comment       0x00000030       0x31 C:\Users\John Wiggins\repos\ME490_Codes\ArduinoSketch4\ArduinoCore\Debug\libArduinoCore.a(Print.o)
 .comment       0x00000030       0x31 C:\Users\John Wiggins\repos\ME490_Codes\ArduinoSketch4\ArduinoCore\Debug\libArduinoCore.a(wiring.o)
 .comment       0x00000030       0x31 C:\Users\John Wiggins\repos\ME490_Codes\ArduinoSketch4\ArduinoCore\Debug\libArduinoCore.a(wiring_analog.o)
 .comment       0x00000030       0x31 C:\Users\John Wiggins\repos\ME490_Codes\ArduinoSketch4\ArduinoCore\Debug\libArduinoCore.a(wiring_digital.o)
 .comment       0x00000030       0x31 C:\Users\John Wiggins\repos\ME490_Codes\ArduinoSketch4\ArduinoCore\Debug\libArduinoCore.a(WMath.o)
 .comment       0x00000030       0x31 C:\Users\John Wiggins\repos\ME490_Codes\ArduinoSketch4\ArduinoCore\Debug\libArduinoCore.a(SoftwareSerial.o)
 .comment       0x00000030       0x31 C:\Users\John Wiggins\repos\ME490_Codes\ArduinoSketch4\ArduinoCore\Debug\libArduinoCore.a(hooks.o)

.note.gnu.avr.deviceinfo
                0x00000000       0x40
 .note.gnu.avr.deviceinfo
                0x00000000       0x40 C:/Program Files (x86)/Atmel/Studio/7.0/Packs/atmel/ATmega_DFP/1.2.209/gcc/dev/atmega328p/avr5/crtatmega328p.o

.note.gnu.build-id
 *(.note.gnu.build-id)

.debug
 *(.debug)

.line
 *(.line)

.debug_srcinfo
 *(.debug_srcinfo)

.debug_sfnames
 *(.debug_sfnames)

.debug_aranges  0x00000000      0xa30
 *(.debug_aranges)
 .debug_aranges
                0x00000000      0x200 mcp_can.o
 .debug_aranges
                0x00000200       0x68 Servo.o
 .debug_aranges
                0x00000268       0x38 SPI.o
 .debug_aranges
                0x000002a0       0x38 Test_Bed.o
 .debug_aranges
                0x000002d8      0x3b8 RoboClaw.o
 .debug_aranges
                0x00000690       0x68 C:\Users\John Wiggins\repos\ME490_Codes\ArduinoSketch4\ArduinoCore\Debug\libArduinoCore.a(HardwareSerial.o)
 .debug_aranges
                0x000006f8       0x48 C:\Users\John Wiggins\repos\ME490_Codes\ArduinoSketch4\ArduinoCore\Debug\libArduinoCore.a(HardwareSerial0.o)
 .debug_aranges
                0x00000740       0x30 C:\Users\John Wiggins\repos\ME490_Codes\ArduinoSketch4\ArduinoCore\Debug\libArduinoCore.a(main.o)
 .debug_aranges
                0x00000770      0x100 C:\Users\John Wiggins\repos\ME490_Codes\ArduinoSketch4\ArduinoCore\Debug\libArduinoCore.a(Print.o)
 .debug_aranges
                0x00000870       0x48 C:\Users\John Wiggins\repos\ME490_Codes\ArduinoSketch4\ArduinoCore\Debug\libArduinoCore.a(wiring.o)
 .debug_aranges
                0x000008b8       0x30 C:\Users\John Wiggins\repos\ME490_Codes\ArduinoSketch4\ArduinoCore\Debug\libArduinoCore.a(wiring_analog.o)
 .debug_aranges
                0x000008e8       0x38 C:\Users\John Wiggins\repos\ME490_Codes\ArduinoSketch4\ArduinoCore\Debug\libArduinoCore.a(wiring_digital.o)
 .debug_aranges
                0x00000920       0x48 C:\Users\John Wiggins\repos\ME490_Codes\ArduinoSketch4\ArduinoCore\Debug\libArduinoCore.a(WMath.o)
 .debug_aranges
                0x00000968       0xa8 C:\Users\John Wiggins\repos\ME490_Codes\ArduinoSketch4\ArduinoCore\Debug\libArduinoCore.a(SoftwareSerial.o)
 .debug_aranges
                0x00000a10       0x20 C:\Users\John Wiggins\repos\ME490_Codes\ArduinoSketch4\ArduinoCore\Debug\libArduinoCore.a(hooks.o)

.debug_pubnames
 *(.debug_pubnames)

.debug_info     0x00000000    0x16e32
 *(.debug_info .gnu.linkonce.wi.*)
 .debug_info    0x00000000      0x5f4 C:/Program Files (x86)/Atmel/Studio/7.0/Packs/atmel/ATmega_DFP/1.2.209/gcc/dev/atmega328p/avr5/crtatmega328p.o
 .debug_info    0x000005f4     0x3565 mcp_can.o
 .debug_info    0x00003b59      0x8d6 Servo.o
 .debug_info    0x0000442f      0x5b2 SPI.o
 .debug_info    0x000049e1     0x1541 Test_Bed.o
 .debug_info    0x00005f22     0x72ca RoboClaw.o
 .debug_info    0x0000d1ec     0x1f64 C:\Users\John Wiggins\repos\ME490_Codes\ArduinoSketch4\ArduinoCore\Debug\libArduinoCore.a(HardwareSerial.o)
 .debug_info    0x0000f150     0x1b16 C:\Users\John Wiggins\repos\ME490_Codes\ArduinoSketch4\ArduinoCore\Debug\libArduinoCore.a(HardwareSerial0.o)
 .debug_info    0x00010c66      0x237 C:\Users\John Wiggins\repos\ME490_Codes\ArduinoSketch4\ArduinoCore\Debug\libArduinoCore.a(main.o)
 .debug_info    0x00010e9d     0x28ff C:\Users\John Wiggins\repos\ME490_Codes\ArduinoSketch4\ArduinoCore\Debug\libArduinoCore.a(Print.o)
 .debug_info    0x0001379c      0x2cb C:\Users\John Wiggins\repos\ME490_Codes\ArduinoSketch4\ArduinoCore\Debug\libArduinoCore.a(wiring.o)
 .debug_info    0x00013a67      0x26d C:\Users\John Wiggins\repos\ME490_Codes\ArduinoSketch4\ArduinoCore\Debug\libArduinoCore.a(wiring_analog.o)
 .debug_info    0x00013cd4      0x5fe C:\Users\John Wiggins\repos\ME490_Codes\ArduinoSketch4\ArduinoCore\Debug\libArduinoCore.a(wiring_digital.o)
 .debug_info    0x000142d2      0x230 C:\Users\John Wiggins\repos\ME490_Codes\ArduinoSketch4\ArduinoCore\Debug\libArduinoCore.a(WMath.o)
 .debug_info    0x00014502     0x28f2 C:\Users\John Wiggins\repos\ME490_Codes\ArduinoSketch4\ArduinoCore\Debug\libArduinoCore.a(SoftwareSerial.o)
 .debug_info    0x00016df4       0x3e C:\Users\John Wiggins\repos\ME490_Codes\ArduinoSketch4\ArduinoCore\Debug\libArduinoCore.a(hooks.o)

.debug_abbrev   0x00000000     0x3395
 *(.debug_abbrev)
 .debug_abbrev  0x00000000      0x5a2 C:/Program Files (x86)/Atmel/Studio/7.0/Packs/atmel/ATmega_DFP/1.2.209/gcc/dev/atmega328p/avr5/crtatmega328p.o
 .debug_abbrev  0x000005a2      0x51c mcp_can.o
 .debug_abbrev  0x00000abe      0x386 Servo.o
 .debug_abbrev  0x00000e44      0x24f SPI.o
 .debug_abbrev  0x00001093      0x38e Test_Bed.o
 .debug_abbrev  0x00001421      0x5dc RoboClaw.o
 .debug_abbrev  0x000019fd      0x4b7 C:\Users\John Wiggins\repos\ME490_Codes\ArduinoSketch4\ArduinoCore\Debug\libArduinoCore.a(HardwareSerial.o)
 .debug_abbrev  0x00001eb4      0x3ce C:\Users\John Wiggins\repos\ME490_Codes\ArduinoSketch4\ArduinoCore\Debug\libArduinoCore.a(HardwareSerial0.o)
 .debug_abbrev  0x00002282      0x12d C:\Users\John Wiggins\repos\ME490_Codes\ArduinoSketch4\ArduinoCore\Debug\libArduinoCore.a(main.o)
 .debug_abbrev  0x000023af      0x47a C:\Users\John Wiggins\repos\ME490_Codes\ArduinoSketch4\ArduinoCore\Debug\libArduinoCore.a(Print.o)
 .debug_abbrev  0x00002829      0x146 C:\Users\John Wiggins\repos\ME490_Codes\ArduinoSketch4\ArduinoCore\Debug\libArduinoCore.a(wiring.o)
 .debug_abbrev  0x0000296f      0x16b C:\Users\John Wiggins\repos\ME490_Codes\ArduinoSketch4\ArduinoCore\Debug\libArduinoCore.a(wiring_analog.o)
 .debug_abbrev  0x00002ada      0x15b C:\Users\John Wiggins\repos\ME490_Codes\ArduinoSketch4\ArduinoCore\Debug\libArduinoCore.a(wiring_digital.o)
 .debug_abbrev  0x00002c35      0x12b C:\Users\John Wiggins\repos\ME490_Codes\ArduinoSketch4\ArduinoCore\Debug\libArduinoCore.a(WMath.o)
 .debug_abbrev  0x00002d60      0x60b C:\Users\John Wiggins\repos\ME490_Codes\ArduinoSketch4\ArduinoCore\Debug\libArduinoCore.a(SoftwareSerial.o)
 .debug_abbrev  0x0000336b       0x2a C:\Users\John Wiggins\repos\ME490_Codes\ArduinoSketch4\ArduinoCore\Debug\libArduinoCore.a(hooks.o)

.debug_line     0x00000000     0x55a2
 *(.debug_line .debug_line.* .debug_line_end)
 .debug_line    0x00000000      0x133 C:/Program Files (x86)/Atmel/Studio/7.0/Packs/atmel/ATmega_DFP/1.2.209/gcc/dev/atmega328p/avr5/crtatmega328p.o
 .debug_line    0x00000133     0x13f7 mcp_can.o
 .debug_line    0x0000152a      0x351 Servo.o
 .debug_line    0x0000187b      0x2a4 SPI.o
 .debug_line    0x00001b1f      0x32f Test_Bed.o
 .debug_line    0x00001e4e     0x17cb RoboClaw.o
 .debug_line    0x00003619      0x4c4 C:\Users\John Wiggins\repos\ME490_Codes\ArduinoSketch4\ArduinoCore\Debug\libArduinoCore.a(HardwareSerial.o)
 .debug_line    0x00003add      0x28c C:\Users\John Wiggins\repos\ME490_Codes\ArduinoSketch4\ArduinoCore\Debug\libArduinoCore.a(HardwareSerial0.o)
 .debug_line    0x00003d69      0x165 C:\Users\John Wiggins\repos\ME490_Codes\ArduinoSketch4\ArduinoCore\Debug\libArduinoCore.a(main.o)
 .debug_line    0x00003ece      0x685 C:\Users\John Wiggins\repos\ME490_Codes\ArduinoSketch4\ArduinoCore\Debug\libArduinoCore.a(Print.o)
 .debug_line    0x00004553      0x299 C:\Users\John Wiggins\repos\ME490_Codes\ArduinoSketch4\ArduinoCore\Debug\libArduinoCore.a(wiring.o)
 .debug_line    0x000047ec      0x20f C:\Users\John Wiggins\repos\ME490_Codes\ArduinoSketch4\ArduinoCore\Debug\libArduinoCore.a(wiring_analog.o)
 .debug_line    0x000049fb      0x252 C:\Users\John Wiggins\repos\ME490_Codes\ArduinoSketch4\ArduinoCore\Debug\libArduinoCore.a(wiring_digital.o)
 .debug_line    0x00004c4d      0x143 C:\Users\John Wiggins\repos\ME490_Codes\ArduinoSketch4\ArduinoCore\Debug\libArduinoCore.a(WMath.o)
 .debug_line    0x00004d90      0x7d1 C:\Users\John Wiggins\repos\ME490_Codes\ArduinoSketch4\ArduinoCore\Debug\libArduinoCore.a(SoftwareSerial.o)
 .debug_line    0x00005561       0x41 C:\Users\John Wiggins\repos\ME490_Codes\ArduinoSketch4\ArduinoCore\Debug\libArduinoCore.a(hooks.o)

.debug_frame    0x00000000     0x3190
 *(.debug_frame)
 .debug_frame   0x00000000      0x8fc mcp_can.o
 .debug_frame   0x000008fc      0x1b0 Servo.o
 .debug_frame   0x00000aac       0x54 SPI.o
 .debug_frame   0x00000b00       0xac Test_Bed.o
 .debug_frame   0x00000bac     0x1b74 RoboClaw.o
 .debug_frame   0x00002720      0x110 C:\Users\John Wiggins\repos\ME490_Codes\ArduinoSketch4\ArduinoCore\Debug\libArduinoCore.a(HardwareSerial.o)
 .debug_frame   0x00002830       0xe0 C:\Users\John Wiggins\repos\ME490_Codes\ArduinoSketch4\ArduinoCore\Debug\libArduinoCore.a(HardwareSerial0.o)
 .debug_frame   0x00002910       0x54 C:\Users\John Wiggins\repos\ME490_Codes\ArduinoSketch4\ArduinoCore\Debug\libArduinoCore.a(main.o)
 .debug_frame   0x00002964      0x3ac C:\Users\John Wiggins\repos\ME490_Codes\ArduinoSketch4\ArduinoCore\Debug\libArduinoCore.a(Print.o)
 .debug_frame   0x00002d10       0xc4 C:\Users\John Wiggins\repos\ME490_Codes\ArduinoSketch4\ArduinoCore\Debug\libArduinoCore.a(wiring.o)
 .debug_frame   0x00002dd4       0x54 C:\Users\John Wiggins\repos\ME490_Codes\ArduinoSketch4\ArduinoCore\Debug\libArduinoCore.a(wiring_analog.o)
 .debug_frame   0x00002e28       0x7c C:\Users\John Wiggins\repos\ME490_Codes\ArduinoSketch4\ArduinoCore\Debug\libArduinoCore.a(wiring_digital.o)
 .debug_frame   0x00002ea4       0xf4 C:\Users\John Wiggins\repos\ME490_Codes\ArduinoSketch4\ArduinoCore\Debug\libArduinoCore.a(WMath.o)
 .debug_frame   0x00002f98      0x1d4 C:\Users\John Wiggins\repos\ME490_Codes\ArduinoSketch4\ArduinoCore\Debug\libArduinoCore.a(SoftwareSerial.o)
 .debug_frame   0x0000316c       0x24 C:\Users\John Wiggins\repos\ME490_Codes\ArduinoSketch4\ArduinoCore\Debug\libArduinoCore.a(hooks.o)

.debug_str      0x00000000     0x5460
 *(.debug_str)
 .debug_str     0x00000000      0x208 C:/Program Files (x86)/Atmel/Studio/7.0/Packs/atmel/ATmega_DFP/1.2.209/gcc/dev/atmega328p/avr5/crtatmega328p.o
 .debug_str     0x00000208     0x1299 mcp_can.o
                               0x132c (size before relaxing)
 .debug_str     0x000014a1      0x25f Servo.o
                                0x4c3 (size before relaxing)
 .debug_str     0x00001700      0x10b SPI.o
                                0x693 (size before relaxing)
 .debug_str     0x0000180b      0x136 Test_Bed.o
                               0x12c8 (size before relaxing)
 .debug_str     0x00001941     0x2ad1 RoboClaw.o
                               0x2ed9 (size before relaxing)
 .debug_str     0x00004412      0x3fd C:\Users\John Wiggins\repos\ME490_Codes\ArduinoSketch4\ArduinoCore\Debug\libArduinoCore.a(HardwareSerial.o)
                               0x161a (size before relaxing)
 .debug_str     0x0000480f       0x47 C:\Users\John Wiggins\repos\ME490_Codes\ArduinoSketch4\ArduinoCore\Debug\libArduinoCore.a(HardwareSerial0.o)
                               0x140d (size before relaxing)
 .debug_str     0x00004856       0x37 C:\Users\John Wiggins\repos\ME490_Codes\ArduinoSketch4\ArduinoCore\Debug\libArduinoCore.a(main.o)
                                0x2b9 (size before relaxing)
 .debug_str     0x0000488d      0x3a6 C:\Users\John Wiggins\repos\ME490_Codes\ArduinoSketch4\ArduinoCore\Debug\libArduinoCore.a(Print.o)
                               0x1247 (size before relaxing)
 .debug_str     0x00004c33      0x12c C:\Users\John Wiggins\repos\ME490_Codes\ArduinoSketch4\ArduinoCore\Debug\libArduinoCore.a(wiring.o)
                                0x24f (size before relaxing)
 .debug_str     0x00004d5f       0x67 C:\Users\John Wiggins\repos\ME490_Codes\ArduinoSketch4\ArduinoCore\Debug\libArduinoCore.a(wiring_analog.o)
                                0x253 (size before relaxing)
 .debug_str     0x00004dc6       0xa3 C:\Users\John Wiggins\repos\ME490_Codes\ArduinoSketch4\ArduinoCore\Debug\libArduinoCore.a(wiring_digital.o)
                                0x2b4 (size before relaxing)
 .debug_str     0x00004e69       0xac C:\Users\John Wiggins\repos\ME490_Codes\ArduinoSketch4\ArduinoCore\Debug\libArduinoCore.a(WMath.o)
                                0x252 (size before relaxing)
 .debug_str     0x00004f15      0x52f C:\Users\John Wiggins\repos\ME490_Codes\ArduinoSketch4\ArduinoCore\Debug\libArduinoCore.a(SoftwareSerial.o)
                               0x1930 (size before relaxing)
 .debug_str     0x00005444       0x1c C:\Users\John Wiggins\repos\ME490_Codes\ArduinoSketch4\ArduinoCore\Debug\libArduinoCore.a(hooks.o)
                                0x144 (size before relaxing)

.debug_loc      0x00000000    0x11dbb
 *(.debug_loc)
 .debug_loc     0x00000000     0x3e45 mcp_can.o
 .debug_loc     0x00003e45      0x75c Servo.o
 .debug_loc     0x000045a1      0x1d1 SPI.o
 .debug_loc     0x00004772       0xfd Test_Bed.o
 .debug_loc     0x0000486f     0x9846 RoboClaw.o
 .debug_loc     0x0000e0b5      0x4dc C:\Users\John Wiggins\repos\ME490_Codes\ArduinoSketch4\ArduinoCore\Debug\libArduinoCore.a(HardwareSerial.o)
 .debug_loc     0x0000e591      0x1b0 C:\Users\John Wiggins\repos\ME490_Codes\ArduinoSketch4\ArduinoCore\Debug\libArduinoCore.a(HardwareSerial0.o)
 .debug_loc     0x0000e741     0x1c87 C:\Users\John Wiggins\repos\ME490_Codes\ArduinoSketch4\ArduinoCore\Debug\libArduinoCore.a(Print.o)
 .debug_loc     0x000103c8      0x28d C:\Users\John Wiggins\repos\ME490_Codes\ArduinoSketch4\ArduinoCore\Debug\libArduinoCore.a(wiring.o)
 .debug_loc     0x00010655       0xfe C:\Users\John Wiggins\repos\ME490_Codes\ArduinoSketch4\ArduinoCore\Debug\libArduinoCore.a(wiring_analog.o)
 .debug_loc     0x00010753      0x5fc C:\Users\John Wiggins\repos\ME490_Codes\ArduinoSketch4\ArduinoCore\Debug\libArduinoCore.a(wiring_digital.o)
 .debug_loc     0x00010d4f      0x3d6 C:\Users\John Wiggins\repos\ME490_Codes\ArduinoSketch4\ArduinoCore\Debug\libArduinoCore.a(WMath.o)
 .debug_loc     0x00011125      0xc96 C:\Users\John Wiggins\repos\ME490_Codes\ArduinoSketch4\ArduinoCore\Debug\libArduinoCore.a(SoftwareSerial.o)

.debug_macinfo
 *(.debug_macinfo)

.debug_weaknames
 *(.debug_weaknames)

.debug_funcnames
 *(.debug_funcnames)

.debug_typenames
 *(.debug_typenames)

.debug_varnames
 *(.debug_varnames)

.debug_pubtypes
 *(.debug_pubtypes)

.debug_ranges   0x00000000      0xa60
 *(.debug_ranges)
 .debug_ranges  0x00000000      0x208 mcp_can.o
 .debug_ranges  0x00000208       0x70 Servo.o
 .debug_ranges  0x00000278       0x28 SPI.o
 .debug_ranges  0x000002a0       0x28 Test_Bed.o
 .debug_ranges  0x000002c8      0x420 RoboClaw.o
 .debug_ranges  0x000006e8       0x58 C:\Users\John Wiggins\repos\ME490_Codes\ArduinoSketch4\ArduinoCore\Debug\libArduinoCore.a(HardwareSerial.o)
 .debug_ranges  0x00000740       0x38 C:\Users\John Wiggins\repos\ME490_Codes\ArduinoSketch4\ArduinoCore\Debug\libArduinoCore.a(HardwareSerial0.o)
 .debug_ranges  0x00000778       0x20 C:\Users\John Wiggins\repos\ME490_Codes\ArduinoSketch4\ArduinoCore\Debug\libArduinoCore.a(main.o)
 .debug_ranges  0x00000798      0x120 C:\Users\John Wiggins\repos\ME490_Codes\ArduinoSketch4\ArduinoCore\Debug\libArduinoCore.a(Print.o)
 .debug_ranges  0x000008b8       0x38 C:\Users\John Wiggins\repos\ME490_Codes\ArduinoSketch4\ArduinoCore\Debug\libArduinoCore.a(wiring.o)
 .debug_ranges  0x000008f0       0x20 C:\Users\John Wiggins\repos\ME490_Codes\ArduinoSketch4\ArduinoCore\Debug\libArduinoCore.a(wiring_analog.o)
 .debug_ranges  0x00000910       0x28 C:\Users\John Wiggins\repos\ME490_Codes\ArduinoSketch4\ArduinoCore\Debug\libArduinoCore.a(wiring_digital.o)
 .debug_ranges  0x00000938       0x38 C:\Users\John Wiggins\repos\ME490_Codes\ArduinoSketch4\ArduinoCore\Debug\libArduinoCore.a(WMath.o)
 .debug_ranges  0x00000970       0xe0 C:\Users\John Wiggins\repos\ME490_Codes\ArduinoSketch4\ArduinoCore\Debug\libArduinoCore.a(SoftwareSerial.o)
 .debug_ranges  0x00000a50       0x10 C:\Users\John Wiggins\repos\ME490_Codes\ArduinoSketch4\ArduinoCore\Debug\libArduinoCore.a(hooks.o)

.debug_macro
 *(.debug_macro)
OUTPUT(AR_20_Codes.elf elf32-avr)
LOAD linker stubs
