Archive member included to satisfy reference by file (symbol)

c:/program files (x86)/atmel/studio/7.0/toolchain/avr8/avr8-gnu-toolchain/bin/../lib/gcc/avr/5.4.0/../../../../avr/lib/avr5\libm.a(fixunssfsi.o)
                              RoboClaw.o (__fixunssfsi)
c:/program files (x86)/atmel/studio/7.0/toolchain/avr8/avr8-gnu-toolchain/bin/../lib/gcc/avr/5.4.0/../../../../avr/lib/avr5\libm.a(floatsisf.o)
                              RoboClaw.o (__floatunsisf)
c:/program files (x86)/atmel/studio/7.0/toolchain/avr8/avr8-gnu-toolchain/bin/../lib/gcc/avr/5.4.0/../../../../avr/lib/avr5\libm.a(fp_split3.o)
                              c:/program files (x86)/atmel/studio/7.0/toolchain/avr8/avr8-gnu-toolchain/bin/../lib/gcc/avr/5.4.0/../../../../avr/lib/avr5\libm.a(fixunssfsi.o) (__fp_splitA)
c:/program files (x86)/atmel/studio/7.0/toolchain/avr8/avr8-gnu-toolchain/bin/../lib/gcc/avr/5.4.0/../../../../avr/lib/avr5\libm.a(fp_zero.o)
                              c:/program files (x86)/atmel/studio/7.0/toolchain/avr8/avr8-gnu-toolchain/bin/../lib/gcc/avr/5.4.0/../../../../avr/lib/avr5\libm.a(fixunssfsi.o) (__fp_zero)
c:/program files (x86)/atmel/studio/7.0/toolchain/avr8/avr8-gnu-toolchain/bin/../lib/gcc/avr/5.4.0/../../../../avr/lib/avr5\libm.a(mulsf3.o)
                              RoboClaw.o (__mulsf3)
c:/program files (x86)/atmel/studio/7.0/toolchain/avr8/avr8-gnu-toolchain/bin/../lib/gcc/avr/5.4.0/../../../../avr/lib/avr5\libm.a(mulsf3x.o)
                              c:/program files (x86)/atmel/studio/7.0/toolchain/avr8/avr8-gnu-toolchain/bin/../lib/gcc/avr/5.4.0/../../../../avr/lib/avr5\libm.a(mulsf3.o) (__mulsf3x)
c:/program files (x86)/atmel/studio/7.0/toolchain/avr8/avr8-gnu-toolchain/bin/../lib/gcc/avr/5.4.0/../../../../avr/lib/avr5\libm.a(fp_inf.o)
                              c:/program files (x86)/atmel/studio/7.0/toolchain/avr8/avr8-gnu-toolchain/bin/../lib/gcc/avr/5.4.0/../../../../avr/lib/avr5\libm.a(mulsf3x.o) (__fp_inf)
c:/program files (x86)/atmel/studio/7.0/toolchain/avr8/avr8-gnu-toolchain/bin/../lib/gcc/avr/5.4.0/../../../../avr/lib/avr5\libm.a(fp_nan.o)
                              c:/program files (x86)/atmel/studio/7.0/toolchain/avr8/avr8-gnu-toolchain/bin/../lib/gcc/avr/5.4.0/../../../../avr/lib/avr5\libm.a(mulsf3x.o) (__fp_nan)
c:/program files (x86)/atmel/studio/7.0/toolchain/avr8/avr8-gnu-toolchain/bin/../lib/gcc/avr/5.4.0/../../../../avr/lib/avr5\libm.a(fp_pscA.o)
                              c:/program files (x86)/atmel/studio/7.0/toolchain/avr8/avr8-gnu-toolchain/bin/../lib/gcc/avr/5.4.0/../../../../avr/lib/avr5\libm.a(mulsf3x.o) (__fp_pscA)
c:/program files (x86)/atmel/studio/7.0/toolchain/avr8/avr8-gnu-toolchain/bin/../lib/gcc/avr/5.4.0/../../../../avr/lib/avr5\libm.a(fp_pscB.o)
                              c:/program files (x86)/atmel/studio/7.0/toolchain/avr8/avr8-gnu-toolchain/bin/../lib/gcc/avr/5.4.0/../../../../avr/lib/avr5\libm.a(mulsf3x.o) (__fp_pscB)
c:/program files (x86)/atmel/studio/7.0/toolchain/avr8/avr8-gnu-toolchain/bin/../lib/gcc/avr/5.4.0/../../../../avr/lib/avr5\libm.a(fp_round.o)
                              c:/program files (x86)/atmel/studio/7.0/toolchain/avr8/avr8-gnu-toolchain/bin/../lib/gcc/avr/5.4.0/../../../../avr/lib/avr5\libm.a(mulsf3.o) (__fp_round)
C:\Users\booth\Documents\Atmel Studio\7.0\ArduinoSketch4\ArduinoSketch4\ArduinoCore\Debug\libArduinoCore.a(HardwareSerial.o)
                              RoboClaw.o (_ZN14HardwareSerial5beginEmh)
C:\Users\booth\Documents\Atmel Studio\7.0\ArduinoSketch4\ArduinoSketch4\ArduinoCore\Debug\libArduinoCore.a(main.o)
                              C:/Program Files (x86)/Atmel/Studio/7.0/Packs/atmel/ATmega_DFP/1.2.209/gcc/dev/atmega328p/avr5/crtatmega328p.o (main)
C:\Users\booth\Documents\Atmel Studio\7.0\ArduinoSketch4\ArduinoSketch4\ArduinoCore\Debug\libArduinoCore.a(Print.o)
                              RoboClaw.o (_ZN5Print5writeEPKhj)
C:\Users\booth\Documents\Atmel Studio\7.0\ArduinoSketch4\ArduinoSketch4\ArduinoCore\Debug\libArduinoCore.a(wiring.o)
                              RoboClaw.o (micros)
C:\Users\booth\Documents\Atmel Studio\7.0\ArduinoSketch4\ArduinoSketch4\ArduinoCore\Debug\libArduinoCore.a(wiring_digital.o)
                              Sketch.o (pinMode)
C:\Users\booth\Documents\Atmel Studio\7.0\ArduinoSketch4\ArduinoSketch4\ArduinoCore\Debug\libArduinoCore.a(SoftwareSerial.o)
                              RoboClaw.o (_ZN14SoftwareSerial13active_objectE)
C:\Users\booth\Documents\Atmel Studio\7.0\ArduinoSketch4\ArduinoSketch4\ArduinoCore\Debug\libArduinoCore.a(abi.o)
                              C:\Users\booth\Documents\Atmel Studio\7.0\ArduinoSketch4\ArduinoSketch4\ArduinoCore\Debug\libArduinoCore.a(Print.o) (__cxa_pure_virtual)
C:\Users\booth\Documents\Atmel Studio\7.0\ArduinoSketch4\ArduinoSketch4\ArduinoCore\Debug\libArduinoCore.a(hooks.o)
[...]
Memory Configuration

Name             Origin             Length             Attributes
text             0x00000000         0x00020000         xr
data             0x00800060         0x0000ffa0         rw !x
eeprom           0x00810000         0x00010000         rw !x
fuse             0x00820000         0x00000003         rw !x
lock             0x00830000         0x00000400         rw !x
signature        0x00840000         0x00000400         rw !x
user_signatures  0x00850000         0x00000400         rw !x
*default*        0x00000000         0xffffffff

Linker script and memory map

Address of section .data set to 0x800100
LOAD C:/Program Files (x86)/Atmel/Studio/7.0/Packs/atmel/ATmega_DFP/1.2.209/gcc/dev/atmega328p/avr5/crtatmega328p.o
LOAD RoboClaw.o
LOAD Sketch.o
START GROUP
LOAD c:/program files (x86)/atmel/studio/7.0/toolchain/avr8/avr8-gnu-toolchain/bin/../lib/gcc/avr/5.4.0/../../../../avr/lib/avr5\libm.a
LOAD C:\Users\booth\Documents\Atmel Studio\7.0\ArduinoSketch4\ArduinoSketch4\ArduinoCore\Debug\libArduinoCore.a
END GROUP
LOAD c:/program files (x86)/atmel/studio/7.0/toolchain/avr8/avr8-gnu-toolchain/bin/../lib/gcc/avr/5.4.0/avr5\libgcc.a
LOAD c:/program files (x86)/atmel/studio/7.0/toolchain/avr8/avr8-gnu-toolchain/bin/../lib/gcc/avr/5.4.0/../../../../avr/lib/avr5\libm.a
START GROUP
LOAD c:/program files (x86)/atmel/studio/7.0/toolchain/avr8/avr8-gnu-toolchain/bin/../lib/gcc/avr/5.4.0/avr5\libgcc.a
LOAD c:/program files (x86)/atmel/studio/7.0/toolchain/avr8/avr8-gnu-toolchain/bin/../lib/gcc/avr/5.4.0/../../../../avr/lib/avr5\libm.a
LOAD c:/program files (x86)/atmel/studio/7.0/toolchain/avr8/avr8-gnu-toolchain/bin/../lib/gcc/avr/5.4.0/../../../../avr/lib/avr5\libc.a
LOAD C:/Program Files (x86)/Atmel/Studio/7.0/Packs/atmel/ATmega_DFP/1.2.209/gcc/dev/atmega328p/avr5\libatmega328p.a
END GROUP
                0x00020000                __TEXT_REGION_LENGTH__ = DEFINED (__TEXT_REGION_LENGTH__)?__TEXT_REGION_LENGTH__:0x20000
                0x0000ffa0                __DATA_REGION_LENGTH__ = DEFINED (__DATA_REGION_LENGTH__)?__DATA_REGION_LENGTH__:0xffa0
                0x00010000                __EEPROM_REGION_LENGTH__ = DEFINED (__EEPROM_REGION_LENGTH__)?__EEPROM_REGION_LENGTH__:0x10000
                [0x00000003]                __FUSE_REGION_LENGTH__ = DEFINED (__FUSE_REGION_LENGTH__)?__FUSE_REGION_LENGTH__:0x400
                0x00000400                __LOCK_REGION_LENGTH__ = DEFINED (__LOCK_REGION_LENGTH__)?__LOCK_REGION_LENGTH__:0x400
                0x00000400                __SIGNATURE_REGION_LENGTH__ = DEFINED (__SIGNATURE_REGION_LENGTH__)?__SIGNATURE_REGION_LENGTH__:0x400
                0x00000400                __USER_SIGNATURE_REGION_LENGTH__ = DEFINED (__USER_SIGNATURE_REGION_LENGTH__)?__USER_SIGNATURE_REGION_LENGTH__:0x400

.hash
 *(.hash)

.dynsym
 *(.dynsym)

.dynstr
 *(.dynstr)

.gnu.version
 *(.gnu.version)

.gnu.version_d
 *(.gnu.version_d)

.gnu.version_r
 *(.gnu.version_r)

.rel.init
 *(.rel.init)

.rela.init
 *(.rela.init)

.rel.text
 *(.rel.text)
 *(.rel.text.*)
 *(.rel.gnu.linkonce.t*)

.rela.text
 *(.rela.text)
 *(.rela.text.*)
 *(.rela.gnu.linkonce.t*)

.rel.fini
 *(.rel.fini)

.rela.fini
 *(.rela.fini)

.rel.rodata
 *(.rel.rodata)
 *(.rel.rodata.*)
 *(.rel.gnu.linkonce.r*)

.rela.rodata
 *(.rela.rodata)
 *(.rela.rodata.*)
 *(.rela.gnu.linkonce.r*)

.rel.data
 *(.rel.data)
 *(.rel.data.*)
 *(.rel.gnu.linkonce.d*)

.rela.data
 *(.rela.data)
 *(.rela.data.*)
 *(.rela.gnu.linkonce.d*)

.rel.ctors
 *(.rel.ctors)

.rela.ctors
 *(.rela.ctors)

.rel.dtors
 *(.rel.dtors)

.rela.dtors
 *(.rela.dtors)

.rel.got
 *(.rel.got)

.rela.got
 *(.rela.got)

.rel.bss
 *(.rel.bss)

.rela.bss
 *(.rela.bss)

.rel.plt
 *(.rel.plt)

.rela.plt
 *(.rela.plt)

.text           0x00000000      0xf6a
 *(.vectors)
 .vectors       0x00000000       0x68 C:/Program Files (x86)/Atmel/Studio/7.0/Packs/atmel/ATmega_DFP/1.2.209/gcc/dev/atmega328p/avr5/crtatmega328p.o
                0x00000000                __vector_default
                0x00000000                __vectors
 *(.vectors)
 *(.progmem.gcc*)
                0x00000068                . = ALIGN (0x2)
                0x00000068                __trampolines_start = .
 *(.trampolines)
 .trampolines   0x00000068        0x0 linker stubs
 *(.trampolines*)
                0x00000068                __trampolines_end = .
 *libprintf_flt.a:*(.progmem.data)
 *libc.a:*(.progmem.data)
 *(.progmem*)
 .progmem.data.digital_pin_to_timer_PGM
                0x00000068       0x14 C:\Users\booth\Documents\Atmel Studio\7.0\ArduinoSketch4\ArduinoSketch4\ArduinoCore\Debug\libArduinoCore.a(wiring_digital.o)
                0x00000068                digital_pin_to_timer_PGM
 .progmem.data.digital_pin_to_bit_mask_PGM
                0x0000007c       0x14 C:\Users\booth\Documents\Atmel Studio\7.0\ArduinoSketch4\ArduinoSketch4\ArduinoCore\Debug\libArduinoCore.a(wiring_digital.o)
                0x0000007c                digital_pin_to_bit_mask_PGM
 .progmem.data.digital_pin_to_port_PGM
                0x00000090       0x14 C:\Users\booth\Documents\Atmel Studio\7.0\ArduinoSketch4\ArduinoSketch4\ArduinoCore\Debug\libArduinoCore.a(wiring_digital.o)
                0x00000090                digital_pin_to_port_PGM
 .progmem.data.port_to_input_PGM
                0x000000a4        0xa C:\Users\booth\Documents\Atmel Studio\7.0\ArduinoSketch4\ArduinoSketch4\ArduinoCore\Debug\libArduinoCore.a(wiring_digital.o)
                0x000000a4                port_to_input_PGM
 .progmem.data.port_to_output_PGM
                0x000000ae        0xa C:\Users\booth\Documents\Atmel Studio\7.0\ArduinoSketch4\ArduinoSketch4\ArduinoCore\Debug\libArduinoCore.a(wiring_digital.o)
                0x000000ae                port_to_output_PGM
 .progmem.data.port_to_mode_PGM
                0x000000b8        0xa C:\Users\booth\Documents\Atmel Studio\7.0\ArduinoSketch4\ArduinoSketch4\ArduinoCore\Debug\libArduinoCore.a(wiring_digital.o)
                0x000000b8                port_to_mode_PGM
                0x000000c2                . = ALIGN (0x2)
 *(.jumptables)
 *(.jumptables*)
 *(.lowtext)
 *(.lowtext*)
                0x000000c2                __ctors_start = .
 *(.ctors)
 .ctors         0x000000c2        0x2 Sketch.o
                0x000000c4                __ctors_end = .
                0x000000c4                __dtors_start = .
 *(.dtors)
 .dtors         0x000000c4        0x2 Sketch.o
                0x000000c6                __dtors_end = .
 SORT(*)(.ctors)
 SORT(*)(.dtors)
 *(.init0)
 .init0         0x000000c6        0x0 C:/Program Files (x86)/Atmel/Studio/7.0/Packs/atmel/ATmega_DFP/1.2.209/gcc/dev/atmega328p/avr5/crtatmega328p.o
                0x000000c6                __init
 *(.init0)
 *(.init1)
 *(.init1)
 *(.init2)
 .init2         0x000000c6        0xc C:/Program Files (x86)/Atmel/Studio/7.0/Packs/atmel/ATmega_DFP/1.2.209/gcc/dev/atmega328p/avr5/crtatmega328p.o
 *(.init2)
 *(.init3)
 *(.init3)
 *(.init4)
 .init4         0x000000d2       0x16 c:/program files (x86)/atmel/studio/7.0/toolchain/avr8/avr8-gnu-toolchain/bin/../lib/gcc/avr/5.4.0/avr5\libgcc.a(_copy_data.o)
                0x000000d2                __do_copy_data
 .init4         0x000000e8       0x10 c:/program files (x86)/atmel/studio/7.0/toolchain/avr8/avr8-gnu-toolchain/bin/../lib/gcc/avr/5.4.0/avr5\libgcc.a(_clear_bss.o)
                0x000000e8                __do_clear_bss
 *(.init4)
 *(.init5)
 *(.init5)
 *(.init6)
 .init6         0x000000f8       0x16 c:/program files (x86)/atmel/studio/7.0/toolchain/avr8/avr8-gnu-toolchain/bin/../lib/gcc/avr/5.4.0/avr5\libgcc.a(_ctors.o)
                0x000000f8                __do_global_ctors
 *(.init6)
 *(.init7)
 *(.init7)
 *(.init8)
 *(.init8)
 *(.init9)
 .init9         0x0000010e        0x8 C:/Program Files (x86)/Atmel/Studio/7.0/Packs/atmel/ATmega_DFP/1.2.209/gcc/dev/atmega328p/avr5/crtatmega328p.o
 *(.init9)
 *(.text)
 .text          0x00000116        0x4 C:/Program Files (x86)/Atmel/Studio/7.0/Packs/atmel/ATmega_DFP/1.2.209/gcc/dev/atmega328p/avr5/crtatmega328p.o
                0x00000116                __vector_22
                0x00000116                __vector_1
                0x00000116                __vector_24
                0x00000116                __vector_12
                0x00000116                __bad_interrupt
                0x00000116                __vector_6
                0x00000116                __vector_23
                0x00000116                __vector_25
                0x00000116                __vector_11
                0x00000116                __vector_13
                0x00000116                __vector_17
                0x00000116                __vector_19
                0x00000116                __vector_7
                0x00000116                __vector_9
                0x00000116                __vector_2
                0x00000116                __vector_21
                0x00000116                __vector_15
                0x00000116                __vector_8
                0x00000116                __vector_14
                0x00000116                __vector_10
                0x00000116                __vector_18
                0x00000116                __vector_20
                0x0000011a                . = ALIGN (0x2)
 *(.text.*)
 .text._ZN5Print17availableForWriteEv
                0x0000011a        0x6 RoboClaw.o
                0x0000011a                _ZN5Print17availableForWriteEv
 .text._ZN8RoboClaw5flushEv
                0x00000120       0x1e RoboClaw.o
                0x00000120                _ZN8RoboClaw5flushEv
 .text._ZN8RoboClaw9availableEv
                0x0000013e       0x2c RoboClaw.o
                0x0000013e                _ZN8RoboClaw9availableEv
 .text._ZN8RoboClaw4readEv
                0x0000016a       0x2c RoboClaw.o
                0x0000016a                _ZN8RoboClaw4readEv
 .text._ZN8RoboClaw5writeEh
                0x00000196       0x2c RoboClaw.o
                0x00000196                _ZN8RoboClaw5writeEh
 .text._ZN8RoboClaw4peekEv
                0x000001c2       0x2c RoboClaw.o
                0x000001c2                _ZN8RoboClaw4peekEv
 .text._ZN8RoboClawC2EP14SoftwareSerialm
                0x000001ee       0x30 RoboClaw.o
                0x000001ee                _ZN8RoboClawC1EP14SoftwareSerialm
                0x000001ee                _ZN8RoboClawC2EP14SoftwareSerialm
 .text._ZN8RoboClawD2Ev
                0x0000021e        0x2 RoboClaw.o
                0x0000021e                _ZN8RoboClawD2Ev
                0x0000021e                _ZN8RoboClawD1Ev
 .text._ZN8RoboClaw5beginEl
                0x00000220       0x18 RoboClaw.o
                0x00000220                _ZN8RoboClaw5beginEl
 .text._ZN8RoboClaw4readEm
                0x00000238       0xf0 RoboClaw.o
                0x00000238                _ZN8RoboClaw4readEm
 .text._ZN8RoboClaw10crc_updateEh
                0x00000328       0x32 RoboClaw.o
                0x00000328                _ZN8RoboClaw10crc_updateEh
 .text._ZN8RoboClaw7write_nEhz
                0x0000035a       0xbc RoboClaw.o
                0x0000035a                _ZN8RoboClaw7write_nEhz
 .text._ZN8RoboClaw9ForwardM1Ehh
                0x00000416       0x2c RoboClaw.o
                0x00000416                _ZN8RoboClaw9ForwardM1Ehh
 .text._ZN8RoboClaw10BackwardM1Ehh
                0x00000442       0x2e RoboClaw.o
                0x00000442                _ZN8RoboClaw10BackwardM1Ehh
 .text.setup    0x00000470       0x1a Sketch.o
                0x00000470                setup
 .text.loop     0x0000048a       0x8c Sketch.o
                0x0000048a                loop
 .text.startup._GLOBAL__sub_I_serial
                0x00000516       0x22 Sketch.o
 .text.exit._GLOBAL__sub_D_serial
                0x00000538       0x10 Sketch.o
 .text._Z14serialEventRunv
                0x00000548       0x1c C:\Users\booth\Documents\Atmel Studio\7.0\ArduinoSketch4\ArduinoSketch4\ArduinoCore\Debug\libArduinoCore.a(HardwareSerial.o)
                0x00000548                _Z14serialEventRunv
 .text._ZN14HardwareSerial5beginEmh
                0x00000564       0xca C:\Users\booth\Documents\Atmel Studio\7.0\ArduinoSketch4\ArduinoSketch4\ArduinoCore\Debug\libArduinoCore.a(HardwareSerial.o)
                0x00000564                _ZN14HardwareSerial5beginEmh
 .text.initVariant
                0x0000062e        0x2 C:\Users\booth\Documents\Atmel Studio\7.0\ArduinoSketch4\ArduinoSketch4\ArduinoCore\Debug\libArduinoCore.a(main.o)
                0x0000062e                initVariant
 .text.startup.main
                0x00000630       0x1e C:\Users\booth\Documents\Atmel Studio\7.0\ArduinoSketch4\ArduinoSketch4\ArduinoCore\Debug\libArduinoCore.a(main.o)
                0x00000630                main
 .text._ZN5Print5writeEPKhj
                0x0000064e       0x54 C:\Users\booth\Documents\Atmel Studio\7.0\ArduinoSketch4\ArduinoSketch4\ArduinoCore\Debug\libArduinoCore.a(Print.o)
                0x0000064e                _ZN5Print5writeEPKhj
 .text.__vector_16
                0x000006a2       0x94 C:\Users\booth\Documents\Atmel Studio\7.0\ArduinoSketch4\ArduinoSketch4\ArduinoCore\Debug\libArduinoCore.a(wiring.o)
                0x000006a2                __vector_16
 .text.micros   0x00000736       0x4a C:\Users\booth\Documents\Atmel Studio\7.0\ArduinoSketch4\ArduinoSketch4\ArduinoCore\Debug\libArduinoCore.a(wiring.o)
                0x00000736                micros
 .text.delay    0x00000780       0x78 C:\Users\booth\Documents\Atmel Studio\7.0\ArduinoSketch4\ArduinoSketch4\ArduinoCore\Debug\libArduinoCore.a(wiring.o)
                0x00000780                delay
 .text.init     0x000007f8       0x76 C:\Users\booth\Documents\Atmel Studio\7.0\ArduinoSketch4\ArduinoSketch4\ArduinoCore\Debug\libArduinoCore.a(wiring.o)
                0x000007f8                init
 .text.turnOffPWM
                0x0000086e       0x52 C:\Users\booth\Documents\Atmel Studio\7.0\ArduinoSketch4\ArduinoSketch4\ArduinoCore\Debug\libArduinoCore.a(wiring_digital.o)
 .text.pinMode  0x000008c0       0x78 C:\Users\booth\Documents\Atmel Studio\7.0\ArduinoSketch4\ArduinoSketch4\ArduinoCore\Debug\libArduinoCore.a(wiring_digital.o)
                0x000008c0                pinMode
 .text.digitalWrite
                0x00000938       0x5e C:\Users\booth\Documents\Atmel Studio\7.0\ArduinoSketch4\ArduinoSketch4\ArduinoCore\Debug\libArduinoCore.a(wiring_digital.o)
                0x00000938                digitalWrite
 .text._ZN14SoftwareSerial4readEv
                0x00000996       0x42 C:\Users\booth\Documents\Atmel Studio\7.0\ArduinoSketch4\ArduinoSketch4\ArduinoCore\Debug\libArduinoCore.a(SoftwareSerial.o)
                0x00000996                _ZN14SoftwareSerial4readEv
 .text._ZN14SoftwareSerial5writeEh
                0x000009d8       0xa0 C:\Users\booth\Documents\Atmel Studio\7.0\ArduinoSketch4\ArduinoSketch4\ArduinoCore\Debug\libArduinoCore.a(SoftwareSerial.o)
                0x000009d8                _ZN14SoftwareSerial5writeEh
 .text._ZN14SoftwareSerial5flushEv
                0x00000a78        0x2 C:\Users\booth\Documents\Atmel Studio\7.0\ArduinoSketch4\ArduinoSketch4\ArduinoCore\Debug\libArduinoCore.a(SoftwareSerial.o)
                0x00000a78                _ZN14SoftwareSerial5flushEv
 .text._ZN14SoftwareSerial4peekEv
                0x00000a7a       0x30 C:\Users\booth\Documents\Atmel Studio\7.0\ArduinoSketch4\ArduinoSketch4\ArduinoCore\Debug\libArduinoCore.a(SoftwareSerial.o)
                0x00000a7a                _ZN14SoftwareSerial4peekEv
 .text._ZN14SoftwareSerial9availableEv
                0x00000aaa       0x30 C:\Users\booth\Documents\Atmel Studio\7.0\ArduinoSketch4\ArduinoSketch4\ArduinoCore\Debug\libArduinoCore.a(SoftwareSerial.o)
                0x00000aaa                _ZN14SoftwareSerial9availableEv
 .text._ZN14SoftwareSerial13stopListeningEv
                0x00000ada       0x2c C:\Users\booth\Documents\Atmel Studio\7.0\ArduinoSketch4\ArduinoSketch4\ArduinoCore\Debug\libArduinoCore.a(SoftwareSerial.o)
                0x00000ada                _ZN14SoftwareSerial13stopListeningEv
 .text._ZN14SoftwareSerial6listenEv
                0x00000b06       0x52 C:\Users\booth\Documents\Atmel Studio\7.0\ArduinoSketch4\ArduinoSketch4\ArduinoCore\Debug\libArduinoCore.a(SoftwareSerial.o)
                0x00000b06                _ZN14SoftwareSerial6listenEv
 .text.__vector_3
                0x00000b58       0xf4 C:\Users\booth\Documents\Atmel Studio\7.0\ArduinoSketch4\ArduinoSketch4\ArduinoCore\Debug\libArduinoCore.a(SoftwareSerial.o)
                0x00000b58                __vector_5
                0x00000b58                __vector_4
                0x00000b58                __vector_3
 .text._ZN14SoftwareSerialD2Ev
                0x00000c4c        0xe C:\Users\booth\Documents\Atmel Studio\7.0\ArduinoSketch4\ArduinoSketch4\ArduinoCore\Debug\libArduinoCore.a(SoftwareSerial.o)
                0x00000c4c                _ZN14SoftwareSerialD1Ev
                0x00000c4c                _ZN14SoftwareSerialD2Ev
 .text._ZN14SoftwareSerial5setTXEh
                0x00000c5a       0x52 C:\Users\booth\Documents\Atmel Studio\7.0\ArduinoSketch4\ArduinoSketch4\ArduinoCore\Debug\libArduinoCore.a(SoftwareSerial.o)
                0x00000c5a                _ZN14SoftwareSerial5setTXEh
 .text._ZN14SoftwareSerial5setRXEh
                0x00000cac       0x52 C:\Users\booth\Documents\Atmel Studio\7.0\ArduinoSketch4\ArduinoSketch4\ArduinoCore\Debug\libArduinoCore.a(SoftwareSerial.o)
                0x00000cac                _ZN14SoftwareSerial5setRXEh
 .text._ZN14SoftwareSerialC2Ehhb
                0x00000cfe       0x56 C:\Users\booth\Documents\Atmel Studio\7.0\ArduinoSketch4\ArduinoSketch4\ArduinoCore\Debug\libArduinoCore.a(SoftwareSerial.o)
                0x00000cfe                _ZN14SoftwareSerialC1Ehhb
                0x00000cfe                _ZN14SoftwareSerialC2Ehhb
 .text._ZN14SoftwareSerial5beginEl
                0x00000d54      0x11c C:\Users\booth\Documents\Atmel Studio\7.0\ArduinoSketch4\ArduinoSketch4\ArduinoCore\Debug\libArduinoCore.a(SoftwareSerial.o)
                0x00000d54                _ZN14SoftwareSerial5beginEl
 .text.__empty  0x00000e70        0x2 C:\Users\booth\Documents\Atmel Studio\7.0\ArduinoSketch4\ArduinoSketch4\ArduinoCore\Debug\libArduinoCore.a(hooks.o)
                0x00000e70                yield
 .text.libgcc.div
                0x00000e72       0x28 c:/program files (x86)/atmel/studio/7.0/toolchain/avr8/avr8-gnu-toolchain/bin/../lib/gcc/avr/5.4.0/avr5\libgcc.a(_divmodhi4.o)
                0x00000e72                _div
                0x00000e72                __divmodhi4
 .text.libgcc.div
                0x00000e9a       0x44 c:/program files (x86)/atmel/studio/7.0/toolchain/avr8/avr8-gnu-toolchain/bin/../lib/gcc/avr/5.4.0/avr5\libgcc.a(_udivmodsi4.o)
                0x00000e9a                __udivmodsi4
 .text.libgcc.div
                0x00000ede       0x2e c:/program files (x86)/atmel/studio/7.0/toolchain/avr8/avr8-gnu-toolchain/bin/../lib/gcc/avr/5.4.0/avr5\libgcc.a(_divmodsi4.o)
                0x00000ede                __divmodsi4
 .text.libgcc.div
                0x00000f0c       0x10 c:/program files (x86)/atmel/studio/7.0/toolchain/avr8/avr8-gnu-toolchain/bin/../lib/gcc/avr/5.4.0/avr5\libgcc.a(_negsi2.o)
                0x00000f0c                __negsi2
 .text.libgcc.div
                0x00000f1c       0x28 c:/program files (x86)/atmel/studio/7.0/toolchain/avr8/avr8-gnu-toolchain/bin/../lib/gcc/avr/5.4.0/avr5\libgcc.a(_udivmodhi4.o)
                0x00000f1c                __udivmodhi4
 .text.libgcc   0x00000f44        0xc c:/program files (x86)/atmel/studio/7.0/toolchain/avr8/avr8-gnu-toolchain/bin/../lib/gcc/avr/5.4.0/avr5\libgcc.a(_tablejump2.o)
                0x00000f44                __tablejump2__
                0x00000f50                . = ALIGN (0x2)
 *(.fini9)
 .fini9         0x00000f50        0x0 c:/program files (x86)/atmel/studio/7.0/toolchain/avr8/avr8-gnu-toolchain/bin/../lib/gcc/avr/5.4.0/avr5\libgcc.a(_exit.o)
                0x00000f50                _exit
                0x00000f50                exit
 *(.fini9)
 *(.fini8)
 *(.fini8)
 *(.fini7)
 *(.fini7)
 *(.fini6)
 .fini6         0x00000f50       0x16 c:/program files (x86)/atmel/studio/7.0/toolchain/avr8/avr8-gnu-toolchain/bin/../lib/gcc/avr/5.4.0/avr5\libgcc.a(_dtors.o)
                0x00000f50                __do_global_dtors
 *(.fini6)
 *(.fini5)
 *(.fini5)
 *(.fini4)
 *(.fini4)
 *(.fini3)
 *(.fini3)
 *(.fini2)
 *(.fini2)
 *(.fini1)
 *(.fini1)
 *(.fini0)
 .fini0         0x00000f66        0x4 c:/program files (x86)/atmel/studio/7.0/toolchain/avr8/avr8-gnu-toolchain/bin/../lib/gcc/avr/5.4.0/avr5\libgcc.a(_exit.o)
 *(.fini0)
                0x00000f6a                _etext = .

.data           0x00800100       0x26 load address 0x00000f6a
                0x00800100                PROVIDE (__data_start, .)
 *(.data)
 *(.data*)
 .data.ledPin   0x00800100        0x2 Sketch.o
                0x00800100                ledPin
 *(.gnu.linkonce.d*)
 *(.rodata)
 *(.rodata*)
 .rodata._ZTV8RoboClaw
                0x00800102       0x12 RoboClaw.o
                0x00800102                _ZTV8RoboClaw
 .rodata._ZTV14SoftwareSerial
                0x00800114       0x12 C:\Users\booth\Documents\Atmel Studio\7.0\ArduinoSketch4\ArduinoSketch4\ArduinoCore\Debug\libArduinoCore.a(SoftwareSerial.o)
                0x00800114                _ZTV14SoftwareSerial
 *(.gnu.linkonce.r*)
                0x00800126                . = ALIGN (0x2)
                0x00800126                _edata = .
                0x00800126                PROVIDE (__data_end, .)

.bss            0x00800126       0x82
                0x00800126                PROVIDE (__bss_start, .)
 *(.bss)
 *(.bss*)
 .bss.roboclaw  0x00800126       0x16 Sketch.o
                0x00800126                roboclaw
 .bss.serial    0x0080013c       0x1f Sketch.o
                0x0080013c                serial
 .bss.timer0_fract
                0x0080015b        0x1 C:\Users\booth\Documents\Atmel Studio\7.0\ArduinoSketch4\ArduinoSketch4\ArduinoCore\Debug\libArduinoCore.a(wiring.o)
 .bss.timer0_millis
                0x0080015c        0x4 C:\Users\booth\Documents\Atmel Studio\7.0\ArduinoSketch4\ArduinoSketch4\ArduinoCore\Debug\libArduinoCore.a(wiring.o)
                0x0080015c                timer0_millis
 .bss.timer0_overflow_count
                0x00800160        0x4 C:\Users\booth\Documents\Atmel Studio\7.0\ArduinoSketch4\ArduinoSketch4\ArduinoCore\Debug\libArduinoCore.a(wiring.o)
                0x00800160                timer0_overflow_count
 .bss._ZN14SoftwareSerial20_receive_buffer_headE
                0x00800164        0x1 C:\Users\booth\Documents\Atmel Studio\7.0\ArduinoSketch4\ArduinoSketch4\ArduinoCore\Debug\libArduinoCore.a(SoftwareSerial.o)
                0x00800164                _ZN14SoftwareSerial20_receive_buffer_headE
 .bss._ZN14SoftwareSerial20_receive_buffer_tailE
                0x00800165        0x1 C:\Users\booth\Documents\Atmel Studio\7.0\ArduinoSketch4\ArduinoSketch4\ArduinoCore\Debug\libArduinoCore.a(SoftwareSerial.o)
                0x00800165                _ZN14SoftwareSerial20_receive_buffer_tailE
 .bss._ZN14SoftwareSerial15_receive_bufferE
                0x00800166       0x40 C:\Users\booth\Documents\Atmel Studio\7.0\ArduinoSketch4\ArduinoSketch4\ArduinoCore\Debug\libArduinoCore.a(SoftwareSerial.o)
                0x00800166                _ZN14SoftwareSerial15_receive_bufferE
 .bss._ZN14SoftwareSerial13active_objectE
                0x008001a6        0x2 C:\Users\booth\Documents\Atmel Studio\7.0\ArduinoSketch4\ArduinoSketch4\ArduinoCore\Debug\libArduinoCore.a(SoftwareSerial.o)
                0x008001a6                _ZN14SoftwareSerial13active_objectE
 *(COMMON)
                0x008001a8                PROVIDE (__bss_end, .)
                0x00000f6a                __data_load_start = LOADADDR (.data)
                0x00000f90                __data_load_end = (__data_load_start + SIZEOF (.data))

.noinit         0x008001a8        0x0
                [!provide]                PROVIDE (__noinit_start, .)
 *(.noinit*)
                [!provide]                PROVIDE (__noinit_end, .)
                0x008001a8                _end = .
                [!provide]                PROVIDE (__heap_start, .)

.eeprom         0x00810000        0x0
 *(.eeprom*)
                0x00810000                __eeprom_end = .

.fuse
 *(.fuse)
 *(.lfuse)
 *(.hfuse)
 *(.efuse)

.lock
 *(.lock*)

.signature
 *(.signature*)

.user_signatures
 *(.user_signatures*)

.stab
 *(.stab)

.stabstr
 *(.stabstr)

.stab.excl
 *(.stab.excl)

.stab.exclstr
 *(.stab.exclstr)

.stab.index
 *(.stab.index)

.stab.indexstr
 *(.stab.indexstr)

.comment        0x00000000       0x30
 *(.comment)
 .comment       0x00000000       0x30 RoboClaw.o
                                 0x31 (size before relaxing)
 .comment       0x00000030       0x31 Sketch.o
 .comment       0x00000030       0x31 C:\Users\booth\Documents\Atmel Studio\7.0\ArduinoSketch4\ArduinoSketch4\ArduinoCore\Debug\libArduinoCore.a(HardwareSerial.o)
 .comment       0x00000030       0x31 C:\Users\booth\Documents\Atmel Studio\7.0\ArduinoSketch4\ArduinoSketch4\ArduinoCore\Debug\libArduinoCore.a(main.o)
 .comment       0x00000030       0x31 C:\Users\booth\Documents\Atmel Studio\7.0\ArduinoSketch4\ArduinoSketch4\ArduinoCore\Debug\libArduinoCore.a(Print.o)
 .comment       0x00000030       0x31 C:\Users\booth\Documents\Atmel Studio\7.0\ArduinoSketch4\ArduinoSketch4\ArduinoCore\Debug\libArduinoCore.a(wiring.o)
 .comment       0x00000030       0x31 C:\Users\booth\Documents\Atmel Studio\7.0\ArduinoSketch4\ArduinoSketch4\ArduinoCore\Debug\libArduinoCore.a(wiring_digital.o)
 .comment       0x00000030       0x31 C:\Users\booth\Documents\Atmel Studio\7.0\ArduinoSketch4\ArduinoSketch4\ArduinoCore\Debug\libArduinoCore.a(SoftwareSerial.o)
 .comment       0x00000030       0x31 C:\Users\booth\Documents\Atmel Studio\7.0\ArduinoSketch4\ArduinoSketch4\ArduinoCore\Debug\libArduinoCore.a(hooks.o)

.note.gnu.avr.deviceinfo
                0x00000000       0x40
 .note.gnu.avr.deviceinfo
                0x00000000       0x40 C:/Program Files (x86)/Atmel/Studio/7.0/Packs/atmel/ATmega_DFP/1.2.209/gcc/dev/atmega328p/avr5/crtatmega328p.o

.note.gnu.build-id
 *(.note.gnu.build-id)

.debug
 *(.debug)

.line
 *(.line)

.debug_srcinfo
 *(.debug_srcinfo)

.debug_sfnames
 *(.debug_sfnames)

.debug_aranges  0x00000000      0x6d0
 *(.debug_aranges)
 .debug_aranges
                0x00000000      0x3b8 RoboClaw.o
 .debug_aranges
                0x000003b8       0x38 Sketch.o
 .debug_aranges
                0x000003f0       0x68 C:\Users\booth\Documents\Atmel Studio\7.0\ArduinoSketch4\ArduinoSketch4\ArduinoCore\Debug\libArduinoCore.a(HardwareSerial.o)
 .debug_aranges
                0x00000458       0x30 C:\Users\booth\Documents\Atmel Studio\7.0\ArduinoSketch4\ArduinoSketch4\ArduinoCore\Debug\libArduinoCore.a(main.o)
 .debug_aranges
                0x00000488      0x100 C:\Users\booth\Documents\Atmel Studio\7.0\ArduinoSketch4\ArduinoSketch4\ArduinoCore\Debug\libArduinoCore.a(Print.o)
 .debug_aranges
                0x00000588       0x48 C:\Users\booth\Documents\Atmel Studio\7.0\ArduinoSketch4\ArduinoSketch4\ArduinoCore\Debug\libArduinoCore.a(wiring.o)
 .debug_aranges
                0x000005d0       0x38 C:\Users\booth\Documents\Atmel Studio\7.0\ArduinoSketch4\ArduinoSketch4\ArduinoCore\Debug\libArduinoCore.a(wiring_digital.o)
 .debug_aranges
                0x00000608       0xa8 C:\Users\booth\Documents\Atmel Studio\7.0\ArduinoSketch4\ArduinoSketch4\ArduinoCore\Debug\libArduinoCore.a(SoftwareSerial.o)
 .debug_aranges
                0x000006b0       0x20 C:\Users\booth\Documents\Atmel Studio\7.0\ArduinoSketch4\ArduinoSketch4\ArduinoCore\Debug\libArduinoCore.a(hooks.o)

.debug_pubnames
 *(.debug_pubnames)

.debug_info     0x00000000     0xfb0e
 *(.debug_info .gnu.linkonce.wi.*)
 .debug_info    0x00000000      0x5f4 C:/Program Files (x86)/Atmel/Studio/7.0/Packs/atmel/ATmega_DFP/1.2.209/gcc/dev/atmega328p/avr5/crtatmega328p.o
 .debug_info    0x000005f4     0x72ca RoboClaw.o
 .debug_info    0x000078be      0x5bd Sketch.o
 .debug_info    0x00007e7b     0x1f64 C:\Users\booth\Documents\Atmel Studio\7.0\ArduinoSketch4\ArduinoSketch4\ArduinoCore\Debug\libArduinoCore.a(HardwareSerial.o)
 .debug_info    0x00009ddf      0x237 C:\Users\booth\Documents\Atmel Studio\7.0\ArduinoSketch4\ArduinoSketch4\ArduinoCore\Debug\libArduinoCore.a(main.o)
 .debug_info    0x0000a016     0x28ff C:\Users\booth\Documents\Atmel Studio\7.0\ArduinoSketch4\ArduinoSketch4\ArduinoCore\Debug\libArduinoCore.a(Print.o)
 .debug_info    0x0000c915      0x2cb C:\Users\booth\Documents\Atmel Studio\7.0\ArduinoSketch4\ArduinoSketch4\ArduinoCore\Debug\libArduinoCore.a(wiring.o)
 .debug_info    0x0000cbe0      0x5fe C:\Users\booth\Documents\Atmel Studio\7.0\ArduinoSketch4\ArduinoSketch4\ArduinoCore\Debug\libArduinoCore.a(wiring_digital.o)
 .debug_info    0x0000d1de     0x28f2 C:\Users\booth\Documents\Atmel Studio\7.0\ArduinoSketch4\ArduinoSketch4\ArduinoCore\Debug\libArduinoCore.a(SoftwareSerial.o)
 .debug_info    0x0000fad0       0x3e C:\Users\booth\Documents\Atmel Studio\7.0\ArduinoSketch4\ArduinoSketch4\ArduinoCore\Debug\libArduinoCore.a(hooks.o)

.debug_abbrev   0x00000000     0x2098
 *(.debug_abbrev)
 .debug_abbrev  0x00000000      0x5a2 C:/Program Files (x86)/Atmel/Studio/7.0/Packs/atmel/ATmega_DFP/1.2.209/gcc/dev/atmega328p/avr5/crtatmega328p.o
 .debug_abbrev  0x000005a2      0x5dc RoboClaw.o
 .debug_abbrev  0x00000b7e      0x1e6 Sketch.o
 .debug_abbrev  0x00000d64      0x4b7 C:\Users\booth\Documents\Atmel Studio\7.0\ArduinoSketch4\ArduinoSketch4\ArduinoCore\Debug\libArduinoCore.a(HardwareSerial.o)
 .debug_abbrev  0x0000121b      0x12d C:\Users\booth\Documents\Atmel Studio\7.0\ArduinoSketch4\ArduinoSketch4\ArduinoCore\Debug\libArduinoCore.a(main.o)
 .debug_abbrev  0x00001348      0x47a C:\Users\booth\Documents\Atmel Studio\7.0\ArduinoSketch4\ArduinoSketch4\ArduinoCore\Debug\libArduinoCore.a(Print.o)
 .debug_abbrev  0x000017c2      0x146 C:\Users\booth\Documents\Atmel Studio\7.0\ArduinoSketch4\ArduinoSketch4\ArduinoCore\Debug\libArduinoCore.a(wiring.o)
 .debug_abbrev  0x00001908      0x15b C:\Users\booth\Documents\Atmel Studio\7.0\ArduinoSketch4\ArduinoSketch4\ArduinoCore\Debug\libArduinoCore.a(wiring_digital.o)
 .debug_abbrev  0x00001a63      0x60b C:\Users\booth\Documents\Atmel Studio\7.0\ArduinoSketch4\ArduinoSketch4\ArduinoCore\Debug\libArduinoCore.a(SoftwareSerial.o)
 .debug_abbrev  0x0000206e       0x2a C:\Users\booth\Documents\Atmel Studio\7.0\ArduinoSketch4\ArduinoSketch4\ArduinoCore\Debug\libArduinoCore.a(hooks.o)

.debug_line     0x00000000     0x353b
 *(.debug_line .debug_line.* .debug_line_end)
 .debug_line    0x00000000      0x133 C:/Program Files (x86)/Atmel/Studio/7.0/Packs/atmel/ATmega_DFP/1.2.209/gcc/dev/atmega328p/avr5/crtatmega328p.o
 .debug_line    0x00000133     0x17cb RoboClaw.o
 .debug_line    0x000018fe      0x292 Sketch.o
 .debug_line    0x00001b90      0x4c4 C:\Users\booth\Documents\Atmel Studio\7.0\ArduinoSketch4\ArduinoSketch4\ArduinoCore\Debug\libArduinoCore.a(HardwareSerial.o)
 .debug_line    0x00002054      0x165 C:\Users\booth\Documents\Atmel Studio\7.0\ArduinoSketch4\ArduinoSketch4\ArduinoCore\Debug\libArduinoCore.a(main.o)
 .debug_line    0x000021b9      0x685 C:\Users\booth\Documents\Atmel Studio\7.0\ArduinoSketch4\ArduinoSketch4\ArduinoCore\Debug\libArduinoCore.a(Print.o)
 .debug_line    0x0000283e      0x299 C:\Users\booth\Documents\Atmel Studio\7.0\ArduinoSketch4\ArduinoSketch4\ArduinoCore\Debug\libArduinoCore.a(wiring.o)
 .debug_line    0x00002ad7      0x252 C:\Users\booth\Documents\Atmel Studio\7.0\ArduinoSketch4\ArduinoSketch4\ArduinoCore\Debug\libArduinoCore.a(wiring_digital.o)
 .debug_line    0x00002d29      0x7d1 C:\Users\booth\Documents\Atmel Studio\7.0\ArduinoSketch4\ArduinoSketch4\ArduinoCore\Debug\libArduinoCore.a(SoftwareSerial.o)
 .debug_line    0x000034fa       0x41 C:\Users\booth\Documents\Atmel Studio\7.0\ArduinoSketch4\ArduinoSketch4\ArduinoCore\Debug\libArduinoCore.a(hooks.o)

.debug_frame    0x00000000     0x241c
 *(.debug_frame)
 .debug_frame   0x00000000     0x1b74 RoboClaw.o
 .debug_frame   0x00001b74       0x60 Sketch.o
 .debug_frame   0x00001bd4      0x110 C:\Users\booth\Documents\Atmel Studio\7.0\ArduinoSketch4\ArduinoSketch4\ArduinoCore\Debug\libArduinoCore.a(HardwareSerial.o)
 .debug_frame   0x00001ce4       0x54 C:\Users\booth\Documents\Atmel Studio\7.0\ArduinoSketch4\ArduinoSketch4\ArduinoCore\Debug\libArduinoCore.a(main.o)
 .debug_frame   0x00001d38      0x3ac C:\Users\booth\Documents\Atmel Studio\7.0\ArduinoSketch4\ArduinoSketch4\ArduinoCore\Debug\libArduinoCore.a(Print.o)
 .debug_frame   0x000020e4       0xc4 C:\Users\booth\Documents\Atmel Studio\7.0\ArduinoSketch4\ArduinoSketch4\ArduinoCore\Debug\libArduinoCore.a(wiring.o)
 .debug_frame   0x000021a8       0x7c C:\Users\booth\Documents\Atmel Studio\7.0\ArduinoSketch4\ArduinoSketch4\ArduinoCore\Debug\libArduinoCore.a(wiring_digital.o)
 .debug_frame   0x00002224      0x1d4 C:\Users\booth\Documents\Atmel Studio\7.0\ArduinoSketch4\ArduinoSketch4\ArduinoCore\Debug\libArduinoCore.a(SoftwareSerial.o)
 .debug_frame   0x000023f8       0x24 C:\Users\booth\Documents\Atmel Studio\7.0\ArduinoSketch4\ArduinoSketch4\ArduinoCore\Debug\libArduinoCore.a(hooks.o)

.debug_str      0x00000000     0x3fca
 *(.debug_str)
 .debug_str     0x00000000      0x208 C:/Program Files (x86)/Atmel/Studio/7.0/Packs/atmel/ATmega_DFP/1.2.209/gcc/dev/atmega328p/avr5/crtatmega328p.o
 .debug_str     0x00000208     0x2d7b RoboClaw.o
                               0x2ed9 (size before relaxing)
 .debug_str     0x00002f83       0xbf Sketch.o
                                0x3d9 (size before relaxing)
 .debug_str     0x00003042      0x406 C:\Users\booth\Documents\Atmel Studio\7.0\ArduinoSketch4\ArduinoSketch4\ArduinoCore\Debug\libArduinoCore.a(HardwareSerial.o)
                               0x161a (size before relaxing)
 .debug_str     0x00003448       0x37 C:\Users\booth\Documents\Atmel Studio\7.0\ArduinoSketch4\ArduinoSketch4\ArduinoCore\Debug\libArduinoCore.a(main.o)
                                0x2b9 (size before relaxing)
 .debug_str     0x0000347f      0x3f1 C:\Users\booth\Documents\Atmel Studio\7.0\ArduinoSketch4\ArduinoSketch4\ArduinoCore\Debug\libArduinoCore.a(Print.o)
                               0x1247 (size before relaxing)
 .debug_str     0x00003870      0x146 C:\Users\booth\Documents\Atmel Studio\7.0\ArduinoSketch4\ArduinoSketch4\ArduinoCore\Debug\libArduinoCore.a(wiring.o)
                                0x24f (size before relaxing)
 .debug_str     0x000039b6       0xc2 C:\Users\booth\Documents\Atmel Studio\7.0\ArduinoSketch4\ArduinoSketch4\ArduinoCore\Debug\libArduinoCore.a(wiring_digital.o)
                                0x2b4 (size before relaxing)
 .debug_str     0x00003a78      0x536 C:\Users\booth\Documents\Atmel Studio\7.0\ArduinoSketch4\ArduinoSketch4\ArduinoCore\Debug\libArduinoCore.a(SoftwareSerial.o)
                               0x1930 (size before relaxing)
 .debug_str     0x00003fae       0x1c C:\Users\booth\Documents\Atmel Studio\7.0\ArduinoSketch4\ArduinoSketch4\ArduinoCore\Debug\libArduinoCore.a(hooks.o)
                                0x144 (size before relaxing)

.debug_loc      0x00000000     0xcef7
 *(.debug_loc)
 .debug_loc     0x00000000     0x9846 RoboClaw.o
 .debug_loc     0x00009846       0x2f Sketch.o
 .debug_loc     0x00009875      0x4dc C:\Users\booth\Documents\Atmel Studio\7.0\ArduinoSketch4\ArduinoSketch4\ArduinoCore\Debug\libArduinoCore.a(HardwareSerial.o)
 .debug_loc     0x00009d51     0x1c87 C:\Users\booth\Documents\Atmel Studio\7.0\ArduinoSketch4\ArduinoSketch4\ArduinoCore\Debug\libArduinoCore.a(Print.o)
 .debug_loc     0x0000b9d8      0x28d C:\Users\booth\Documents\Atmel Studio\7.0\ArduinoSketch4\ArduinoSketch4\ArduinoCore\Debug\libArduinoCore.a(wiring.o)
 .debug_loc     0x0000bc65      0x5fc C:\Users\booth\Documents\Atmel Studio\7.0\ArduinoSketch4\ArduinoSketch4\ArduinoCore\Debug\libArduinoCore.a(wiring_digital.o)
 .debug_loc     0x0000c261      0xc96 C:\Users\booth\Documents\Atmel Studio\7.0\ArduinoSketch4\ArduinoSketch4\ArduinoCore\Debug\libArduinoCore.a(SoftwareSerial.o)

.debug_macinfo
 *(.debug_macinfo)

.debug_weaknames
 *(.debug_weaknames)

.debug_funcnames
 *(.debug_funcnames)

.debug_typenames
 *(.debug_typenames)

.debug_varnames
 *(.debug_varnames)

.debug_pubtypes
 *(.debug_pubtypes)

.debug_ranges   0x00000000      0x730
 *(.debug_ranges)
 .debug_ranges  0x00000000      0x420 RoboClaw.o
 .debug_ranges  0x00000420       0x28 Sketch.o
 .debug_ranges  0x00000448       0x58 C:\Users\booth\Documents\Atmel Studio\7.0\ArduinoSketch4\ArduinoSketch4\ArduinoCore\Debug\libArduinoCore.a(HardwareSerial.o)
 .debug_ranges  0x000004a0       0x20 C:\Users\booth\Documents\Atmel Studio\7.0\ArduinoSketch4\ArduinoSketch4\ArduinoCore\Debug\libArduinoCore.a(main.o)
 .debug_ranges  0x000004c0      0x120 C:\Users\booth\Documents\Atmel Studio\7.0\ArduinoSketch4\ArduinoSketch4\ArduinoCore\Debug\libArduinoCore.a(Print.o)
 .debug_ranges  0x000005e0       0x38 C:\Users\booth\Documents\Atmel Studio\7.0\ArduinoSketch4\ArduinoSketch4\ArduinoCore\Debug\libArduinoCore.a(wiring.o)
 .debug_ranges  0x00000618       0x28 C:\Users\booth\Documents\Atmel Studio\7.0\ArduinoSketch4\ArduinoSketch4\ArduinoCore\Debug\libArduinoCore.a(wiring_digital.o)
 .debug_ranges  0x00000640       0xe0 C:\Users\booth\Documents\Atmel Studio\7.0\ArduinoSketch4\ArduinoSketch4\ArduinoCore\Debug\libArduinoCore.a(SoftwareSerial.o)
 .debug_ranges  0x00000720       0x10 C:\Users\booth\Documents\Atmel Studio\7.0\ArduinoSketch4\ArduinoSketch4\ArduinoCore\Debug\libArduinoCore.a(hooks.o)

.debug_macro
 *(.debug_macro)
OUTPUT(PacketSerialSimplePWM.elf elf32-avr)
LOAD linker stubs
